ARM Linker, 5.02 [Build 28] [MDK-ARM Lite]

==============================================================================

Section Cross References

    startup_lpc17xx.o(STACK) refers (Special) to heapauxi.o(.text) for __use_two_region_memory
    startup_lpc17xx.o(HEAP) refers (Special) to heapauxi.o(.text) for __use_two_region_memory
    startup_lpc17xx.o(RESET) refers (Special) to heapauxi.o(.text) for __use_two_region_memory
    startup_lpc17xx.o(RESET) refers to startup_lpc17xx.o(STACK) for __initial_sp
    startup_lpc17xx.o(RESET) refers to startup_lpc17xx.o(.text) for Reset_Handler
    startup_lpc17xx.o(RESET) refers to hal.o(.emb_text) for SVC_Handler
    startup_lpc17xx.o(.text) refers (Special) to heapauxi.o(.text) for __use_two_region_memory
    startup_lpc17xx.o(.text) refers to __main.o(!!!main) for __main
    startup_lpc17xx.o(.text) refers to startup_lpc17xx.o(HEAP) for Heap_Mem
    startup_lpc17xx.o(.text) refers to startup_lpc17xx.o(STACK) for Stack_Mem
    system_lpc17xx.o(.text) refers to system_lpc17xx.o(.data) for SystemFrequency
    printf.o(.text) refers to printf.o(.data) for stdout_putf
    main_svc.o(.text) refers to system_lpc17xx.o(.text) for SystemInit
    main_svc.o(.text) refers to k_rtx_init.o(.text) for k_rtx_init
    k_rtx_init.o(.text) refers to uart_polling.o(.text) for uart_init
    k_rtx_init.o(.text) refers to k_memory.o(.text) for memory_init
    k_rtx_init.o(.text) refers to k_process.o(.text) for process_init
    k_rtx_init.o(.text) refers to k_message.o(.text) for mailboxes_init
    k_memory.o(.text) refers to k_memory_queue.o(.text) for init_mq
    k_memory.o(.text) refers to k_process.o(.text) for k_release_blocked_processor
    k_memory.o(.text) refers to k_process_priority_queue.o(.text) for pcb_waiting_memory_queue_is_empty
    k_memory.o(.text) refers to k_process.o(.data) for gp_pcbs
    k_memory.o(.text) refers to k_memory.o(.data) for gp_stack
    k_process.o(.text) refers to usr_proc.o(.text) for set_test_procs
    k_process.o(.text) refers to k_procs.o(.text) for set_kernel_procs
    k_process.o(.text) refers to k_memory.o(.text) for alloc_stack
    k_process.o(.text) refers to k_process_priority_queue.o(.text) for init_pcb_queue
    k_process.o(.text) refers to hal.o(.emb_text) for __rte
    k_process.o(.text) refers to usr_proc.o(.bss) for g_test_procs
    k_process.o(.text) refers to k_process.o(.bss) for g_proc_table
    k_process.o(.text) refers to k_procs.o(.bss) for g_kernel_procs
    k_process.o(.text) refers to k_process.o(.data) for gp_pcbs
    k_process_priority_queue.o(.text) refers to k_process_priority_queue.o(.bss) for gp_pcb_queue
    k_procs.o(.text) refers to k_message.o(.text) for k_receive_message
    k_procs.o(.text) refers to k_timeout_queue.o(.text) for insert_tq_msg
    k_procs.o(.text) refers to k_process.o(.text) for k_release_processor
    k_procs.o(.text) refers to k_procs.o(.bss) for g_kernel_procs
    k_procs.o(.text) refers to k_message.o(.data) for timeout_queue
    k_message.o(.text) refers to k_mailbox.o(.text) for init_mailbox
    k_message.o(.text) refers to k_timeout_queue.o(.text) for init_timeout_queue
    k_message.o(.text) refers to k_process_priority_queue.o(.text) for push_pcb_queue
    k_message.o(.text) refers to k_process.o(.text) for k_release_processor
    k_message.o(.text) refers to k_message.o(.bss) for mailboxes
    k_message.o(.text) refers to k_message.o(.data) for timeout_queue
    k_message.o(.text) refers to k_process.o(.data) for gp_current_process
    k_message.o(.text) refers to k_process.o(.bss) for gp_pcb_message_waiting_queue
    usr_proc.o(.text) refers to _printf_percent.o(.ARM.Collect$$_printf_percent$$00000000) for _printf_percent
    usr_proc.o(.text) refers to _printf_d.o(.ARM.Collect$$_printf_percent$$00000009) for _printf_d
    usr_proc.o(.text) refers to _printf_dec.o(.text) for _printf_int_dec
    usr_proc.o(.text) refers to uart_polling.o(.text) for uart_put_string
    usr_proc.o(.text) refers to noretval__2sprintf.o(.text) for __2sprintf
    usr_proc.o(.text) refers to noretval__2printf.o(.text) for __2printf
    usr_proc.o(.text) refers to usr_proc.o(.data) for lastRunProc
    usr_proc.o(.text) refers to k_process.o(.text) for k_release_processor
    usr_proc.o(.text) refers to k_memory.o(.text) for k_request_memory_block
    usr_proc.o(.text) refers to usr_proc.o(.bss) for str
    usr_proc.o(.text) refers to k_message.o(.text) for k_receive_message
    __2printf.o(.text) refers to _printf_char_file.o(.text) for _printf_char_file
    __2printf.o(.text) refers to stdio_streams.o(.bss) for __stdout
    __2sprintf.o(.text) refers to _printf_char_common.o(.text) for _printf_char_common
    __2sprintf.o(.text) refers to _sputc.o(.text) for _sputc
    noretval__2printf.o(.text) refers to _printf_char_file.o(.text) for _printf_char_file
    noretval__2printf.o(.text) refers to stdio_streams.o(.bss) for __stdout
[...]
    libinit.o(.ARM.Collect$$libinit$$00000000) refers (Special) to libinit2.o(.ARM.Collect$$libinit$$00000013) for __rt_lib_init_lc_monetary_1
    libinit.o(.ARM.Collect$$libinit$$00000000) refers (Special) to libinit2.o(.ARM.Collect$$libinit$$00000015) for __rt_lib_init_lc_numeric_1
    libinit.o(.ARM.Collect$$libinit$$00000000) refers (Special) to libinit2.o(.ARM.Collect$$libinit$$00000017) for __rt_lib_init_lc_time_1
    libinit.o(.ARM.Collect$$libinit$$00000000) refers (Special) to libinit2.o(.ARM.Collect$$libinit$$0000000C) for __rt_lib_init_rand_1
    libinit.o(.ARM.Collect$$libinit$$00000000) refers (Special) to libinit2.o(.ARM.Collect$$libinit$$00000031) for __rt_lib_init_return
    libinit.o(.ARM.Collect$$libinit$$00000000) refers (Special) to libinit2.o(.ARM.Collect$$libinit$$0000001B) for __rt_lib_init_signal_1
    libinit.o(.ARM.Collect$$libinit$$00000000) refers (Special) to libinit2.o(.ARM.Collect$$libinit$$00000023) for __rt_lib_init_stdio_1
    libinit.o(.ARM.Collect$$libinit$$00000000) refers (Special) to libinit2.o(.ARM.Collect$$libinit$$0000000A) for __rt_lib_init_user_alloc_1
    libinit2.o(.ARM.Collect$$libinit$$00000003) refers (Weak) to init_alloc.o(.text) for _init_alloc
    libinit2.o(.ARM.Collect$$libinit$$0000000E) refers to libinit2.o(.ARM.Collect$$libinit$$0000000D) for .ARM.Collect$$libinit$$0000000D
    libinit2.o(.ARM.Collect$$libinit$$00000010) refers to libinit2.o(.ARM.Collect$$libinit$$0000000D) for .ARM.Collect$$libinit$$0000000D
    libinit2.o(.ARM.Collect$$libinit$$00000012) refers to libinit2.o(.ARM.Collect$$libinit$$0000000D) for .ARM.Collect$$libinit$$0000000D
    libinit2.o(.ARM.Collect$$libinit$$00000014) refers to libinit2.o(.ARM.Collect$$libinit$$0000000D) for .ARM.Collect$$libinit$$0000000D
    libinit2.o(.ARM.Collect$$libinit$$00000016) refers to libinit2.o(.ARM.Collect$$libinit$$0000000D) for .ARM.Collect$$libinit$$0000000D
    libinit2.o(.ARM.Collect$$libinit$$00000022) refers (Weak) to initio.o(.text) for _initio
    libinit2.o(.ARM.Collect$$libinit$$00000024) refers to argv_veneer.o(.emb_text) for __ARM_argv_veneer
    libinit2.o(.ARM.Collect$$libinit$$00000025) refers to argv_veneer.o(.emb_text) for __ARM_argv_veneer
    libshutdown2.o(.ARM.Collect$$libshutdown$$00000002) refers (Weak) to initio.o(.text) for _terminateio
    libshutdown2.o(.ARM.Collect$$libshutdown$$0000000C) refers (Weak) to term_alloc.o(.text) for _terminate_alloc
    flsbuf_fwide.o(.text) refers to flsbuf.o(.text) for __flsbuf
    libspace.o(.text) refers to libspace.o(.bss) for __libspace_start
    rtexit.o(.ARM.Collect$$rtexit$$00000000) refers (Special) to rtexit2.o(.ARM.Collect$$rtexit$$00000004) for __rt_exit_exit
    rtexit.o(.ARM.Collect$$rtexit$$00000000) refers (Special) to rtexit2.o(.ARM.Collect$$rtexit$$00000003) for __rt_exit_ls
    rtexit.o(.ARM.Collect$$rtexit$$00000000) refers (Special) to rtexit2.o(.ARM.Collect$$rtexit$$00000002) for __rt_exit_prels_1
    rtexit.o(.ARM.exidx) refers (Special) to rtexit2.o(.ARM.Collect$$rtexit$$00000004) for __rt_exit_exit
    rtexit.o(.ARM.exidx) refers (Special) to rtexit2.o(.ARM.Collect$$rtexit$$00000003) for __rt_exit_ls
    rtexit.o(.ARM.exidx) refers (Special) to rtexit2.o(.ARM.Collect$$rtexit$$00000002) for __rt_exit_prels_1
    rtexit.o(.ARM.exidx) refers to rtexit.o(.ARM.Collect$$rtexit$$00000000) for .ARM.Collect$$rtexit$$00000000
    rt_raise.o(.text) refers to __raise.o(.text) for __raise
    rt_raise.o(.text) refers to sys_exit.o(.text) for _sys_exit
    rt_heap_descriptor.o(.text) refers to rt_heap_descriptor.o(.bss) for __rt_heap_descriptor_data
    rt_heap_descriptor_intlibspace.o(.text) refers to libspace.o(.bss) for __libspace_start
    init_alloc.o(.text) refers (Special) to hguard.o(.text) for __heap$guard
    init_alloc.o(.text) refers (Special) to libinit2.o(.ARM.Collect$$libinit$$00000003) for __rt_lib_init_heap_2
    init_alloc.o(.text) refers (Special) to maybetermalloc1.o(.emb_text) for _maybe_terminate_alloc
    init_alloc.o(.text) refers to h1_extend.o(.text) for __Heap_ProvideMemory
    init_alloc.o(.text) refers to defsig_rtmem_outer.o(.text) for __rt_SIGRTMEM
    init_alloc.o(.text) refers to rt_heap_descriptor_intlibspace.o(.text) for __rt_heap_descriptor
    init_alloc.o(.text) refers to h1_init.o(.text) for __Heap_Initialize
    malloc.o(.text) refers (Special) to hguard.o(.text) for __heap$guard
    malloc.o(.text) refers (Special) to init_alloc.o(.text) for _init_alloc
    malloc.o(.text) refers to rt_heap_descriptor_intlibspace.o(.text) for __rt_heap_descriptor
    malloc.o(.text) refers to heapstubs.o(.text) for __Heap_Alloc
    h1_alloc.o(.text) refers (Special) to h1_init.o(.text) for __Heap_Initialize
    h1_alloc.o(.text) refers to rt_heap_descriptor_intlibspace.o(.text) for __rt_heap_descriptor
    h1_alloc.o(.text) refers to init_alloc.o(.text) for __Heap_Full
    h1_alloc_mt.o(.text) refers (Special) to h1_init.o(.text) for __Heap_Initialize
    h1_alloc_mt.o(.text) refers to init_alloc.o(.text) for __Heap_Full
    h1_alloc_mt.o(.text) refers to rt_heap_descriptor_intlibspace.o(.text) for __rt_heap_descriptor
    _printf_char_file_locked.o(.text) refers to _printf_char_common.o(.text) for _printf_char_common
    _printf_char_file_locked.o(.text) refers to fputc.o(i._fputc$unlocked) for _fputc$unlocked
    fseek.o(.text) refers to sys_io.o(.text) for _sys_istty
    fseek.o(.text) refers to ftell.o(.text) for _ftell_internal
    fseek.o(.text) refers to stdio.o(.text) for _seterr
    stdio.o(.text) refers to sys_io.o(.text) for _sys_seek
    fwritefast.o(.text) refers to stdio.o(.text) for _writebuf
    fwritefast.o(.text) refers to flsbuf.o(.text) for __flsbuf_byte
    fwritefast.o(.text) refers to rt_memcpy_v6.o(.text) for __aeabi_memcpy
    fwritefast_locked.o(.text) refers to stdio.o(.text) for _writebuf
    fwritefast_locked.o(.text) refers to flsbuf.o(.text) for __flsbuf_byte
    fwritefast_locked.o(.text) refers to rt_memcpy_v6.o(.text) for __aeabi_memcpy
    defsig_exit.o(.text) refers to sys_exit.o(.text) for _sys_exit
    defsig_rtred_inner.o(.text) refers to defsig_general.o(.text) for __default_signal_display
    assert_stdio.o(.text) refers to fputs.o(.text) for fputs
    assert_stdio.o(.text) refers to fflush.o(.text) for fflush
    assert_stdio.o(.text) refers to stdio_streams.o(.bss) for __stderr
    argv_veneer.o(.emb_text) refers to no_argv.o(.text) for __ARM_get_argv
    sys_exit.o(.text) refers (Special) to use_no_semi.o(.text) for __I$use$semihosting
    sys_exit.o(.text) refers (Special) to indicate_semi.o(.text) for __semihosting_library_function
    rtexit2.o(.ARM.Collect$$rtexit$$00000003) refers to libshutdown.o(.ARM.Collect$$libshutdown$$00000000) for __rt_lib_shutdown
    rtexit2.o(.ARM.Collect$$rtexit$$00000004) refers to sys_exit.o(.text) for _sys_exit
    rtexit2.o(.ARM.exidx) refers to rtexit2.o(.ARM.Collect$$rtexit$$00000001) for .ARM.Collect$$rtexit$$00000001
    rtexit2.o(.ARM.exidx) refers to rtexit2.o(.ARM.Collect$$rtexit$$00000003) for .ARM.Collect$$rtexit$$00000003
    rtexit2.o(.ARM.exidx) refers to rtexit2.o(.ARM.Collect$$rtexit$$00000004) for .ARM.Collect$$rtexit$$00000004
    maybetermalloc2.o(.emb_text) refers (Special) to term_alloc.o(.text) for _terminate_alloc
    h1_extend.o(.text) refers to h1_free.o(.text) for free
    h1_init_mt.o(.text) refers to mutex_dummy.o(.text) for _mutex_initialize
    h1_extend_mt.o(.text) refers to h1_free_mt.o(.text) for _free_internal
    fflush.o(.text) refers to stdio.o(.text) for _fflush
    fflush.o(.text) refers to fseek.o(.text) for _fseek
    fflush.o(.text) refers to stdio_streams.o(.bss) for __stdin
    fputs.o(.text) refers to fputc.o(i.fputc) for fputc
    ftell.o(.text) refers to rt_errno_addr_intlibspace.o(.text) for __aeabi_errno_addr
    fflush_locked.o(.text) refers to stdio.o(.text) for _fflush
    fflush_locked.o(.text) refers to fseek.o(.text) for _fseek
    fflush_locked.o(.text) refers to fflush.o(.text) for _do_fflush
    fflush_locked.o(.text) refers to streamlock.o(.data) for _stream_list_lock
    fflush_locked.o(.text) refers to stdio_streams.o(.bss) for __stdin
    __raise.o(.text) refers to defsig.o(CL$$defsig) for __default_signal_handler
    defsig_general.o(.text) refers to sys_wrch.o(.text) for _ttywrch
    defsig_rtmem_outer.o(.text) refers to defsig_rtmem_inner.o(.text) for __rt_SIGRTMEM_inner
    defsig_rtmem_outer.o(.text) refers to defsig_exit.o(.text) for __sig_exit
    defsig_rtmem_formal.o(.text) refers to rt_raise.o(.text) for __rt_raise
    rt_memcpy_v6.o(.text) refers to rt_memcpy_w.o(.text) for __aeabi_memcpy4
    heapauxa.o(.text) refers to heapauxa.o(.data) for .data
    _get_argv.o(.text) refers (Special) to hrguard.o(.text) for __heap_region$guard
    _get_argv.o(.text) refers to h1_alloc.o(.text) for malloc
    _get_argv.o(.text) refers to defsig_rtmem_outer.o(.text) for __rt_SIGRTMEM
    _get_argv.o(.text) refers to sys_command.o(.text) for _sys_command_string
    _get_argv_nomalloc.o(.text) refers (Special) to hrguard.o(.text) for __heap_region$guard
    _get_argv_nomalloc.o(.text) refers to defsig_rtmem_outer.o(.text) for __rt_SIGRTMEM
    _get_argv_nomalloc.o(.text) refers to sys_command.o(.text) for _sys_command_string
    sys_wrch.o(.text) refers (Special) to use_no_semi.o(.text) for __I$use$semihosting
    sys_wrch.o(.text) refers (Special) to indicate_semi.o(.text) for __semihosting_library_function
    sys_command.o(.text) refers (Special) to use_no_semi.o(.text) for __I$use$semihosting
    sys_command.o(.text) refers (Special) to indicate_semi.o(.text) for __semihosting_library_function
    rt_errno_addr.o(.text) refers to rt_errno_addr.o(.bss) for __aeabi_errno_addr_data
    rt_errno_addr_intlibspace.o(.text) refers to libspace.o(.bss) for __libspace_start
    term_alloc.o(.text) refers (Special) to libshutdown2.o(.ARM.Collect$$libshutdown$$0000000D) for __rt_lib_shutdown_heap_2
    term_alloc.o(.text) refers to rt_heap_descriptor_intlibspace.o(.text) for __rt_heap_descriptor
    term_alloc.o(.text) refers to h1_final.o(.text) for __Heap_Finalize
    defsig_rtmem_inner.o(.text) refers to defsig_general.o(.text) for __default_signal_display
    defsig.o(CL$$defsig) refers to defsig_rtred_inner.o(.text) for __rt_SIGRTRED_inner
    defsig.o(CL$$defsig) refers to defsig_rtmem_inner.o(.text) for __rt_SIGRTMEM_inner
    libshutdown.o(.ARM.Collect$$libshutdown$$00000000) refers (Special) to libshutdown2.o(.ARM.Collect$$libshutdown$$00000006) for __rt_lib_shutdown_fp_trap_1
    libshutdown.o(.ARM.Collect$$libshutdown$$00000000) refers (Special) to libshutdown2.o(.ARM.Collect$$libshutdown$$0000000E) for __rt_lib_shutdown_heap_1
    libshutdown.o(.ARM.Collect$$libshutdown$$00000000) refers (Special) to libshutdown2.o(.ARM.Collect$$libshutdown$$0000000F) for __rt_lib_shutdown_return
    libshutdown.o(.ARM.Collect$$libshutdown$$00000000) refers (Special) to libshutdown2.o(.ARM.Collect$$libshutdown$$00000009) for __rt_lib_shutdown_signal_1
    libshutdown.o(.ARM.Collect$$libshutdown$$00000000) refers (Special) to libshutdown2.o(.ARM.Collect$$libshutdown$$00000003) for __rt_lib_shutdown_stdio_1
    libshutdown.o(.ARM.Collect$$libshutdown$$00000000) refers (Special) to libshutdown2.o(.ARM.Collect$$libshutdown$$0000000B) for __rt_lib_shutdown_user_alloc_1
    defsig_abrt_inner.o(.text) refers to defsig_general.o(.text) for __default_signal_display
    defsig_fpe_inner.o(.text) refers to defsig_general.o(.text) for __default_signal_display
    defsig_stak_inner.o(.text) refers to defsig_general.o(.text) for __default_signal_display
    defsig_pvfn_inner.o(.text) refers to defsig_general.o(.text) for __default_signal_display
    defsig_cppl_inner.o(.text) refers to defsig_general.o(.text) for __default_signal_display
    defsig_segv_inner.o(.text) refers to defsig_general.o(.text) for __default_signal_display
    defsig_other.o(.text) refers to defsig_general.o(.text) for __default_signal_display


==============================================================================

Removing Unused input sections from the image.

    Removing system_lpc17xx.o(.rev16_text), (4 bytes).
    Removing system_lpc17xx.o(.revsh_text), (4 bytes).
    Removing uart_polling.o(.rev16_text), (4 bytes).
    Removing uart_polling.o(.revsh_text), (4 bytes).
    Removing printf.o(.text), (708 bytes).
    Removing printf.o(.data), (8 bytes).
    Removing main_svc.o(.rev16_text), (4 bytes).
    Removing main_svc.o(.revsh_text), (4 bytes).
    Removing k_process.o(.rev16_text), (4 bytes).
    Removing k_process.o(.revsh_text), (4 bytes).

10 unused section(s) (total 748 bytes) removed from the image.

==============================================================================

Image Symbol Table

    Local Symbols

    Symbol Name                              Value     Ov Type        Size  Object(Section)

    RESET                                    0x00000000   Section      204  startup_lpc17xx.o(RESET)
    ../clib/angel/boardlib.s                 0x00000000   Number         0  boardinit3.o ABSOLUTE
    ../clib/angel/boardlib.s                 0x00000000   Number         0  boardshut.o ABSOLUTE
    ../clib/angel/boardlib.s                 0x00000000   Number         0  boardinit1.o ABSOLUTE
    ../clib/angel/boardlib.s                 0x00000000   Number         0  boardinit2.o ABSOLUTE
    ../clib/angel/handlers.s                 0x00000000   Number         0  __scatter_zi.o ABSOLUTE
    ../clib/angel/handlers.s                 0x00000000   Number         0  __scatter_copy.o ABSOLUTE
    ../clib/angel/kernel.s                   0x00000000   Number         0  rtentry4.o ABSOLUTE
    ../clib/angel/kernel.s                   0x00000000   Number         0  rtexit.o ABSOLUTE
    ../clib/angel/kernel.s                   0x00000000   Number         0  rtexit2.o ABSOLUTE
    ../clib/angel/kernel.s                   0x00000000   Number         0  rtentry.o ABSOLUTE
    ../clib/angel/kernel.s                   0x00000000   Number         0  rtentry2.o ABSOLUTE
    ../clib/angel/rt.s                       0x00000000   Number         0  rt_heap_descriptor_intlibspace.o ABSOLUTE
    ../clib/angel/rt.s                       0x00000000   Number         0  rt_heap_descriptor.o ABSOLUTE
    ../clib/angel/rt.s                       0x00000000   Number         0  rt_raise.o ABSOLUTE
    ../clib/angel/rt.s                       0x00000000   Number         0  rt_errno_addr_intlibspace.o ABSOLUTE
    ../clib/angel/rt.s                       0x00000000   Number         0  rt_errno_addr.o ABSOLUTE
    ../clib/angel/scatter.s                  0x00000000   Number         0  __scatter.o ABSOLUTE
    ../clib/angel/startup.s                  0x00000000   Number         0  __main.o ABSOLUTE
    ../clib/angel/sys.s                      0x00000000   Number         0  indicate_semi.o ABSOLUTE
    ../clib/angel/sys.s                      0x00000000   Number         0  sys_stackheap_outer.o ABSOLUTE
    ../clib/angel/sys.s                      0x00000000   Number         0  mutex_dummy.o ABSOLUTE
    ../clib/angel/sys.s                      0x00000000   Number         0  libspace.o ABSOLUTE
    ../clib/angel/sys.s                      0x00000000   Number         0  use_no_semi.o ABSOLUTE
    ../clib/angel/sysapp.c                   0x00000000   Number         0  sys_exit.o ABSOLUTE
    ../clib/angel/sysapp.c                   0x00000000   Number         0  sys_command.o ABSOLUTE
    ../clib/angel/sysapp.c                   0x00000000   Number         0  sys_wrch.o ABSOLUTE
    ../clib/angel/sysapp.c                   0x00000000   Number         0  sys_io.o ABSOLUTE
    ../clib/armsys.c                         0x00000000   Number         0  no_argv.o ABSOLUTE
    ../clib/armsys.c                         0x00000000   Number         0  argv_veneer.o ABSOLUTE
    ../clib/armsys.c                         0x00000000   Number         0  argv_veneer.o ABSOLUTE
    ../clib/armsys.c                         0x00000000   Number         0  _get_argv_nomalloc.o ABSOLUTE
    ../clib/armsys.c                         0x00000000   Number         0  _get_argv.o ABSOLUTE
    ../clib/assert.c                         0x00000000   Number         0  assert_stdio.o ABSOLUTE
    ../clib/heap1.c                          0x00000000   Number         0  h1_free_mt.o ABSOLUTE
    ../clib/heap1.c                          0x00000000   Number         0  h1_extend.o ABSOLUTE
    ../clib/heap1.c                          0x00000000   Number         0  h1_final.o ABSOLUTE
    ../clib/heap1.c                          0x00000000   Number         0  h1_alloc.o ABSOLUTE
    ../clib/heap1.c                          0x00000000   Number         0  h1_init_mt.o ABSOLUTE
    ../clib/heap1.c                          0x00000000   Number         0  h1_init.o ABSOLUTE
    ../clib/heap1.c                          0x00000000   Number         0  h1_final_mt.o ABSOLUTE
    ../clib/heap1.c                          0x00000000   Number         0  h1_free.o ABSOLUTE
    ../clib/heap1.c                          0x00000000   Number         0  h1_extend_mt.o ABSOLUTE
    ../clib/heap1.c                          0x00000000   Number         0  h1_alloc_mt.o ABSOLUTE
    ../clib/heap2.c                          0x00000000   Number         0  heap2.o ABSOLUTE
    ../clib/heap2.c                          0x00000000   Number         0  heap2mt.o ABSOLUTE
    ../clib/heap2.c                          0x00000000   Number         0  fdtree.o ABSOLUTE
    ../clib/heapalloc.c                      0x00000000   Number         0  maybetermalloc2.o ABSOLUTE
    ../clib/heapalloc.c                      0x00000000   Number         0  maybetermalloc2.o ABSOLUTE
    ../clib/heapalloc.c                      0x00000000   Number         0  maybetermalloc1.o ABSOLUTE
    ../clib/heapalloc.c                      0x00000000   Number         0  maybetermalloc1.o ABSOLUTE
    ../clib/heapalloc.c                      0x00000000   Number         0  term_alloc.o ABSOLUTE
    ../clib/heapalloc.c                      0x00000000   Number         0  heapstubs.o ABSOLUTE
    ../clib/heapalloc.c                      0x00000000   Number         0  malloc.o ABSOLUTE
    ../clib/heapalloc.c                      0x00000000   Number         0  hrguard.o ABSOLUTE
    ../clib/heapalloc.c                      0x00000000   Number         0  init_alloc.o ABSOLUTE
    ../clib/heapalloc.c                      0x00000000   Number         0  hguard.o ABSOLUTE
    ../clib/heapalloc.c                      0x00000000   Number         0  free.o ABSOLUTE
    ../clib/heapaux.c                        0x00000000   Number         0  heapauxi.o ABSOLUTE
    ../clib/heapaux.c                        0x00000000   Number         0  heapauxa.o ABSOLUTE
    ../clib/libinit.s                        0x00000000   Number         0  libshutdown.o ABSOLUTE
    ../clib/libinit.s                        0x00000000   Number         0  libshutdown2.o ABSOLUTE
    ../clib/libinit.s                        0x00000000   Number         0  libinit2.o ABSOLUTE
    ../clib/libinit.s                        0x00000000   Number         0  libinit.o ABSOLUTE
    ../clib/memcpset.s                       0x00000000   Number         0  rt_memcpy_v6.o ABSOLUTE
    ../clib/memcpset.s                       0x00000000   Number         0  rt_memcpy_w.o ABSOLUTE
    ../clib/memcpset.s                       0x00000000   Number         0  rt_memclr_w.o ABSOLUTE
    ../clib/printf.c                         0x00000000   Number         0  noretval__2printf.o ABSOLUTE
    ../clib/printf.c                         0x00000000   Number         0  __printf_flags_ss_wp.o ABSOLUTE
    ../clib/printf.c                         0x00000000   Number         0  __printf_flags_ss.o ABSOLUTE
    ../clib/printf.c                         0x00000000   Number         0  __printf_flags.o ABSOLUTE
    ../clib/printf.c                         0x00000000   Number         0  __printf_flags_wp.o ABSOLUTE
    ../clib/printf.c                         0x00000000   Number         0  __printf_ss.o ABSOLUTE
    ../clib/printf.c                         0x00000000   Number         0  noretval__2sprintf.o ABSOLUTE
    ../clib/printf.c                         0x00000000   Number         0  __printf.o ABSOLUTE
    ../clib/printf.c                         0x00000000   Number         0  _printf_dec.o ABSOLUTE
    ../clib/printf.c                         0x00000000   Number         0  __printf_nopercent.o ABSOLUTE
    ../clib/printf.c                         0x00000000   Number         0  _printf_char_common.o ABSOLUTE
    ../clib/printf.c                         0x00000000   Number         0  __printf_wp.o ABSOLUTE
    ../clib/printf.c                         0x00000000   Number         0  __printf_ss_wp.o ABSOLUTE
    ../clib/printf.c                         0x00000000   Number         0  _printf_char_file_locked.o ABSOLUTE
    ../clib/printf.c                         0x00000000   Number         0  _sputc.o ABSOLUTE
    ../clib/printf.c                         0x00000000   Number         0  _printf_char_file.o ABSOLUTE
    ../clib/printf.c                         0x00000000   Number         0  _printf_intcommon.o ABSOLUTE
    ../clib/printf.c                         0x00000000   Number         0  __2sprintf.o ABSOLUTE
    ../clib/printf.c                         0x00000000   Number         0  __2printf.o ABSOLUTE
    ../clib/printf_percent.s                 0x00000000   Number         0  _printf_d.o ABSOLUTE
    ../clib/printf_percent.s                 0x00000000   Number         0  _printf_percent.o ABSOLUTE
    ../clib/printf_percent.s                 0x00000000   Number         0  _printf_percent_end.o ABSOLUTE
    ../clib/signal.c                         0x00000000   Number         0  defsig_rtmem_inner.o ABSOLUTE
    ../clib/signal.c                         0x00000000   Number         0  defsig_rtred_inner.o ABSOLUTE
    ../clib/signal.c                         0x00000000   Number         0  defsig_general.o ABSOLUTE
    ../clib/signal.c                         0x00000000   Number         0  defsig_rtmem_outer.o ABSOLUTE
    ../clib/signal.c                         0x00000000   Number         0  __raise.o ABSOLUTE
    ../clib/signal.c                         0x00000000   Number         0  defsig_exit.o ABSOLUTE
    ../clib/signal.c                         0x00000000   Number         0  defsig_rtred_formal.o ABSOLUTE
    ../clib/signal.c                         0x00000000   Number         0  defsig_rtmem_formal.o ABSOLUTE
    ../clib/signal.c                         0x00000000   Number         0  defsig_rtred_outer.o ABSOLUTE
    ../clib/signal.c                         0x00000000   Number         0  defsig_abrt_inner.o ABSOLUTE
    ../clib/signal.c                         0x00000000   Number         0  defsig_fpe_inner.o ABSOLUTE
    ../clib/signal.c                         0x00000000   Number         0  defsig_stak_inner.o ABSOLUTE
    ../clib/signal.c                         0x00000000   Number         0  defsig_pvfn_inner.o ABSOLUTE
    ../clib/signal.c                         0x00000000   Number         0  defsig_cppl_inner.o ABSOLUTE
    ../clib/signal.c                         0x00000000   Number         0  defsig_segv_inner.o ABSOLUTE
    ../clib/signal.c                         0x00000000   Number         0  defsig_other.o ABSOLUTE
    ../clib/signal.s                         0x00000000   Number         0  defsig.o ABSOLUTE
    ../clib/stdio.c                          0x00000000   Number         0  initio.o ABSOLUTE
    ../clib/stdio.c                          0x00000000   Number         0  flsbuf.o ABSOLUTE
    ../clib/stdio.c                          0x00000000   Number         0  fputs_locked.o ABSOLUTE
    ../clib/stdio.c                          0x00000000   Number         0  setvbuf.o ABSOLUTE
    ../clib/stdio.c                          0x00000000   Number         0  stdio_streams.o ABSOLUTE
    ../clib/stdio.c                          0x00000000   Number         0  streamlock.o ABSOLUTE
    ../clib/stdio.c                          0x00000000   Number         0  fopen.o ABSOLUTE
    ../clib/stdio.c                          0x00000000   Number         0  fflush.o ABSOLUTE
    ../clib/stdio.c                          0x00000000   Number         0  fputs.o ABSOLUTE
    ../clib/stdio.c                          0x00000000   Number         0  fflush_locked.o ABSOLUTE
    ../clib/stdio.c                          0x00000000   Number         0  fwritefast.o ABSOLUTE
    ../clib/stdio.c                          0x00000000   Number         0  setvbuf_locked.o ABSOLUTE
    ../clib/stdio.c                          0x00000000   Number         0  fopen_locked.o ABSOLUTE
    ../clib/stdio.c                          0x00000000   Number         0  fclose.o ABSOLUTE
    ../clib/stdio.c                          0x00000000   Number         0  stdio.o ABSOLUTE
    ../clib/stdio.c                          0x00000000   Number         0  fseek.o ABSOLUTE
    ../clib/stdio.c                          0x00000000   Number         0  fwritefast_locked.o ABSOLUTE
    ../clib/stdio.c                          0x00000000   Number         0  fputc.o ABSOLUTE
    ../clib/stdio.c                          0x00000000   Number         0  ferror.o ABSOLUTE
    ../clib/stdio.c                          0x00000000   Number         0  initio_locked.o ABSOLUTE
    ../clib/stdio.c                          0x00000000   Number         0  fputc_locked.o ABSOLUTE
    ../clib/stdio.c                          0x00000000   Number         0  ferror_locked.o ABSOLUTE
    ../clib/stdio.c                          0x00000000   Number         0  ftell.o ABSOLUTE
    ../clib/stdlib.c                         0x00000000   Number         0  exit.o ABSOLUTE
    ../clib/string.c                         0x00000000   Number         0  strlen.o ABSOLUTE
    ../clib/wchar.c                          0x00000000   Number         0  flsbuf_fwide.o ABSOLUTE
    ../fplib/fpinit.s                        0x00000000   Number         0  fpinit.o ABSOLUTE
    dc.s                                     0x00000000   Number         0  dc.o ABSOLUTE
    src\HAL.c                                0x00000000   Number         0  hal.o ABSOLUTE
    src\\HAL.c                               0x00000000   Number         0  hal.o ABSOLUTE
    src\\k_process.c                         0x00000000   Number         0  k_process.o ABSOLUTE
    src\\main_svc.c                          0x00000000   Number         0  main_svc.o ABSOLUTE
    src\\system_LPC17xx.c                    0x00000000   Number         0  system_lpc17xx.o ABSOLUTE
    src\\uart_polling.c                      0x00000000   Number         0  uart_polling.o ABSOLUTE
    src\k_mailbox.c                          0x00000000   Number         0  k_mailbox.o ABSOLUTE
    src\k_memory.c                           0x00000000   Number         0  k_memory.o ABSOLUTE
    src\k_memory_queue.c                     0x00000000   Number         0  k_memory_queue.o ABSOLUTE
    src\k_message.c                          0x00000000   Number         0  k_message.o ABSOLUTE
    src\k_process.c                          0x00000000   Number         0  k_process.o ABSOLUTE
    src\k_process_priority_queue.c           0x00000000   Number         0  k_process_priority_queue.o ABSOLUTE
    src\k_procs.c                            0x00000000   Number         0  k_procs.o ABSOLUTE
    src\k_rtx_init.c                         0x00000000   Number         0  k_rtx_init.o ABSOLUTE
    src\k_timeout_queue.c                    0x00000000   Number         0  k_timeout_queue.o ABSOLUTE
    src\main_svc.c                           0x00000000   Number         0  main_svc.o ABSOLUTE
    src\printf.c                             0x00000000   Number         0  printf.o ABSOLUTE
    src\startup_LPC17xx.s                    0x00000000   Number         0  startup_lpc17xx.o ABSOLUTE
    src\system_LPC17xx.c                     0x00000000   Number         0  system_lpc17xx.o ABSOLUTE
    src\uart_polling.c                       0x00000000   Number         0  uart_polling.o ABSOLUTE
    src\usr_proc.c                           0x00000000   Number         0  usr_proc.o ABSOLUTE
    !!!main                                  0x000000cc   Section        8  __main.o(!!!main)
    !!!scatter                               0x000000d4   Section       52  __scatter.o(!!!scatter)
    !!handler_copy                           0x00000108   Section       26  __scatter_copy.o(!!handler_copy)
    !!handler_zi                             0x00000124   Section       28  __scatter_zi.o(!!handler_zi)
    .ARM.Collect$$_printf_percent$$00000000  0x00000140   Section        0  _printf_percent.o(.ARM.Collect$$_printf_percent$$00000000)
    .ARM.Collect$$_printf_percent$$00000009  0x00000140   Section        6  _printf_d.o(.ARM.Collect$$_printf_percent$$00000009)
    .ARM.Collect$$_printf_percent$$00000017  0x00000146   Section        4  _printf_percent_end.o(.ARM.Collect$$_printf_percent$$00000017)
    .ARM.Collect$$libinit$$00000000          0x0000014a   Section        2  libinit.o(.ARM.Collect$$libinit$$00000000)
    .ARM.Collect$$libinit$$00000002          0x0000014c   Section        0  libinit2.o(.ARM.Collect$$libinit$$00000002)
    .ARM.Collect$$libinit$$00000003          0x0000014c   Section        8  libinit2.o(.ARM.Collect$$libinit$$00000003)
    .ARM.Collect$$libinit$$00000008          0x00000154   Section        0  libinit2.o(.ARM.Collect$$libinit$$00000008)
    .ARM.Collect$$libinit$$0000000A          0x00000154   Section        0  libinit2.o(.ARM.Collect$$libinit$$0000000A)
    .ARM.Collect$$libinit$$0000000C          0x00000154   Section        0  libinit2.o(.ARM.Collect$$libinit$$0000000C)
    .ARM.Collect$$libinit$$0000000F          0x00000154   Section        0  libinit2.o(.ARM.Collect$$libinit$$0000000F)
    .ARM.Collect$$libinit$$00000011          0x00000154   Section        0  libinit2.o(.ARM.Collect$$libinit$$00000011)
    .ARM.Collect$$libinit$$00000013          0x00000154   Section        0  libinit2.o(.ARM.Collect$$libinit$$00000013)
    .ARM.Collect$$libinit$$00000015          0x00000154   Section        0  libinit2.o(.ARM.Collect$$libinit$$00000015)
    .ARM.Collect$$libinit$$00000017          0x00000154   Section        0  libinit2.o(.ARM.Collect$$libinit$$00000017)
    .ARM.Collect$$libinit$$00000019          0x00000154   Section        0  libinit2.o(.ARM.Collect$$libinit$$00000019)
    .ARM.Collect$$libinit$$0000001B          0x00000154   Section        0  libinit2.o(.ARM.Collect$$libinit$$0000001B)
    .ARM.Collect$$libinit$$0000001D          0x00000154   Section        0  libinit2.o(.ARM.Collect$$libinit$$0000001D)
    .ARM.Collect$$libinit$$0000001F          0x00000154   Section        0  libinit2.o(.ARM.Collect$$libinit$$0000001F)
    .ARM.Collect$$libinit$$00000021          0x00000154   Section        0  libinit2.o(.ARM.Collect$$libinit$$00000021)
    .ARM.Collect$$libinit$$00000022          0x00000154   Section        4  libinit2.o(.ARM.Collect$$libinit$$00000022)
    .ARM.Collect$$libinit$$00000023          0x00000158   Section        0  libinit2.o(.ARM.Collect$$libinit$$00000023)
    .ARM.Collect$$libinit$$0000002A          0x00000158   Section        0  libinit2.o(.ARM.Collect$$libinit$$0000002A)
    .ARM.Collect$$libinit$$0000002C          0x00000158   Section        0  libinit2.o(.ARM.Collect$$libinit$$0000002C)
    .ARM.Collect$$libinit$$0000002E          0x00000158   Section        0  libinit2.o(.ARM.Collect$$libinit$$0000002E)
    .ARM.Collect$$libinit$$00000030          0x00000158   Section        0  libinit2.o(.ARM.Collect$$libinit$$00000030)
    .ARM.Collect$$libinit$$00000031          0x00000158   Section        2  libinit2.o(.ARM.Collect$$libinit$$00000031)
    .ARM.Collect$$libshutdown$$00000000      0x0000015a   Section        2  libshutdown.o(.ARM.Collect$$libshutdown$$00000000)
    .ARM.Collect$$libshutdown$$00000002      0x0000015c   Section        4  libshutdown2.o(.ARM.Collect$$libshutdown$$00000002)
    .ARM.Collect$$libshutdown$$00000003      0x00000160   Section        0  libshutdown2.o(.ARM.Collect$$libshutdown$$00000003)
    .ARM.Collect$$libshutdown$$00000006      0x00000160   Section        0  libshutdown2.o(.ARM.Collect$$libshutdown$$00000006)
    .ARM.Collect$$libshutdown$$00000009      0x00000160   Section        0  libshutdown2.o(.ARM.Collect$$libshutdown$$00000009)
    .ARM.Collect$$libshutdown$$0000000B      0x00000160   Section        0  libshutdown2.o(.ARM.Collect$$libshutdown$$0000000B)
    .ARM.Collect$$libshutdown$$0000000E      0x00000160   Section        0  libshutdown2.o(.ARM.Collect$$libshutdown$$0000000E)
    .ARM.Collect$$libshutdown$$0000000F      0x00000160   Section        2  libshutdown2.o(.ARM.Collect$$libshutdown$$0000000F)
    .ARM.Collect$$rtentry$$00000000          0x00000162   Section        0  rtentry.o(.ARM.Collect$$rtentry$$00000000)
    .ARM.Collect$$rtentry$$00000002          0x00000162   Section        0  rtentry2.o(.ARM.Collect$$rtentry$$00000002)
    .ARM.Collect$$rtentry$$00000004          0x00000162   Section        6  rtentry4.o(.ARM.Collect$$rtentry$$00000004)
    .ARM.Collect$$rtentry$$00000009          0x00000168   Section        0  rtentry2.o(.ARM.Collect$$rtentry$$00000009)
    .ARM.Collect$$rtentry$$0000000A          0x00000168   Section        4  rtentry2.o(.ARM.Collect$$rtentry$$0000000A)
    .ARM.Collect$$rtentry$$0000000C          0x0000016c   Section        0  rtentry2.o(.ARM.Collect$$rtentry$$0000000C)
    .ARM.Collect$$rtentry$$0000000D          0x0000016c   Section        8  rtentry2.o(.ARM.Collect$$rtentry$$0000000D)
    .ARM.Collect$$rtexit$$00000000           0x00000174   Section        2  rtexit.o(.ARM.Collect$$rtexit$$00000000)
    .ARM.Collect$$rtexit$$00000002           0x00000176   Section        0  rtexit2.o(.ARM.Collect$$rtexit$$00000002)
    .ARM.Collect$$rtexit$$00000003           0x00000176   Section        4  rtexit2.o(.ARM.Collect$$rtexit$$00000003)
    .ARM.Collect$$rtexit$$00000004           0x0000017a   Section        6  rtexit2.o(.ARM.Collect$$rtexit$$00000004)
    .emb_text                                0x00000180   Section       50  hal.o(.emb_text)
    .emb_text                                0x000001b4   Section        0  maybetermalloc1.o(.emb_text)
    .text                                    0x000001b4   Section       52  startup_lpc17xx.o(.text)
    .text                                    0x000001e8   Section        0  system_lpc17xx.o(.text)
    .text                                    0x00000404   Section        0  uart_polling.o(.text)
    .text                                    0x00000528   Section        0  main_svc.o(.text)
    .text                                    0x00000540   Section        0  k_rtx_init.o(.text)
    .text                                    0x00000568   Section        0  k_memory.o(.text)
    .text                                    0x00000690   Section        0  k_process.o(.text)
    .text                                    0x000009ac   Section        0  k_memory_queue.o(.text)
    .text                                    0x00000a1c   Section        0  k_process_priority_queue.o(.text)
    .text                                    0x00000c04   Section        0  k_procs.o(.text)
    .text                                    0x00000c9c   Section        0  k_mailbox.o(.text)
    .text                                    0x00000cec   Section        0  k_message.o(.text)
    .text                                    0x00000dd0   Section        0  k_timeout_queue.o(.text)
    .text                                    0x00000e90   Section        0  usr_proc.o(.text)
    .text                                    0x0000140c   Section        0  noretval__2printf.o(.text)
    .text                                    0x00001424   Section        0  noretval__2sprintf.o(.text)
    .text                                    0x0000144c   Section        0  __printf.o(.text)
    .text                                    0x000014b8   Section        0  _printf_dec.o(.text)
    .text                                    0x00001530   Section        0  heapauxi.o(.text)
    .text                                    0x00001536   Section        0  _printf_intcommon.o(.text)
    .text                                    0x000015f0   Section        0  _printf_char_common.o(.text)
    _printf_input_char                       0x000015f1   Thumb Code    10  _printf_char_common.o(.text)
    .text                                    0x00001620   Section        0  _sputc.o(.text)
    .text                                    0x0000162c   Section        0  _printf_char_file.o(.text)
    .text                                    0x00001650   Section        0  ferror.o(.text)
    .text                                    0x00001658   Section        0  initio.o(.text)
    .text                                    0x00001790   Section        0  sys_io.o(.text)
    .text                                    0x000017f6   Section       74  sys_stackheap_outer.o(.text)
    .text                                    0x00001840   Section        0  h1_free.o(.text)
    .text                                    0x0000188e   Section        0  flsbuf.o(.text)
    .text                                    0x00001a6c   Section        0  setvbuf.o(.text)
    .text                                    0x00001ab4   Section        0  fopen.o(.text)
    _freopen_locked                          0x00001ab5   Thumb Code     0  fopen.o(.text)
    .text                                    0x00001ba0   Section        0  fclose.o(.text)
    .text                                    0x00001bec   Section        0  exit.o(.text)
    .text                                    0x00001bf8   Section        0  defsig_rtred_outer.o(.text)
    .text                                    0x00001c06   Section       78  rt_memclr_w.o(.text)
    .text                                    0x00001c54   Section        8  libspace.o(.text)
    .text                                    0x00001c5c   Section        2  use_no_semi.o(.text)
    .text                                    0x00001c5e   Section        0  indicate_semi.o(.text)
    .text                                    0x00001c60   Section        8  rt_heap_descriptor_intlibspace.o(.text)
    .text                                    0x00001c68   Section        0  hguard.o(.text)
    .text                                    0x00001c6c   Section        0  init_alloc.o(.text)
    .text                                    0x00001cf6   Section        0  h1_alloc.o(.text)
    .text                                    0x00001d54   Section        0  fseek.o(.text)
    .text                                    0x00001e4c   Section        0  stdio.o(.text)
    .text                                    0x00001f3c   Section        0  defsig_exit.o(.text)
    .text                                    0x00001f48   Section        0  defsig_rtred_inner.o(.text)
    .text                                    0x00001f7c   Section        0  strlen.o(.text)
    .text                                    0x00001fbc   Section        0  sys_exit.o(.text)
    .text                                    0x00001fc8   Section        0  h1_init.o(.text)
    .text                                    0x00001fd6   Section        0  h1_extend.o(.text)
    .text                                    0x0000200a   Section        0  ftell.o(.text)
    .text                                    0x00002050   Section        0  defsig_general.o(.text)
    .text                                    0x00002082   Section        0  defsig_rtmem_outer.o(.text)
    .text                                    0x00002090   Section        0  sys_wrch.o(.text)
    .text                                    0x000020a0   Section        8  rt_errno_addr_intlibspace.o(.text)
    .text                                    0x000020a8   Section        0  defsig_rtmem_inner.o(.text)
    i.fputc                                  0x000020f8   Section        0  fputc.o(i.fputc)
    .constdata                               0x00002112   Section        4  sys_io.o(.constdata)
    .constdata                               0x00002116   Section        4  sys_io.o(.constdata)
    .constdata                               0x0000211a   Section        4  sys_io.o(.constdata)
    .data                                    0x10000000   Section        4  system_lpc17xx.o(.data)
    .data                                    0x10000004   Section       12  k_memory.o(.data)
    .data                                    0x10000010   Section        8  k_process.o(.data)
    .data                                    0x10000018   Section        8  k_message.o(.data)
    .data                                    0x10000020   Section       12  usr_proc.o(.data)
    .data                                    0x1000002c   Section        4  stdio_streams.o(.data)
    .data                                    0x10000030   Section        4  stdio_streams.o(.data)
    .data                                    0x10000034   Section        4  stdio_streams.o(.data)
    .bss                                     0x10000038   Section      136  k_process.o(.bss)
    .bss                                     0x100000c0   Section       52  k_process_priority_queue.o(.bss)
    .bss                                     0x100000f4   Section       16  k_procs.o(.bss)
    .bss                                     0x10000104   Section       56  k_message.o(.bss)
    .bss                                     0x1000013c   Section      106  usr_proc.o(.bss)
    .bss                                     0x100001a8   Section       84  stdio_streams.o(.bss)
    .bss                                     0x100001fc   Section       84  stdio_streams.o(.bss)
    .bss                                     0x10000250   Section       84  stdio_streams.o(.bss)
    .bss                                     0x100002a4   Section       96  libspace.o(.bss)
    HEAP                                     0x10000308   Section        0  startup_lpc17xx.o(HEAP)
    STACK                                    0x10000308   Section      512  startup_lpc17xx.o(STACK)
    Heap_Mem                                 0x10000308   Data           0  startup_lpc17xx.o(HEAP)
    Stack_Mem                                0x10000308   Data         512  startup_lpc17xx.o(STACK)
    __initial_sp                             0x10000508   Data           0  startup_lpc17xx.o(STACK)

    Global Symbols

    Symbol Name                              Value     Ov Type        Size  Object(Section)

    BuildAttributes$$THM_ISAv4$P$D$K$B$S$PE$A:L22UL41UL21$X:L11$S22US41US21$IEEE1$IW$USESV6$~STKCKD$USESV7$~SHL$OTIME$ROPI$EBA8$UX$STANDARDLIB$REQ8$PRES8$EABIv2 0x00000000   Number         0  anon$$obj.o ABSOLUTE
    __ARM_use_no_argv                        0x00000000   Number         0  main_svc.o ABSOLUTE
    __Vectors                                0x00000000   Data           4  startup_lpc17xx.o(RESET)
    __ARM_exceptions_init                     - Undefined Weak Reference
    __alloca_initialize                       - Undefined Weak Reference
    __cpp_initialize__aeabi_                  - Undefined Weak Reference
    __cxa_finalize                            - Undefined Weak Reference
    __rt_locale                               - Undefined Weak Reference
    __sigvec_lookup                           - Undefined Weak Reference
    __user_heap_extent                        - Undefined Weak Reference
    _atexit_init                              - Undefined Weak Reference
    _call_atexit_fns                          - Undefined Weak Reference
    _clock_init                               - Undefined Weak Reference
    _fp_trap_init                             - Undefined Weak Reference
    _fp_trap_shutdown                         - Undefined Weak Reference
    _get_lc_collate                           - Undefined Weak Reference
    _get_lc_ctype                             - Undefined Weak Reference
    _get_lc_monetary                          - Undefined Weak Reference
    _get_lc_numeric                           - Undefined Weak Reference
    _get_lc_time                              - Undefined Weak Reference
    _getenv_init                              - Undefined Weak Reference
    _handle_redirection                       - Undefined Weak Reference
    _mutex_acquire                            - Undefined Weak Reference
    _mutex_free                               - Undefined Weak Reference
    _mutex_release                            - Undefined Weak Reference
    _printf_post_padding                      - Undefined Weak Reference
    _printf_pre_padding                       - Undefined Weak Reference
    _printf_truncate_signed                   - Undefined Weak Reference
    _printf_truncate_unsigned                 - Undefined Weak Reference
    _rand_init                                - Undefined Weak Reference
    _signal_finish                            - Undefined Weak Reference
    _signal_init                              - Undefined Weak Reference
    __main                                   0x000000cd   Thumb Code     8  __main.o(!!!main)
    __scatterload                            0x000000d5   Thumb Code     0  __scatter.o(!!!scatter)
    __scatterload_rt2                        0x000000d5   Thumb Code    44  __scatter.o(!!!scatter)
    __scatterload_rt2_thumb_only             0x000000d5   Thumb Code     0  __scatter.o(!!!scatter)
    __scatterload_null                       0x000000e3   Thumb Code     0  __scatter.o(!!!scatter)
    __scatterload_copy                       0x00000109   Thumb Code    26  __scatter_copy.o(!!handler_copy)
    __scatterload_zeroinit                   0x00000125   Thumb Code    28  __scatter_zi.o(!!handler_zi)
    _printf_d                                0x00000141   Thumb Code     0  _printf_d.o(.ARM.Collect$$_printf_percent$$00000009)
    _printf_percent                          0x00000141   Thumb Code     0  _printf_percent.o(.ARM.Collect$$_printf_percent$$00000000)
    _printf_percent_end                      0x00000147   Thumb Code     0  _printf_percent_end.o(.ARM.Collect$$_printf_percent$$00000017)
    __rt_lib_init                            0x0000014b   Thumb Code     0  libinit.o(.ARM.Collect$$libinit$$00000000)
    __rt_lib_init_fp_1                       0x0000014d   Thumb Code     0  libinit2.o(.ARM.Collect$$libinit$$00000002)
    __rt_lib_init_heap_2                     0x0000014d   Thumb Code     0  libinit2.o(.ARM.Collect$$libinit$$00000003)
    __rt_lib_init_atexit_1                   0x00000155   Thumb Code     0  libinit2.o(.ARM.Collect$$libinit$$00000019)
    __rt_lib_init_clock_1                    0x00000155   Thumb Code     0  libinit2.o(.ARM.Collect$$libinit$$0000001F)
    __rt_lib_init_fp_trap_1                  0x00000155   Thumb Code     0  libinit2.o(.ARM.Collect$$libinit$$0000001D)
    __rt_lib_init_getenv_1                   0x00000155   Thumb Code     0  libinit2.o(.ARM.Collect$$libinit$$00000021)
    __rt_lib_init_heap_1                     0x00000155   Thumb Code     0  libinit2.o(.ARM.Collect$$libinit$$00000008)
    __rt_lib_init_lc_collate_1               0x00000155   Thumb Code     0  libinit2.o(.ARM.Collect$$libinit$$0000000F)
    __rt_lib_init_lc_ctype_1                 0x00000155   Thumb Code     0  libinit2.o(.ARM.Collect$$libinit$$00000011)
    __rt_lib_init_lc_monetary_1              0x00000155   Thumb Code     0  libinit2.o(.ARM.Collect$$libinit$$00000013)
    __rt_lib_init_lc_numeric_1               0x00000155   Thumb Code     0  libinit2.o(.ARM.Collect$$libinit$$00000015)
    __rt_lib_init_lc_time_1                  0x00000155   Thumb Code     0  libinit2.o(.ARM.Collect$$libinit$$00000017)
    __rt_lib_init_rand_1                     0x00000155   Thumb Code     0  libinit2.o(.ARM.Collect$$libinit$$0000000C)
    __rt_lib_init_signal_1                   0x00000155   Thumb Code     0  libinit2.o(.ARM.Collect$$libinit$$0000001B)
    __rt_lib_init_stdio_2                    0x00000155   Thumb Code     0  libinit2.o(.ARM.Collect$$libinit$$00000022)
    __rt_lib_init_user_alloc_1               0x00000155   Thumb Code     0  libinit2.o(.ARM.Collect$$libinit$$0000000A)
    __rt_lib_init_alloca_1                   0x00000159   Thumb Code     0  libinit2.o(.ARM.Collect$$libinit$$0000002C)
    __rt_lib_init_argv_1                     0x00000159   Thumb Code     0  libinit2.o(.ARM.Collect$$libinit$$0000002A)
    __rt_lib_init_cpp_1                      0x00000159   Thumb Code     0  libinit2.o(.ARM.Collect$$libinit$$00000030)
    __rt_lib_init_exceptions_1               0x00000159   Thumb Code     0  libinit2.o(.ARM.Collect$$libinit$$0000002E)
    __rt_lib_init_return                     0x00000159   Thumb Code     0  libinit2.o(.ARM.Collect$$libinit$$00000031)
    __rt_lib_init_stdio_1                    0x00000159   Thumb Code     0  libinit2.o(.ARM.Collect$$libinit$$00000023)
    __rt_lib_shutdown                        0x0000015b   Thumb Code     0  libshutdown.o(.ARM.Collect$$libshutdown$$00000000)
    __rt_lib_shutdown_stdio_2                0x0000015d   Thumb Code     0  libshutdown2.o(.ARM.Collect$$libshutdown$$00000002)
    __rt_lib_shutdown_fp_trap_1              0x00000161   Thumb Code     0  libshutdown2.o(.ARM.Collect$$libshutdown$$00000006)
    __rt_lib_shutdown_heap_1                 0x00000161   Thumb Code     0  libshutdown2.o(.ARM.Collect$$libshutdown$$0000000E)
    __rt_lib_shutdown_return                 0x00000161   Thumb Code     0  libshutdown2.o(.ARM.Collect$$libshutdown$$0000000F)
    __rt_lib_shutdown_signal_1               0x00000161   Thumb Code     0  libshutdown2.o(.ARM.Collect$$libshutdown$$00000009)
    __rt_lib_shutdown_stdio_1                0x00000161   Thumb Code     0  libshutdown2.o(.ARM.Collect$$libshutdown$$00000003)
    __rt_lib_shutdown_user_alloc_1           0x00000161   Thumb Code     0  libshutdown2.o(.ARM.Collect$$libshutdown$$0000000B)
    __rt_entry                               0x00000163   Thumb Code     0  rtentry.o(.ARM.Collect$$rtentry$$00000000)
    __rt_entry_presh_1                       0x00000163   Thumb Code     0  rtentry2.o(.ARM.Collect$$rtentry$$00000002)
    __rt_entry_sh                            0x00000163   Thumb Code     0  rtentry4.o(.ARM.Collect$$rtentry$$00000004)
    __rt_entry_li                            0x00000169   Thumb Code     0  rtentry2.o(.ARM.Collect$$rtentry$$0000000A)
    __rt_entry_postsh_1                      0x00000169   Thumb Code     0  rtentry2.o(.ARM.Collect$$rtentry$$00000009)
    __rt_entry_main                          0x0000016d   Thumb Code     0  rtentry2.o(.ARM.Collect$$rtentry$$0000000D)
    __rt_entry_postli_1                      0x0000016d   Thumb Code     0  rtentry2.o(.ARM.Collect$$rtentry$$0000000C)
    __rt_exit                                0x00000175   Thumb Code     0  rtexit.o(.ARM.Collect$$rtexit$$00000000)
    __rt_exit_ls                             0x00000177   Thumb Code     0  rtexit2.o(.ARM.Collect$$rtexit$$00000003)
    __rt_exit_prels_1                        0x00000177   Thumb Code     0  rtexit2.o(.ARM.Collect$$rtexit$$00000002)
    __rt_exit_exit                           0x0000017b   Thumb Code     0  rtexit2.o(.ARM.Collect$$rtexit$$00000004)
    __rte                                    0x00000181   Thumb Code     6  hal.o(.emb_text)
    SVC_Handler                              0x00000187   Thumb Code    44  hal.o(.emb_text)
    Reset_Handler                            0x000001b5   Thumb Code     4  startup_lpc17xx.o(.text)
    _maybe_terminate_alloc                   0x000001b5   Thumb Code     0  maybetermalloc1.o(.emb_text)
    NMI_Handler                              0x000001b9   Thumb Code     2  startup_lpc17xx.o(.text)
    HardFault_Handler                        0x000001bb   Thumb Code     2  startup_lpc17xx.o(.text)
    MemManage_Handler                        0x000001bd   Thumb Code     2  startup_lpc17xx.o(.text)
    BusFault_Handler                         0x000001bf   Thumb Code     2  startup_lpc17xx.o(.text)
    UsageFault_Handler                       0x000001c1   Thumb Code     2  startup_lpc17xx.o(.text)
    DebugMon_Handler                         0x000001c5   Thumb Code     2  startup_lpc17xx.o(.text)
    PendSV_Handler                           0x000001c7   Thumb Code     2  startup_lpc17xx.o(.text)
    SysTick_Handler                          0x000001c9   Thumb Code     2  startup_lpc17xx.o(.text)
    ADC_IRQHandler                           0x000001cb   Thumb Code     0  startup_lpc17xx.o(.text)
    BOD_IRQHandler                           0x000001cb   Thumb Code     0  startup_lpc17xx.o(.text)
    CANActivity_IRQHandler                   0x000001cb   Thumb Code     0  startup_lpc17xx.o(.text)
    CAN_IRQHandler                           0x000001cb   Thumb Code     0  startup_lpc17xx.o(.text)
    DMA_IRQHandler                           0x000001cb   Thumb Code     0  startup_lpc17xx.o(.text)
    EINT0_IRQHandler                         0x000001cb   Thumb Code     0  startup_lpc17xx.o(.text)
    EINT1_IRQHandler                         0x000001cb   Thumb Code     0  startup_lpc17xx.o(.text)
    EINT2_IRQHandler                         0x000001cb   Thumb Code     0  startup_lpc17xx.o(.text)
    EINT3_IRQHandler                         0x000001cb   Thumb Code     0  startup_lpc17xx.o(.text)
    ENET_IRQHandler                          0x000001cb   Thumb Code     0  startup_lpc17xx.o(.text)
    I2C0_IRQHandler                          0x000001cb   Thumb Code     0  startup_lpc17xx.o(.text)
    I2C1_IRQHandler                          0x000001cb   Thumb Code     0  startup_lpc17xx.o(.text)
    I2C2_IRQHandler                          0x000001cb   Thumb Code     0  startup_lpc17xx.o(.text)
    I2S_IRQHandler                           0x000001cb   Thumb Code     0  startup_lpc17xx.o(.text)
    MCPWM_IRQHandler                         0x000001cb   Thumb Code     0  startup_lpc17xx.o(.text)
    PLL0_IRQHandler                          0x000001cb   Thumb Code     0  startup_lpc17xx.o(.text)
    PLL1_IRQHandler                          0x000001cb   Thumb Code     0  startup_lpc17xx.o(.text)
    PWM1_IRQHandler                          0x000001cb   Thumb Code     0  startup_lpc17xx.o(.text)
    QEI_IRQHandler                           0x000001cb   Thumb Code     0  startup_lpc17xx.o(.text)
    RIT_IRQHandler                           0x000001cb   Thumb Code     0  startup_lpc17xx.o(.text)
    RTC_IRQHandler                           0x000001cb   Thumb Code     0  startup_lpc17xx.o(.text)
    SPI_IRQHandler                           0x000001cb   Thumb Code     0  startup_lpc17xx.o(.text)
    SSP0_IRQHandler                          0x000001cb   Thumb Code     0  startup_lpc17xx.o(.text)
    SSP1_IRQHandler                          0x000001cb   Thumb Code     0  startup_lpc17xx.o(.text)
    TIMER0_IRQHandler                        0x000001cb   Thumb Code     0  startup_lpc17xx.o(.text)
    TIMER1_IRQHandler                        0x000001cb   Thumb Code     0  startup_lpc17xx.o(.text)
    TIMER2_IRQHandler                        0x000001cb   Thumb Code     0  startup_lpc17xx.o(.text)
    TIMER3_IRQHandler                        0x000001cb   Thumb Code     0  startup_lpc17xx.o(.text)
    UART0_IRQHandler                         0x000001cb   Thumb Code     0  startup_lpc17xx.o(.text)
    UART1_IRQHandler                         0x000001cb   Thumb Code     0  startup_lpc17xx.o(.text)
    UART2_IRQHandler                         0x000001cb   Thumb Code     0  startup_lpc17xx.o(.text)
    UART3_IRQHandler                         0x000001cb   Thumb Code     0  startup_lpc17xx.o(.text)
    USBActivity_IRQHandler                   0x000001cb   Thumb Code     0  startup_lpc17xx.o(.text)
    USB_IRQHandler                           0x000001cb   Thumb Code     0  startup_lpc17xx.o(.text)
    WDT_IRQHandler                           0x000001cb   Thumb Code     0  startup_lpc17xx.o(.text)
    __user_initial_stackheap                 0x000001cd   Thumb Code     0  startup_lpc17xx.o(.text)
    SystemInit                               0x000001e9   Thumb Code   476  system_lpc17xx.o(.text)
    uart_init                                0x00000405   Thumb Code    96  uart_polling.o(.text)
    uart_get_char                            0x00000465   Thumb Code    36  uart_polling.o(.text)
    uart_put_char                            0x00000489   Thumb Code    40  uart_polling.o(.text)
    uart_put_string                          0x000004b1   Thumb Code    38  uart_polling.o(.text)
    putc                                     0x000004d7   Thumb Code    28  uart_polling.o(.text)
    main                                     0x00000529   Thumb Code    18  main_svc.o(.text)
    k_rtx_init                               0x00000541   Thumb Code    40  k_rtx_init.o(.text)
    memory_init                              0x00000569   Thumb Code   116  k_memory.o(.text)
    alloc_stack                              0x000005dd   Thumb Code    32  k_memory.o(.text)
    k_request_memory_block                   0x000005fd   Thumb Code    74  k_memory.o(.text)
    k_release_memory_block                   0x00000647   Thumb Code    54  k_memory.o(.text)
    process_init                             0x00000691   Thumb Code   320  k_process.o(.text)
    scheduler                                0x000007d1   Thumb Code    12  k_process.o(.text)
    process_switch                           0x000007dd   Thumb Code   112  k_process.o(.text)
    k_release_processor                      0x0000084d   Thumb Code    62  k_process.o(.text)
    k_release_blocked_processor              0x0000088b   Thumb Code    88  k_process.o(.text)
    k_set_process_priority                   0x000008e3   Thumb Code   122  k_process.o(.text)
    k_get_process_priority                   0x0000095d   Thumb Code    54  k_process.o(.text)
    push_mq                                  0x000009ad   Thumb Code    32  k_memory_queue.o(.text)
    pop_mq                                   0x000009cd   Thumb Code    42  k_memory_queue.o(.text)
    top_mq                                   0x000009f7   Thumb Code     6  k_memory_queue.o(.text)
    isEmpty                                  0x000009fd   Thumb Code    14  k_memory_queue.o(.text)
    init_mq                                  0x00000a0b   Thumb Code    18  k_memory_queue.o(.text)
    init_pcb_queue                           0x00000a1d   Thumb Code    20  k_process_priority_queue.o(.text)
    push_pcb_queue                           0x00000a31   Thumb Code   100  k_process_priority_queue.o(.text)
    pop_pcb_queue                            0x00000a95   Thumb Code    34  k_process_priority_queue.o(.text)
    updated_pcb_priority                     0x00000ab7   Thumb Code    80  k_process_priority_queue.o(.text)
    init_pcb_waiting_memory_queue            0x00000b07   Thumb Code    20  k_process_priority_queue.o(.text)
    push_pcb_waiting_memory_queue            0x00000b1b   Thumb Code    96  k_process_priority_queue.o(.text)
    pop_pcb_waiting_memory_queue             0x00000b7b   Thumb Code    34  k_process_priority_queue.o(.text)
    updated_pcb_waiting_memory_priority      0x00000b9d   Thumb Code    80  k_process_priority_queue.o(.text)
    pcb_waiting_memory_queue_is_empty        0x00000bed   Thumb Code    14  k_process_priority_queue.o(.text)
    null_proc                                0x00000c05   Thumb Code    10  k_procs.o(.text)
    set_kernel_procs                         0x00000c0f   Thumb Code    22  k_procs.o(.text)
    timer_i_proc                             0x00000c25   Thumb Code   106  k_procs.o(.text)
    push_msg                                 0x00000c9d   Thumb Code    22  k_mailbox.o(.text)
    pop_msg                                  0x00000cb3   Thumb Code    30  k_mailbox.o(.text)
    init_mailbox                             0x00000cd1   Thumb Code     8  k_mailbox.o(.text)
    is_empty                                 0x00000cd9   Thumb Code    18  k_mailbox.o(.text)
    mailboxes_init                           0x00000ced   Thumb Code    24  k_message.o(.text)
    timeout_queue_init                       0x00000d05   Thumb Code    10  k_message.o(.text)
    k_send_message                           0x00000d0f   Thumb Code    80  k_message.o(.text)
    k_delayed_send                           0x00000d5f   Thumb Code    40  k_message.o(.text)
    k_receive_message                        0x00000d87   Thumb Code    58  k_message.o(.text)
    is_tq_empty                              0x00000dd1   Thumb Code    18  k_timeout_queue.o(.text)
    insert_tq_msg                            0x00000de3   Thumb Code   128  k_timeout_queue.o(.text)
    top_tq                                   0x00000e63   Thumb Code     6  k_timeout_queue.o(.text)
    pop_tq_msg                               0x00000e69   Thumb Code    30  k_timeout_queue.o(.text)
    init_timeout_queue                       0x00000e87   Thumb Code     8  k_timeout_queue.o(.text)
    proc6                                    0x00000e91   Thumb Code    52  usr_proc.o(.text)
    proc5                                    0x00000ec5   Thumb Code    32  usr_proc.o(.text)
    proc4                                    0x00000ee5   Thumb Code    84  usr_proc.o(.text)
    proc3                                    0x00000f39   Thumb Code   336  usr_proc.o(.text)
    proc2Message                             0x00001089   Thumb Code    36  usr_proc.o(.text)
    proc1Message                             0x000010ad   Thumb Code    42  usr_proc.o(.text)
    set_test_procs                           0x000010d7   Thumb Code    88  usr_proc.o(.text)
    proc1                                    0x0000112f   Thumb Code    82  usr_proc.o(.text)
    proc2                                    0x00001181   Thumb Code   218  usr_proc.o(.text)
    __2printf                                0x0000140d   Thumb Code    20  noretval__2printf.o(.text)
    __2sprintf                               0x00001425   Thumb Code    34  noretval__2sprintf.o(.text)
    __printf                                 0x0000144d   Thumb Code   106  __printf.o(.text)
    _printf_int_dec                          0x000014b9   Thumb Code   102  _printf_dec.o(.text)
    __use_two_region_memory                  0x00001531   Thumb Code     2  heapauxi.o(.text)
    __rt_heap_escrow                         0x00001533   Thumb Code     2  heapauxi.o(.text)
    __rt_heap_expand                         0x00001535   Thumb Code     2  heapauxi.o(.text)
    _printf_int_common                       0x00001537   Thumb Code   184  _printf_intcommon.o(.text)
    _printf_char_common                      0x000015fb   Thumb Code    32  _printf_char_common.o(.text)
    _sputc                                   0x00001621   Thumb Code    10  _sputc.o(.text)
    _printf_char_file                        0x0000162d   Thumb Code    32  _printf_char_file.o(.text)
    ferror                                   0x00001651   Thumb Code     8  ferror.o(.text)
    _initio                                  0x00001659   Thumb Code   210  initio.o(.text)
    _terminateio                             0x0000172b   Thumb Code    56  initio.o(.text)
    _sys_open                                0x00001791   Thumb Code    20  sys_io.o(.text)
    _sys_close                               0x000017a5   Thumb Code    12  sys_io.o(.text)
    _sys_write                               0x000017b1   Thumb Code    16  sys_io.o(.text)
    _sys_read                                0x000017c1   Thumb Code    14  sys_io.o(.text)
    _sys_istty                               0x000017cf   Thumb Code    12  sys_io.o(.text)
    _sys_seek                                0x000017db   Thumb Code    14  sys_io.o(.text)
    _sys_ensure                              0x000017e9   Thumb Code     2  sys_io.o(.text)
    _sys_flen                                0x000017eb   Thumb Code    12  sys_io.o(.text)
    __user_setup_stackheap                   0x000017f7   Thumb Code    74  sys_stackheap_outer.o(.text)
    free                                     0x00001841   Thumb Code    78  h1_free.o(.text)
    __flsbuf                                 0x0000188f   Thumb Code   478  flsbuf.o(.text)
    __flsbuf_byte                            0x0000188f   Thumb Code     0  flsbuf.o(.text)
    __flsbuf_wide                            0x0000188f   Thumb Code     0  flsbuf.o(.text)
    setvbuf                                  0x00001a6d   Thumb Code    70  setvbuf.o(.text)
    freopen                                  0x00001ab5   Thumb Code   158  fopen.o(.text)
    fopen                                    0x00001b53   Thumb Code    74  fopen.o(.text)
    _fclose_internal                         0x00001ba1   Thumb Code    76  fclose.o(.text)
    fclose                                   0x00001ba1   Thumb Code     0  fclose.o(.text)
    exit                                     0x00001bed   Thumb Code    12  exit.o(.text)
    __rt_SIGRTRED                            0x00001bf9   Thumb Code    14  defsig_rtred_outer.o(.text)
    __aeabi_memclr4                          0x00001c07   Thumb Code     0  rt_memclr_w.o(.text)
    __aeabi_memclr8                          0x00001c07   Thumb Code     0  rt_memclr_w.o(.text)
    __rt_memclr_w                            0x00001c07   Thumb Code    78  rt_memclr_w.o(.text)
    _memset_w                                0x00001c0b   Thumb Code     0  rt_memclr_w.o(.text)
    __user_libspace                          0x00001c55   Thumb Code     8  libspace.o(.text)
    __user_perproc_libspace                  0x00001c55   Thumb Code     0  libspace.o(.text)
    __user_perthread_libspace                0x00001c55   Thumb Code     0  libspace.o(.text)
    __I$use$semihosting                      0x00001c5d   Thumb Code     0  use_no_semi.o(.text)
    __use_no_semihosting_swi                 0x00001c5d   Thumb Code     2  use_no_semi.o(.text)
    __semihosting_library_function           0x00001c5f   Thumb Code     0  indicate_semi.o(.text)
    __rt_heap_descriptor                     0x00001c61   Thumb Code     8  rt_heap_descriptor_intlibspace.o(.text)
    __use_no_heap                            0x00001c69   Thumb Code     2  hguard.o(.text)
    __heap$guard                             0x00001c6b   Thumb Code     2  hguard.o(.text)
    _terminate_user_alloc                    0x00001c6d   Thumb Code     2  init_alloc.o(.text)
    _init_user_alloc                         0x00001c6f   Thumb Code     2  init_alloc.o(.text)
    __Heap_Full                              0x00001c71   Thumb Code    34  init_alloc.o(.text)
    __Heap_Broken                            0x00001c93   Thumb Code     6  init_alloc.o(.text)
    _init_alloc                              0x00001c99   Thumb Code    94  init_alloc.o(.text)
    malloc                                   0x00001cf7   Thumb Code    94  h1_alloc.o(.text)
    _fseek                                   0x00001d55   Thumb Code   242  fseek.o(.text)
    fseek                                    0x00001d55   Thumb Code     0  fseek.o(.text)
    _seterr                                  0x00001e4d   Thumb Code    20  stdio.o(.text)
    _writebuf                                0x00001e61   Thumb Code    84  stdio.o(.text)
    _fflush                                  0x00001eb5   Thumb Code    70  stdio.o(.text)
    _deferredlazyseek                        0x00001efb   Thumb Code    60  stdio.o(.text)
    __sig_exit                               0x00001f3d   Thumb Code    10  defsig_exit.o(.text)
    __rt_SIGRTRED_inner                      0x00001f49   Thumb Code    14  defsig_rtred_inner.o(.text)
    strlen                                   0x00001f7d   Thumb Code    62  strlen.o(.text)
    _sys_exit                                0x00001fbd   Thumb Code     8  sys_exit.o(.text)
    __Heap_Initialize                        0x00001fc9   Thumb Code    10  h1_init.o(.text)
    __Heap_DescSize                          0x00001fd3   Thumb Code     4  h1_init.o(.text)
    __Heap_ProvideMemory                     0x00001fd7   Thumb Code    52  h1_extend.o(.text)
    _ftell_internal                          0x0000200b   Thumb Code    70  ftell.o(.text)
    ftell                                    0x0000200b   Thumb Code     0  ftell.o(.text)
    __default_signal_display                 0x00002051   Thumb Code    50  defsig_general.o(.text)
    __rt_SIGRTMEM                            0x00002083   Thumb Code    14  defsig_rtmem_outer.o(.text)
    _ttywrch                                 0x00002091   Thumb Code    14  sys_wrch.o(.text)
    __aeabi_errno_addr                       0x000020a1   Thumb Code     8  rt_errno_addr_intlibspace.o(.text)
    __errno$intlibspace                      0x000020a1   Thumb Code     0  rt_errno_addr_intlibspace.o(.text)
    __rt_errno_addr$intlibspace              0x000020a1   Thumb Code     0  rt_errno_addr_intlibspace.o(.text)
    __rt_SIGRTMEM_inner                      0x000020a9   Thumb Code    22  defsig_rtmem_inner.o(.text)
    fputc                                    0x000020f9   Thumb Code    26  fputc.o(i.fputc)
    __stdin_name                             0x00002112   Data           4  sys_io.o(.constdata)
    __stdout_name                            0x00002116   Data           4  sys_io.o(.constdata)
    __stderr_name                            0x0000211a   Data           4  sys_io.o(.constdata)
    Region$$Table$$Base                      0x00002120   Number         0  anon$$obj.o(Region$$Table)
    Region$$Table$$Limit                     0x00002140   Number         0  anon$$obj.o(Region$$Table)
    SystemFrequency                          0x10000000   Data           4  system_lpc17xx.o(.data)
    gp_stack                                 0x10000004   Data           4  k_memory.o(.data)
    gp_memory_queue                          0x10000008   Data           8  k_memory.o(.data)
    gp_current_process                       0x10000010   Data           4  k_process.o(.data)
    gp_pcbs                                  0x10000014   Data           4  k_process.o(.data)
    timeout_queue                            0x10000018   Data           8  k_message.o(.data)
    totalTests                               0x10000020   Data           4  usr_proc.o(.data)
    passedTests                              0x10000024   Data           4  usr_proc.o(.data)
    lastRunProc                              0x10000028   Data           4  usr_proc.o(.data)
    __aeabi_stdin                            0x1000002c   Data           4  stdio_streams.o(.data)
    __aeabi_stdout                           0x10000030   Data           4  stdio_streams.o(.data)
    __aeabi_stderr                           0x10000034   Data           4  stdio_streams.o(.data)
    gp_pcb_message_waiting_queue             0x10000038   Data          24  k_process.o(.bss)
    g_proc_table                             0x10000050   Data         112  k_process.o(.bss)
    gp_pcb_queue                             0x100000c0   Data          28  k_process_priority_queue.o(.bss)
    gp_pcb_waiting_memory_queue              0x100000dc   Data          24  k_process_priority_queue.o(.bss)
    g_kernel_procs                           0x100000f4   Data          16  k_procs.o(.bss)
    mailboxes                                0x10000104   Data          56  k_message.o(.bss)
    g_test_procs                             0x1000013c   Data          96  usr_proc.o(.bss)
    str                                      0x1000019c   Data          10  usr_proc.o(.bss)
    __stdin                                  0x100001a8   Data          84  stdio_streams.o(.bss)
    __stdout                                 0x100001fc   Data          84  stdio_streams.o(.bss)
    __stderr                                 0x10000250   Data          84  stdio_streams.o(.bss)
    __libspace_start                         0x100002a4   Data          96  libspace.o(.bss)
    __temporary_stack_top$libspace           0x10000304   Data           0  libspace.o(.bss)
    Image$$RW_IRAM1$$ZI$$Limit               0x10000508   Number         0  startup_lpc17xx.o(STACK)



==============================================================================

Memory Map of the image

  Image Entry point : 0x000000cd

  Load Region LR_IROM1 (Base: 0x00000000, Size: 0x00002178, Max: 0x00080000, ABSOLUTE)

    Execution Region ER_IROM1 (Base: 0x00000000, Size: 0x00002140, Max: 0x00080000, ABSOLUTE)

    Base Addr    Size         Type   Attr      Idx    E Section Name        Object

    0x00000000   0x000000cc   Data   RO            3    RESET               startup_lpc17xx.o
    0x000000cc   0x00000008   Code   RO          367  * !!!main             c_w.l(__main.o)
    0x000000d4   0x00000034   Code   RO          717    !!!scatter          c_w.l(__scatter.o)
    0x00000108   0x0000001a   Code   RO          719    !!handler_copy      c_w.l(__scatter_copy.o)
    0x00000122   0x00000002   PAD
    0x00000124   0x0000001c   Code   RO          721    !!handler_zi        c_w.l(__scatter_zi.o)
    0x00000140   0x00000000   Code   RO          364    .ARM.Collect$$_printf_percent$$00000000  c_w.l(_printf_percent.o)
    0x00000140   0x00000006   Code   RO          363    .ARM.Collect$$_printf_percent$$00000009  c_w.l(_printf_d.o)
    0x00000146   0x00000004   Code   RO          378    .ARM.Collect$$_printf_percent$$00000017  c_w.l(_printf_percent_end.o)
    0x0000014a   0x00000002   Code   RO          507    .ARM.Collect$$libinit$$00000000  c_w.l(libinit.o)
    0x0000014c   0x00000000   Code   RO          509    .ARM.Collect$$libinit$$00000002  c_w.l(libinit2.o)
    0x0000014c   0x00000008   Code   RO          510    .ARM.Collect$$libinit$$00000003  c_w.l(libinit2.o)
    0x00000154   0x00000000   Code   RO          512    .ARM.Collect$$libinit$$00000008  c_w.l(libinit2.o)
    0x00000154   0x00000000   Code   RO          514    .ARM.Collect$$libinit$$0000000A  c_w.l(libinit2.o)
    0x00000154   0x00000000   Code   RO          516    .ARM.Collect$$libinit$$0000000C  c_w.l(libinit2.o)
    0x00000154   0x00000000   Code   RO          519    .ARM.Collect$$libinit$$0000000F  c_w.l(libinit2.o)
    0x00000154   0x00000000   Code   RO          521    .ARM.Collect$$libinit$$00000011  c_w.l(libinit2.o)
    0x00000154   0x00000000   Code   RO          523    .ARM.Collect$$libinit$$00000013  c_w.l(libinit2.o)
    0x00000154   0x00000000   Code   RO          525    .ARM.Collect$$libinit$$00000015  c_w.l(libinit2.o)
    0x00000154   0x00000000   Code   RO          527    .ARM.Collect$$libinit$$00000017  c_w.l(libinit2.o)
    0x00000154   0x00000000   Code   RO          529    .ARM.Collect$$libinit$$00000019  c_w.l(libinit2.o)
    0x00000154   0x00000000   Code   RO          531    .ARM.Collect$$libinit$$0000001B  c_w.l(libinit2.o)
    0x00000154   0x00000000   Code   RO          533    .ARM.Collect$$libinit$$0000001D  c_w.l(libinit2.o)
    0x00000154   0x00000000   Code   RO          535    .ARM.Collect$$libinit$$0000001F  c_w.l(libinit2.o)
    0x00000154   0x00000000   Code   RO          537    .ARM.Collect$$libinit$$00000021  c_w.l(libinit2.o)
    0x00000154   0x00000004   Code   RO          538    .ARM.Collect$$libinit$$00000022  c_w.l(libinit2.o)
    0x00000158   0x00000000   Code   RO          539    .ARM.Collect$$libinit$$00000023  c_w.l(libinit2.o)
    0x00000158   0x00000000   Code   RO          543    .ARM.Collect$$libinit$$0000002A  c_w.l(libinit2.o)
    0x00000158   0x00000000   Code   RO          545    .ARM.Collect$$libinit$$0000002C  c_w.l(libinit2.o)
    0x00000158   0x00000000   Code   RO          547    .ARM.Collect$$libinit$$0000002E  c_w.l(libinit2.o)
    0x00000158   0x00000000   Code   RO          549    .ARM.Collect$$libinit$$00000030  c_w.l(libinit2.o)
    0x00000158   0x00000002   Code   RO          550    .ARM.Collect$$libinit$$00000031  c_w.l(libinit2.o)
    0x0000015a   0x00000002   Code   RO          696    .ARM.Collect$$libshutdown$$00000000  c_w.l(libshutdown.o)
    0x0000015c   0x00000004   Code   RO          552    .ARM.Collect$$libshutdown$$00000002  c_w.l(libshutdown2.o)
    0x00000160   0x00000000   Code   RO          553    .ARM.Collect$$libshutdown$$00000003  c_w.l(libshutdown2.o)
    0x00000160   0x00000000   Code   RO          556    .ARM.Collect$$libshutdown$$00000006  c_w.l(libshutdown2.o)
    0x00000160   0x00000000   Code   RO          559    .ARM.Collect$$libshutdown$$00000009  c_w.l(libshutdown2.o)
    0x00000160   0x00000000   Code   RO          561    .ARM.Collect$$libshutdown$$0000000B  c_w.l(libshutdown2.o)
    0x00000160   0x00000000   Code   RO          564    .ARM.Collect$$libshutdown$$0000000E  c_w.l(libshutdown2.o)
    0x00000160   0x00000002   Code   RO          565    .ARM.Collect$$libshutdown$$0000000F  c_w.l(libshutdown2.o)
    0x00000162   0x00000000   Code   RO          369    .ARM.Collect$$rtentry$$00000000  c_w.l(rtentry.o)
    0x00000162   0x00000000   Code   RO          386    .ARM.Collect$$rtentry$$00000002  c_w.l(rtentry2.o)
    0x00000162   0x00000006   Code   RO          398    .ARM.Collect$$rtentry$$00000004  c_w.l(rtentry4.o)
    0x00000168   0x00000000   Code   RO          388    .ARM.Collect$$rtentry$$00000009  c_w.l(rtentry2.o)
    0x00000168   0x00000004   Code   RO          389    .ARM.Collect$$rtentry$$0000000A  c_w.l(rtentry2.o)
    0x0000016c   0x00000000   Code   RO          391    .ARM.Collect$$rtentry$$0000000C  c_w.l(rtentry2.o)
    0x0000016c   0x00000008   Code   RO          392    .ARM.Collect$$rtentry$$0000000D  c_w.l(rtentry2.o)
    0x00000174   0x00000002   Code   RO          574    .ARM.Collect$$rtexit$$00000000  c_w.l(rtexit.o)
    0x00000176   0x00000000   Code   RO          632    .ARM.Collect$$rtexit$$00000002  c_w.l(rtexit2.o)
    0x00000176   0x00000004   Code   RO          633    .ARM.Collect$$rtexit$$00000003  c_w.l(rtexit2.o)
    0x0000017a   0x00000006   Code   RO          634    .ARM.Collect$$rtexit$$00000004  c_w.l(rtexit2.o)
    0x00000180   0x00000032   Code   RO          120    .emb_text           hal.o
    0x000001b2   0x00000002   PAD
    0x000001b4   0x00000000   Code   RO          638    .emb_text           c_w.l(maybetermalloc1.o)
    0x000001b4   0x00000034   Code   RO            4    .text               startup_lpc17xx.o
    0x000001e8   0x0000021c   Code   RO           12    .text               system_lpc17xx.o
    0x00000404   0x00000124   Code   RO           56    .text               uart_polling.o
    0x00000528   0x00000018   Code   RO           99    .text               main_svc.o
    0x00000540   0x00000028   Code   RO          127    .text               k_rtx_init.o
    0x00000568   0x00000128   Code   RO          155    .text               k_memory.o
    0x00000690   0x0000031c   Code   RO          179    .text               k_process.o
    0x000009ac   0x00000070   Code   RO          205    .text               k_memory_queue.o
    0x00000a1c   0x000001e8   Code   RO          217    .text               k_process_priority_queue.o
    0x00000c04   0x00000098   Code   RO          232    .text               k_procs.o
    0x00000c9c   0x0000004e   Code   RO          257    .text               k_mailbox.o
    0x00000cea   0x00000002   PAD
    0x00000cec   0x000000e4   Code   RO          275    .text               k_message.o
    0x00000dd0   0x000000be   Code   RO          298    .text               k_timeout_queue.o
    0x00000e8e   0x00000002   PAD
    0x00000e90   0x0000057c   Code   RO          310    .text               usr_proc.o
    0x0000140c   0x00000018   Code   RO          335    .text               c_w.l(noretval__2printf.o)
    0x00001424   0x00000028   Code   RO          337    .text               c_w.l(noretval__2sprintf.o)
    0x0000144c   0x0000006a   Code   RO          339    .text               c_w.l(__printf.o)
    0x000014b6   0x00000002   PAD
    0x000014b8   0x00000078   Code   RO          341    .text               c_w.l(_printf_dec.o)
    0x00001530   0x00000006   Code   RO          365    .text               c_w.l(heapauxi.o)
    0x00001536   0x000000b8   Code   RO          370    .text               c_w.l(_printf_intcommon.o)
    0x000015ee   0x00000002   PAD
    0x000015f0   0x00000030   Code   RO          372    .text               c_w.l(_printf_char_common.o)
    0x00001620   0x0000000a   Code   RO          374    .text               c_w.l(_sputc.o)
    0x0000162a   0x00000002   PAD
    0x0000162c   0x00000024   Code   RO          376    .text               c_w.l(_printf_char_file.o)
    0x00001650   0x00000008   Code   RO          402    .text               c_w.l(ferror.o)
    0x00001658   0x00000138   Code   RO          408    .text               c_w.l(initio.o)
    0x00001790   0x00000066   Code   RO          416    .text               c_w.l(sys_io.o)
    0x000017f6   0x0000004a   Code   RO          423    .text               c_w.l(sys_stackheap_outer.o)
    0x00001840   0x0000004e   Code   RO          427    .text               c_w.l(h1_free.o)
    0x0000188e   0x000001de   Code   RO          481    .text               c_w.l(flsbuf.o)
    0x00001a6c   0x00000046   Code   RO          483    .text               c_w.l(setvbuf.o)
    0x00001ab2   0x00000002   PAD
    0x00001ab4   0x000000ec   Code   RO          486    .text               c_w.l(fopen.o)
    0x00001ba0   0x0000004c   Code   RO          488    .text               c_w.l(fclose.o)
    0x00001bec   0x0000000c   Code   RO          494    .text               c_w.l(exit.o)
    0x00001bf8   0x0000000e   Code   RO          496    .text               c_w.l(defsig_rtred_outer.o)
    0x00001c06   0x0000004e   Code   RO          500    .text               c_w.l(rt_memclr_w.o)
    0x00001c54   0x00000008   Code   RO          568    .text               c_w.l(libspace.o)
    0x00001c5c   0x00000002   Code   RO          571    .text               c_w.l(use_no_semi.o)
    0x00001c5e   0x00000000   Code   RO          573    .text               c_w.l(indicate_semi.o)
    0x00001c5e   0x00000002   PAD
    0x00001c60   0x00000008   Code   RO          581    .text               c_w.l(rt_heap_descriptor_intlibspace.o)
    0x00001c68   0x00000004   Code   RO          583    .text               c_w.l(hguard.o)
    0x00001c6c   0x0000008a   Code   RO          585    .text               c_w.l(init_alloc.o)
    0x00001cf6   0x0000005e   Code   RO          591    .text               c_w.l(h1_alloc.o)
    0x00001d54   0x000000f8   Code   RO          607    .text               c_w.l(fseek.o)
    0x00001e4c   0x000000f0   Code   RO          609    .text               c_w.l(stdio.o)
    0x00001f3c   0x0000000a   Code   RO          615    .text               c_w.l(defsig_exit.o)
    0x00001f46   0x00000002   PAD
    0x00001f48   0x00000034   Code   RO          617    .text               c_w.l(defsig_rtred_inner.o)
    0x00001f7c   0x0000003e   Code   RO          621    .text               c_w.l(strlen.o)
    0x00001fba   0x00000002   PAD
    0x00001fbc   0x0000000c   Code   RO          629    .text               c_w.l(sys_exit.o)
    0x00001fc8   0x0000000e   Code   RO          640    .text               c_w.l(h1_init.o)
    0x00001fd6   0x00000034   Code   RO          642    .text               c_w.l(h1_extend.o)
    0x0000200a   0x00000046   Code   RO          652    .text               c_w.l(ftell.o)
    0x00002050   0x00000032   Code   RO          660    .text               c_w.l(defsig_general.o)
    0x00002082   0x0000000e   Code   RO          662    .text               c_w.l(defsig_rtmem_outer.o)
    0x00002090   0x0000000e   Code   RO          677    .text               c_w.l(sys_wrch.o)
    0x0000209e   0x00000002   PAD
    0x000020a0   0x00000008   Code   RO          684    .text               c_w.l(rt_errno_addr_intlibspace.o)
    0x000020a8   0x00000050   Code   RO          690    .text               c_w.l(defsig_rtmem_inner.o)
    0x000020f8   0x0000001a   Code   RO          405    i.fputc             c_w.l(fputc.o)
    0x00002112   0x00000004   Data   RO          417    .constdata          c_w.l(sys_io.o)
    0x00002116   0x00000004   Data   RO          418    .constdata          c_w.l(sys_io.o)
    0x0000211a   0x00000004   Data   RO          419    .constdata          c_w.l(sys_io.o)
    0x0000211e   0x00000002   PAD
    0x00002120   0x00000020   Data   RO          715    Region$$Table       anon$$obj.o


    Execution Region RW_IRAM1 (Base: 0x10000000, Size: 0x00000508, Max: 0x00008000, ABSOLUTE)

    Base Addr    Size         Type   Attr      Idx    E Section Name        Object

    0x10000000   0x00000004   Data   RW           13    .data               system_lpc17xx.o
    0x10000004   0x0000000c   Data   RW          156    .data               k_memory.o
    0x10000010   0x00000008   Data   RW          181    .data               k_process.o
    0x10000018   0x00000008   Data   RW          277    .data               k_message.o
    0x10000020   0x0000000c   Data   RW          312    .data               usr_proc.o
    0x1000002c   0x00000004   Data   RW          382    .data               c_w.l(stdio_streams.o)
    0x10000030   0x00000004   Data   RW          383    .data               c_w.l(stdio_streams.o)
    0x10000034   0x00000004   Data   RW          384    .data               c_w.l(stdio_streams.o)
    0x10000038   0x00000088   Zero   RW          180    .bss                k_process.o
    0x100000c0   0x00000034   Zero   RW          218    .bss                k_process_priority_queue.o
    0x100000f4   0x00000010   Zero   RW          233    .bss                k_procs.o
    0x10000104   0x00000038   Zero   RW          276    .bss                k_message.o
    0x1000013c   0x0000006a   Zero   RW          311    .bss                usr_proc.o
    0x100001a6   0x00000002   PAD
    0x100001a8   0x00000054   Zero   RW          379    .bss                c_w.l(stdio_streams.o)
    0x100001fc   0x00000054   Zero   RW          380    .bss                c_w.l(stdio_streams.o)
    0x10000250   0x00000054   Zero   RW          381    .bss                c_w.l(stdio_streams.o)
    0x100002a4   0x00000060   Zero   RW          569    .bss                c_w.l(libspace.o)
    0x10000304   0x00000004   PAD
    0x10000308   0x00000000   Zero   RW            2    HEAP                startup_lpc17xx.o
    0x10000308   0x00000200   Zero   RW            1    STACK               startup_lpc17xx.o


==============================================================================

Image component sizes


      Code (inc. data)   RO Data    RW Data    ZI Data      Debug   Object Name

        50          0          0          0          0        304   hal.o
        78          0          0          0          0       2345   k_mailbox.o
       296         20          0         12          0       2088   k_memory.o
       112          0          0          0          0       1452   k_memory_queue.o
       228         16          0          8         56       3188   k_message.o
       796         26          0          8        136       4884   k_process.o
       488         10          0          0         52       3125   k_process_priority_queue.o
       152         14          0          0         16       2443   k_procs.o
        40          0          0          0          0       1097   k_rtx_init.o
       190          0          0          0          0       1765   k_timeout_queue.o
        24          6          0          0          0       1583   main_svc.o
        52         18        204          0        512        748   startup_lpc17xx.o
       540         64          0          4          0      21559   system_lpc17xx.o
       292         54          0          0          0       1905   uart_polling.o
      1404        434          0         12        106       2605   usr_proc.o

    ----------------------------------------------------------------------
      4748        662        236         44        880      51091   Object Totals
         0          0         32          0          0          0   (incl. Generated)
         6          0          0          0          2          0   (incl. Padding)

    ----------------------------------------------------------------------

      Code (inc. data)   RO Data    RW Data    ZI Data      Debug   Library Member Name

         8          0          0          0          0         68   __main.o
       106          0          0          0          0         84   __printf.o
        52          8          0          0          0          0   __scatter.o
        26          0          0          0          0          0   __scatter_copy.o
        28          0          0          0          0          0   __scatter_zi.o
        48          6          0          0          0         96   _printf_char_common.o
        36          4          0          0          0         80   _printf_char_file.o
         6          0          0          0          0          0   _printf_d.o
       120         18          0          0          0         92   _printf_dec.o
       184          0          0          0          0         88   _printf_intcommon.o
         0          0          0          0          0          0   _printf_percent.o
         4          0          0          0          0          0   _printf_percent_end.o
        10          0          0          0          0         68   _sputc.o
        10          0          0          0          0         68   defsig_exit.o
        50          0          0          0          0         88   defsig_general.o
        80         58          0          0          0         76   defsig_rtmem_inner.o
        14          0          0          0          0         80   defsig_rtmem_outer.o
        52         38          0          0          0         76   defsig_rtred_inner.o
        14          0          0          0          0         80   defsig_rtred_outer.o
        12          0          0          0          0         72   exit.o
        76          0          0          0          0         88   fclose.o
         8          0          0          0          0         68   ferror.o
       478          0          0          0          0         88   flsbuf.o
       236          4          0          0          0        128   fopen.o
        26          0          0          0          0         68   fputc.o
       248          6          0          0          0         84   fseek.o
        70          0          0          0          0         76   ftell.o
        94          0          0          0          0         80   h1_alloc.o
        52          0          0          0          0         68   h1_extend.o
        78          0          0          0          0         80   h1_free.o
        14          0          0          0          0         84   h1_init.o
         6          0          0          0          0        152   heapauxi.o
         4          0          0          0          0        136   hguard.o
         0          0          0          0          0          0   indicate_semi.o
       138          0          0          0          0        168   init_alloc.o
       312         46          0          0          0        112   initio.o
         2          0          0          0          0          0   libinit.o
        14          0          0          0          0          0   libinit2.o
         2          0          0          0          0          0   libshutdown.o
         6          0          0          0          0          0   libshutdown2.o
         8          4          0          0         96         68   libspace.o
         0          0          0          0          0          0   maybetermalloc1.o
        24          4          0          0          0         84   noretval__2printf.o
        40          6          0          0          0         84   noretval__2sprintf.o
         8          4          0          0          0         68   rt_errno_addr_intlibspace.o
         8          4          0          0          0         68   rt_heap_descriptor_intlibspace.o
        78          0          0          0          0         80   rt_memclr_w.o
         0          0          0          0          0          0   rtentry.o
        12          0          0          0          0          0   rtentry2.o
         6          0          0          0          0          0   rtentry4.o
         2          0          0          0          0          0   rtexit.o
        10          0          0          0          0          0   rtexit2.o
        70          0          0          0          0         80   setvbuf.o
       240          6          0          0          0        156   stdio.o
         0          0          0         12        252          0   stdio_streams.o
        62          0          0          0          0         76   strlen.o
        12          4          0          0          0         68   sys_exit.o
       102          0         12          0          0        240   sys_io.o
        74          0          0          0          0         80   sys_stackheap_outer.o
        14          0          0          0          0         76   sys_wrch.o
         2          0          0          0          0         68   use_no_semi.o

    ----------------------------------------------------------------------
      3514        220         14         12        352       3892   Library Totals
        18          0          2          0          4          0   (incl. Padding)

    ----------------------------------------------------------------------

      Code (inc. data)   RO Data    RW Data    ZI Data      Debug   Library Name

      3496        220         12         12        348       3892   c_w.l

    ----------------------------------------------------------------------
      3514        220         14         12        352       3892   Library Totals

    ----------------------------------------------------------------------

==============================================================================


      Code (inc. data)   RO Data    RW Data    ZI Data      Debug   

      8262        882        250         56       1232      51759   Grand Totals
      8262        882        250         56       1232      51759   ELF Image Totals
      8262        882        250         56          0          0   ROM Totals

==============================================================================

    Total RO  Size (Code + RO Data)                 8512 (   8.31kB)
    Total RW  Size (RW Data + ZI Data)              1288 (   1.26kB)
    Total ROM Size (Code + RO Data + RW Data)       8568 (   8.37kB)

==============================================================================

