ARM Linker, 5.02 [Build 28] [MDK-ARM Lite]

==============================================================================

Section Cross References

    startup_lpc17xx.o(STACK) refers (Special) to heapauxi.o(.text) for __use_two_region_memory
    startup_lpc17xx.o(HEAP) refers (Special) to heapauxi.o(.text) for __use_two_region_memory
    startup_lpc17xx.o(RESET) refers (Special) to heapauxi.o(.text) for __use_two_region_memory
    startup_lpc17xx.o(RESET) refers to startup_lpc17xx.o(STACK) for __initial_sp
    startup_lpc17xx.o(RESET) refers to startup_lpc17xx.o(.text) for Reset_Handler
    startup_lpc17xx.o(RESET) refers to hal.o(.emb_text) for SVC_Handler
    startup_lpc17xx.o(RESET) refers to timer.o(.emb_text) for TIMER0_IRQHandler
    startup_lpc17xx.o(RESET) refers to uart_irq.o(.emb_text) for UART0_IRQHandler
    startup_lpc17xx.o(.ARM.__at_0x02FC) refers (Special) to heapauxi.o(.text) for __use_two_region_memory
    startup_lpc17xx.o(.text) refers (Special) to heapauxi.o(.text) for __use_two_region_memory
    startup_lpc17xx.o(.text) refers to __main.o(!!!main) for __main
    startup_lpc17xx.o(.text) refers to startup_lpc17xx.o(HEAP) for Heap_Mem
    startup_lpc17xx.o(.text) refers to startup_lpc17xx.o(STACK) for Stack_Mem
    system_lpc17xx.o(.text) refers to system_lpc17xx.o(.data) for SystemFrequency
    printf.o(.text) refers to printf.o(.data) for stdout_putf
    main_svc.o(.text) refers to system_lpc17xx.o(.text) for SystemInit
    main_svc.o(.text) refers to printf.o(.text) for init_printf
    main_svc.o(.text) refers to uart_polling.o(.text) for putc
    main_svc.o(.text) refers to k_rtx_init.o(.text) for k_rtx_init
    k_rtx_init.o(.text) refers to timer.o(.text) for timer_init
    k_rtx_init.o(.text) refers to uart_polling.o(.text) for uart_init
    k_rtx_init.o(.text) refers to k_memory.o(.text) for memory_init
    k_rtx_init.o(.text) refers to k_process.o(.text) for process_init
    k_rtx_init.o(.text) refers to k_command_map.o(.text) for command_map_init
    k_rtx_init.o(.text) refers to k_message.o(.text) for mailboxes_init
    k_rtx_init.o(.text) refers to wall_proc.o(.text) for reset_wall_time
    k_rtx_init.o(.text) refers to uart_irq.o(.text) for uart_irq_init
    k_memory.o(.text) refers to printf.o(.text) for tfp_printf
    k_memory.o(.text) refers to k_memory_queue.o(.text) for init_mq
    k_memory.o(.text) refers to k_process.o(.text) for k_release_blocked_processor
    k_memory.o(.text) refers to k_process_priority_queue.o(.text) for pcb_waiting_memory_queue_is_empty
    k_memory.o(.text) refers to k_process.o(.data) for gp_pcbs
    k_memory.o(.text) refers to k_memory.o(.data) for gp_stack
    k_process.o(.text) refers to usr_proc.o(.text) for set_test_procs
    k_process.o(.text) refers to k_procs.o(.text) for set_kernel_procs
    k_process.o(.text) refers to k_memory.o(.text) for alloc_stack
    k_process.o(.text) refers to k_process_priority_queue.o(.text) for init_pcb_queue
    k_process.o(.text) refers to hal.o(.emb_text) for __rte
    k_process.o(.text) refers to usr_proc.o(.bss) for g_test_procs
    k_process.o(.text) refers to k_process.o(.bss) for g_proc_table
    k_process.o(.text) refers to k_procs.o(.bss) for g_kernel_procs
    k_process.o(.text) refers to k_process.o(.data) for gp_pcbs
    k_process_priority_queue.o(.text) refers to printf.o(.text) for tfp_printf
    k_process_priority_queue.o(.text) refers to k_process_priority_queue.o(.bss) for gp_pcb_queue
    k_procs.o(.text) refers to k_command_map.o(.text) for insert_cmd
    k_procs.o(.text) refers to k_process.o(.text) for k_release_processor
    k_procs.o(.text) refers to k_message.o(.text) for k_receive_message_non_blocking
    k_procs.o(.text) refers to k_timeout_queue.o(.text) for insert_tq_msg
    k_procs.o(.text) refers to k_memory.o(.text) for k_request_memory_block_non_blocking
    k_procs.o(.text) refers to uart_irq.o(.data) for gp_buffer
    k_procs.o(.text) refers to k_procs.o(.bss) for g_kernel_procs
    k_procs.o(.text) refers to k_message.o(.data) for timeout_queue
    k_procs.o(.text) refers to k_procs.o(.data) for kcd_buffer
    k_message.o(.text) refers to k_mailbox.o(.text) for init_mailbox
    k_message.o(.text) refers to k_timeout_queue.o(.text) for init_timeout_queue
    k_message.o(.text) refers to k_process_priority_queue.o(.text) for push_pcb_queue
    k_message.o(.text) refers to k_process.o(.text) for k_release_processor
    k_message.o(.text) refers to k_message.o(.bss) for mailboxes
    k_message.o(.text) refers to k_message.o(.data) for timeout_queue
    k_message.o(.text) refers to k_process.o(.data) for gp_current_process
    k_message.o(.text) refers to k_process.o(.bss) for gp_pcb_message_waiting_queue
    uart_irq.o(.emb_text) refers to uart_irq.o(.text) for c_UART0_IRQHandler
    uart_irq.o(.text) refers to uart_polling.o(.text) for uart_put_string
    uart_irq.o(.text) refers to printf.o(.text) for tfp_printf
    uart_irq.o(.text) refers to k_procs.o(.text) for uart_i_proc
    uart_irq.o(.text) refers to k_process.o(.data) for interrupt
    uart_irq.o(.text) refers to uart_irq.o(.data) for g_char_in
    k_command_map.o(.text) refers to k_command_map.o(.bss) for registered_cmds
    hot_key_procs.o(.text) refers to printf.o(.text) for tfp_printf
    hot_key_procs.o(.text) refers to k_process_priority_queue.o(.bss) for gp_pcb_queue
    hot_key_procs.o(.text) refers to k_process.o(.bss) for gp_pcb_message_waiting_queue
    timer.o(.emb_text) refers to timer.o(.text) for c_TIMER0_IRQHandler
    timer.o(.text) refers to wall_proc.o(.text) for increment_wall_time
    timer.o(.text) refers to k_procs.o(.text) for timer_i_proc
    timer.o(.text) refers to timer.o(.data) for g_timer_count
    usr_proc.o(.text) refers to wall_proc.o(.text) for update_wall_time
    usr_proc.o(.text) refers to printf.o(.text) for tfp_printf
    usr_proc.o(.text) refers to uart_polling.o(.text) for uart_put_string
    usr_proc.o(.text) refers to k_message.o(.text) for k_receive_message
    usr_proc.o(.text) refers to k_process.o(.text) for k_release_processor
    usr_proc.o(.text) refers to k_memory.o(.text) for k_request_memory_block
    usr_proc.o(.text) refers to usr_proc.o(.bss) for g_test_procs
    usr_proc.o(.text) refers to usr_proc.o(.data) for lastRunProc
    usr_proc.o(.text) refers to usr_proc.o(.constdata) for .constdata
    wall_proc.o(.text) refers to k_message.o(.text) for i_send_message
    wall_proc.o(.text) refers to wall_proc.o(.data) for base_wall_time
    wall_proc.o(.text) refers to wall_proc.o(.bss) for wall_time
    wall_proc.o(.text) refers to k_memory.o(.text) for k_request_memory_block
    wall_proc.o(.data) refers to wall_proc.o(.conststring) for .conststring
    __main.o(!!!main) refers to rtentry.o(.ARM.Collect$$rtentry$$00000000) for __rt_entry
    rtentry.o(.ARM.Collect$$rtentry$$00000000) refers (Special) to rtentry2.o(.ARM.Collect$$rtentry$$0000000A) for __rt_entry_li
    rtentry.o(.ARM.Collect$$rtentry$$00000000) refers (Special) to rtentry2.o(.ARM.Collect$$rtentry$$0000000D) for __rt_entry_main
    rtentry.o(.ARM.Collect$$rtentry$$00000000) refers (Special) to rtentry2.o(.ARM.Collect$$rtentry$$0000000C) for __rt_entry_postli_1
    rtentry.o(.ARM.Collect$$rtentry$$00000000) refers (Special) to rtentry2.o(.ARM.Collect$$rtentry$$00000009) for __rt_entry_postsh_1
    rtentry.o(.ARM.Collect$$rtentry$$00000000) refers (Special) to rtentry2.o(.ARM.Collect$$rtentry$$00000002) for __rt_entry_presh_1
    rtentry.o(.ARM.Collect$$rtentry$$00000000) refers (Special) to rtentry4.o(.ARM.Collect$$rtentry$$00000004) for __rt_entry_sh
    rtentry2.o(.ARM.Collect$$rtentry$$00000008) refers to boardinit2.o(.text) for _platform_post_stackheap_init
    rtentry2.o(.ARM.Collect$$rtentry$$0000000A) refers to libinit.o(.ARM.Collect$$libinit$$00000000) for __rt_lib_init
    rtentry2.o(.ARM.Collect$$rtentry$$0000000B) refers to boardinit3.o(.text) for _platform_post_lib_init
    rtentry2.o(.ARM.Collect$$rtentry$$0000000D) refers to main_svc.o(.text) for main
    rtentry2.o(.ARM.Collect$$rtentry$$0000000D) refers to exit.o(.text) for exit
    rtentry2.o(.ARM.exidx) refers to rtentry2.o(.ARM.Collect$$rtentry$$00000001) for .ARM.Collect$$rtentry$$00000001
    rtentry2.o(.ARM.exidx) refers to rtentry2.o(.ARM.Collect$$rtentry$$00000008) for .ARM.Collect$$rtentry$$00000008
    rtentry2.o(.ARM.exidx) refers to rtentry2.o(.ARM.Collect$$rtentry$$0000000A) for .ARM.Collect$$rtentry$$0000000A
    rtentry2.o(.ARM.exidx) refers to rtentry2.o(.ARM.Collect$$rtentry$$0000000B) for .ARM.Collect$$rtentry$$0000000B
    rtentry2.o(.ARM.exidx) refers to rtentry2.o(.ARM.Collect$$rtentry$$0000000D) for .ARM.Collect$$rtentry$$0000000D
    rtentry4.o(.ARM.Collect$$rtentry$$00000004) refers to sys_stackheap_outer.o(.text) for __user_setup_stackheap
    rtentry4.o(.ARM.exidx) refers to rtentry4.o(.ARM.Collect$$rtentry$$00000004) for .ARM.Collect$$rtentry$$00000004
    sys_stackheap_outer.o(.text) refers to libspace.o(.text) for __user_perproc_libspace
    sys_stackheap_outer.o(.text) refers to startup_lpc17xx.o(.text) for __user_initial_stackheap
    exit.o(.text) refers to rtexit.o(.ARM.Collect$$rtexit$$00000000) for __rt_exit
    libinit.o(.ARM.Collect$$libinit$$00000000) refers (Special) to libinit2.o(.ARM.Collect$$libinit$$0000002C) for __rt_lib_init_alloca_1
    libinit.o(.ARM.Collect$$libinit$$00000000) refers (Special) to libinit2.o(.ARM.Collect$$libinit$$0000002A) for __rt_lib_init_argv_1
    libinit.o(.ARM.Collect$$libinit$$00000000) refers (Special) to libinit2.o(.ARM.Collect$$libinit$$00000019) for __rt_lib_init_atexit_1
    libinit.o(.ARM.Collect$$libinit$$00000000) refers (Special) to libinit2.o(.ARM.Collect$$libinit$$0000001F) for __rt_lib_init_clock_1
    libinit.o(.ARM.Collect$$libinit$$00000000) refers (Special) to libinit2.o(.ARM.Collect$$libinit$$00000030) for __rt_lib_init_cpp_1
    libinit.o(.ARM.Collect$$libinit$$00000000) refers (Special) to libinit2.o(.ARM.Collect$$libinit$$0000002E) for __rt_lib_init_exceptions_1
    libinit.o(.ARM.Collect$$libinit$$00000000) refers (Special) to libinit2.o(.ARM.Collect$$libinit$$00000002) for __rt_lib_init_fp_1
    libinit.o(.ARM.Collect$$libinit$$00000000) refers (Special) to libinit2.o(.ARM.Collect$$libinit$$0000001D) for __rt_lib_init_fp_trap_1
    libinit.o(.ARM.Collect$$libinit$$00000000) refers (Special) to libinit2.o(.ARM.Collect$$libinit$$00000021) for __rt_lib_init_getenv_1
    libinit.o(.ARM.Collect$$libinit$$00000000) refers (Special) to libinit2.o(.ARM.Collect$$libinit$$00000008) for __rt_lib_init_heap_1
    libinit.o(.ARM.Collect$$libinit$$00000000) refers (Special) to libinit2.o(.ARM.Collect$$libinit$$0000000F) for __rt_lib_init_lc_collate_1
    libinit.o(.ARM.Collect$$libinit$$00000000) refers (Special) to libinit2.o(.ARM.Collect$$libinit$$00000011) for __rt_lib_init_lc_ctype_1
    libinit.o(.ARM.Collect$$libinit$$00000000) refers (Special) to libinit2.o(.ARM.Collect$$libinit$$00000013) for __rt_lib_init_lc_monetary_1
    libinit.o(.ARM.Collect$$libinit$$00000000) refers (Special) to libinit2.o(.ARM.Collect$$libinit$$00000015) for __rt_lib_init_lc_numeric_1
    libinit.o(.ARM.Collect$$libinit$$00000000) refers (Special) to libinit2.o(.ARM.Collect$$libinit$$00000017) for __rt_lib_init_lc_time_1
    libinit.o(.ARM.Collect$$libinit$$00000000) refers (Special) to libinit2.o(.ARM.Collect$$libinit$$0000000C) for __rt_lib_init_rand_1
    libinit.o(.ARM.Collect$$libinit$$00000000) refers (Special) to libinit2.o(.ARM.Collect$$libinit$$00000031) for __rt_lib_init_return
    libinit.o(.ARM.Collect$$libinit$$00000000) refers (Special) to libinit2.o(.ARM.Collect$$libinit$$0000001B) for __rt_lib_init_signal_1
    libinit.o(.ARM.Collect$$libinit$$00000000) refers (Special) to libinit2.o(.ARM.Collect$$libinit$$00000023) for __rt_lib_init_stdio_1
    libinit.o(.ARM.Collect$$libinit$$00000000) refers (Special) to libinit2.o(.ARM.Collect$$libinit$$0000000A) for __rt_lib_init_user_alloc_1
    libspace.o(.text) refers to libspace.o(.bss) for __libspace_start
    rtexit.o(.ARM.Collect$$rtexit$$00000000) refers (Special) to rtexit2.o(.ARM.Collect$$rtexit$$00000004) for __rt_exit_exit
    rtexit.o(.ARM.Collect$$rtexit$$00000000) refers (Special) to rtexit2.o(.ARM.Collect$$rtexit$$00000003) for __rt_exit_ls
    rtexit.o(.ARM.Collect$$rtexit$$00000000) refers (Special) to rtexit2.o(.ARM.Collect$$rtexit$$00000002) for __rt_exit_prels_1
    rtexit.o(.ARM.exidx) refers (Special) to rtexit2.o(.ARM.Collect$$rtexit$$00000004) for __rt_exit_exit
    rtexit.o(.ARM.exidx) refers (Special) to rtexit2.o(.ARM.Collect$$rtexit$$00000003) for __rt_exit_ls
    rtexit.o(.ARM.exidx) refers (Special) to rtexit2.o(.ARM.Collect$$rtexit$$00000002) for __rt_exit_prels_1
    rtexit.o(.ARM.exidx) refers to rtexit.o(.ARM.Collect$$rtexit$$00000000) for .ARM.Collect$$rtexit$$00000000
    libinit2.o(.ARM.Collect$$libinit$$0000000E) refers to libinit2.o(.ARM.Collect$$libinit$$0000000D) for .ARM.Collect$$libinit$$0000000D
    libinit2.o(.ARM.Collect$$libinit$$00000010) refers to libinit2.o(.ARM.Collect$$libinit$$0000000D) for .ARM.Collect$$libinit$$0000000D
    libinit2.o(.ARM.Collect$$libinit$$00000012) refers to libinit2.o(.ARM.Collect$$libinit$$0000000D) for .ARM.Collect$$libinit$$0000000D
    libinit2.o(.ARM.Collect$$libinit$$00000014) refers to libinit2.o(.ARM.Collect$$libinit$$0000000D) for .ARM.Collect$$libinit$$0000000D
    libinit2.o(.ARM.Collect$$libinit$$00000016) refers to libinit2.o(.ARM.Collect$$libinit$$0000000D) for .ARM.Collect$$libinit$$0000000D
    libinit2.o(.ARM.Collect$$libinit$$00000024) refers to argv_veneer.o(.emb_text) for __ARM_argv_veneer
    libinit2.o(.ARM.Collect$$libinit$$00000025) refers to argv_veneer.o(.emb_text) for __ARM_argv_veneer
    rtexit2.o(.ARM.Collect$$rtexit$$00000003) refers to libshutdown.o(.ARM.Collect$$libshutdown$$00000000) for __rt_lib_shutdown
    rtexit2.o(.ARM.Collect$$rtexit$$00000004) refers to sys_exit.o(.text) for _sys_exit
    rtexit2.o(.ARM.exidx) refers to rtexit2.o(.ARM.Collect$$rtexit$$00000001) for .ARM.Collect$$rtexit$$00000001
    rtexit2.o(.ARM.exidx) refers to rtexit2.o(.ARM.Collect$$rtexit$$00000003) for .ARM.Collect$$rtexit$$00000003
    rtexit2.o(.ARM.exidx) refers to rtexit2.o(.ARM.Collect$$rtexit$$00000004) for .ARM.Collect$$rtexit$$00000004
    argv_veneer.o(.emb_text) refers to no_argv.o(.text) for __ARM_get_argv
    sys_exit.o(.text) refers (Special) to use_no_semi.o(.text) for __I$use$semihosting
    sys_exit.o(.text) refers (Special) to indicate_semi.o(.text) for __semihosting_library_function
    _get_argv_nomalloc.o(.text) refers (Special) to hrguard.o(.text) for __heap_region$guard
    _get_argv_nomalloc.o(.text) refers to defsig_rtmem_outer.o(.text) for __rt_SIGRTMEM
    _get_argv_nomalloc.o(.text) refers to sys_command.o(.text) for _sys_command_string
    libshutdown.o(.ARM.Collect$$libshutdown$$00000000) refers (Special) to libshutdown2.o(.ARM.Collect$$libshutdown$$00000006) for __rt_lib_shutdown_fp_trap_1
    libshutdown.o(.ARM.Collect$$libshutdown$$00000000) refers (Special) to libshutdown2.o(.ARM.Collect$$libshutdown$$0000000E) for __rt_lib_shutdown_heap_1
    libshutdown.o(.ARM.Collect$$libshutdown$$00000000) refers (Special) to libshutdown2.o(.ARM.Collect$$libshutdown$$0000000F) for __rt_lib_shutdown_return
    libshutdown.o(.ARM.Collect$$libshutdown$$00000000) refers (Special) to libshutdown2.o(.ARM.Collect$$libshutdown$$00000009) for __rt_lib_shutdown_signal_1
    libshutdown.o(.ARM.Collect$$libshutdown$$00000000) refers (Special) to libshutdown2.o(.ARM.Collect$$libshutdown$$00000003) for __rt_lib_shutdown_stdio_1
    libshutdown.o(.ARM.Collect$$libshutdown$$00000000) refers (Special) to libshutdown2.o(.ARM.Collect$$libshutdown$$0000000B) for __rt_lib_shutdown_user_alloc_1
    sys_command.o(.text) refers (Special) to use_no_semi.o(.text) for __I$use$semihosting
    sys_command.o(.text) refers (Special) to indicate_semi.o(.text) for __semihosting_library_function
    defsig_rtmem_outer.o(.text) refers to defsig_rtmem_inner.o(.text) for __rt_SIGRTMEM_inner
    defsig_rtmem_outer.o(.text) refers to defsig_exit.o(.text) for __sig_exit
    defsig_rtmem_formal.o(.text) refers to rt_raise.o(.text) for __rt_raise
    rt_raise.o(.text) refers to __raise.o(.text) for __raise
    rt_raise.o(.text) refers to sys_exit.o(.text) for _sys_exit
    defsig_exit.o(.text) refers to sys_exit.o(.text) for _sys_exit
    defsig_rtmem_inner.o(.text) refers to defsig_general.o(.text) for __default_signal_display
    __raise.o(.text) refers to defsig.o(CL$$defsig) for __default_signal_handler
    defsig_general.o(.text) refers to sys_wrch.o(.text) for _ttywrch
    sys_wrch.o(.text) refers (Special) to use_no_semi.o(.text) for __I$use$semihosting
    sys_wrch.o(.text) refers (Special) to indicate_semi.o(.text) for __semihosting_library_function
    defsig.o(CL$$defsig) refers to defsig_rtmem_inner.o(.text) for __rt_SIGRTMEM_inner
    defsig_abrt_inner.o(.text) refers to defsig_general.o(.text) for __default_signal_display
    defsig_fpe_inner.o(.text) refers to defsig_general.o(.text) for __default_signal_display
    defsig_rtred_inner.o(.text) refers to defsig_general.o(.text) for __default_signal_display
    defsig_stak_inner.o(.text) refers to defsig_general.o(.text) for __default_signal_display
    defsig_pvfn_inner.o(.text) refers to defsig_general.o(.text) for __default_signal_display
    defsig_cppl_inner.o(.text) refers to defsig_general.o(.text) for __default_signal_display
    defsig_segv_inner.o(.text) refers to defsig_general.o(.text) for __default_signal_display
    defsig_other.o(.text) refers to defsig_general.o(.text) for __default_signal_display


==============================================================================

Removing Unused input sections from the image.

    Removing system_lpc17xx.o(.rev16_text), (4 bytes).
    Removing system_lpc17xx.o(.revsh_text), (4 bytes).
    Removing uart_polling.o(.rev16_text), (4 bytes).
    Removing uart_polling.o(.revsh_text), (4 bytes).
    Removing main_svc.o(.rev16_text), (4 bytes).
    Removing main_svc.o(.revsh_text), (4 bytes).
    Removing k_process.o(.rev16_text), (4 bytes).
    Removing k_process.o(.revsh_text), (4 bytes).
    Removing k_procs.o(.rev16_text), (4 bytes).
    Removing k_procs.o(.revsh_text), (4 bytes).
    Removing uart_irq.o(.rev16_text), (4 bytes).
    Removing uart_irq.o(.revsh_text), (4 bytes).
    Removing hot_key_procs.o(.text), (124 bytes).
    Removing timer.o(.rev16_text), (4 bytes).
    Removing timer.o(.revsh_text), (4 bytes).

15 unused section(s) (total 180 bytes) removed from the image.

==============================================================================

Image Symbol Table

    Local Symbols

    Symbol Name                              Value     Ov Type        Size  Object(Section)

    RESET                                    0x00000000   Section      204  startup_lpc17xx.o(RESET)
    ../clib/angel/boardlib.s                 0x00000000   Number         0  boardinit3.o ABSOLUTE
    ../clib/angel/boardlib.s                 0x00000000   Number         0  boardinit2.o ABSOLUTE
    ../clib/angel/boardlib.s                 0x00000000   Number         0  boardinit1.o ABSOLUTE
    ../clib/angel/boardlib.s                 0x00000000   Number         0  boardshut.o ABSOLUTE
    ../clib/angel/handlers.s                 0x00000000   Number         0  __scatter_copy.o ABSOLUTE
    ../clib/angel/kernel.s                   0x00000000   Number         0  rtexit.o ABSOLUTE
    ../clib/angel/kernel.s                   0x00000000   Number         0  rtentry4.o ABSOLUTE
    ../clib/angel/kernel.s                   0x00000000   Number         0  rtexit2.o ABSOLUTE
    ../clib/angel/kernel.s                   0x00000000   Number         0  rtentry2.o ABSOLUTE
    ../clib/angel/kernel.s                   0x00000000   Number         0  rtentry.o ABSOLUTE
    ../clib/angel/rt.s                       0x00000000   Number         0  rt_raise.o ABSOLUTE
    ../clib/angel/scatter.s                  0x00000000   Number         0  __scatter.o ABSOLUTE
    ../clib/angel/startup.s                  0x00000000   Number         0  __main.o ABSOLUTE
    ../clib/angel/sys.s                      0x00000000   Number         0  libspace.o ABSOLUTE
    ../clib/angel/sys.s                      0x00000000   Number         0  sys_stackheap_outer.o ABSOLUTE
    ../clib/angel/sys.s                      0x00000000   Number         0  indicate_semi.o ABSOLUTE
    ../clib/angel/sys.s                      0x00000000   Number         0  use_no_semi.o ABSOLUTE
    ../clib/angel/sysapp.c                   0x00000000   Number         0  sys_exit.o ABSOLUTE
    ../clib/angel/sysapp.c                   0x00000000   Number         0  sys_command.o ABSOLUTE
    ../clib/angel/sysapp.c                   0x00000000   Number         0  sys_wrch.o ABSOLUTE
    ../clib/armsys.c                         0x00000000   Number         0  argv_veneer.o ABSOLUTE
    ../clib/armsys.c                         0x00000000   Number         0  no_argv.o ABSOLUTE
    ../clib/armsys.c                         0x00000000   Number         0  argv_veneer.o ABSOLUTE
    ../clib/armsys.c                         0x00000000   Number         0  _get_argv_nomalloc.o ABSOLUTE
    ../clib/heapalloc.c                      0x00000000   Number         0  hrguard.o ABSOLUTE
    ../clib/heapaux.c                        0x00000000   Number         0  heapauxi.o ABSOLUTE
    ../clib/libinit.s                        0x00000000   Number         0  libshutdown2.o ABSOLUTE
    ../clib/libinit.s                        0x00000000   Number         0  libshutdown.o ABSOLUTE
    ../clib/libinit.s                        0x00000000   Number         0  libinit.o ABSOLUTE
    ../clib/libinit.s                        0x00000000   Number         0  libinit2.o ABSOLUTE
    ../clib/signal.c                         0x00000000   Number         0  defsig_rtmem_inner.o ABSOLUTE
    ../clib/signal.c                         0x00000000   Number         0  __raise.o ABSOLUTE
    ../clib/signal.c                         0x00000000   Number         0  defsig_exit.o ABSOLUTE
    ../clib/signal.c                         0x00000000   Number         0  defsig_abrt_inner.o ABSOLUTE
    ../clib/signal.c                         0x00000000   Number         0  defsig_rtmem_outer.o ABSOLUTE
    ../clib/signal.c                         0x00000000   Number         0  defsig_rtmem_formal.o ABSOLUTE
    ../clib/signal.c                         0x00000000   Number         0  defsig_fpe_inner.o ABSOLUTE
    ../clib/signal.c                         0x00000000   Number         0  defsig_stak_inner.o ABSOLUTE
    ../clib/signal.c                         0x00000000   Number         0  defsig_pvfn_inner.o ABSOLUTE
    ../clib/signal.c                         0x00000000   Number         0  defsig_rtred_inner.o ABSOLUTE
    ../clib/signal.c                         0x00000000   Number         0  defsig_cppl_inner.o ABSOLUTE
    ../clib/signal.c                         0x00000000   Number         0  defsig_other.o ABSOLUTE
    ../clib/signal.c                         0x00000000   Number         0  defsig_segv_inner.o ABSOLUTE
    ../clib/signal.c                         0x00000000   Number         0  defsig_general.o ABSOLUTE
    ../clib/signal.s                         0x00000000   Number         0  defsig.o ABSOLUTE
    ../clib/stdlib.c                         0x00000000   Number         0  exit.o ABSOLUTE
    ../fplib/fpinit.s                        0x00000000   Number         0  fpinit.o ABSOLUTE
    dc.s                                     0x00000000   Number         0  dc.o ABSOLUTE
    src\HAL.c                                0x00000000   Number         0  hal.o ABSOLUTE
    src\\HAL.c                               0x00000000   Number         0  hal.o ABSOLUTE
    src\\k_process.c                         0x00000000   Number         0  k_process.o ABSOLUTE
    src\\k_procs.c                           0x00000000   Number         0  k_procs.o ABSOLUTE
    src\\main_svc.c                          0x00000000   Number         0  main_svc.o ABSOLUTE
    src\\system_LPC17xx.c                    0x00000000   Number         0  system_lpc17xx.o ABSOLUTE
    src\\timer.c                             0x00000000   Number         0  timer.o ABSOLUTE
    src\\uart_irq.c                          0x00000000   Number         0  uart_irq.o ABSOLUTE
    src\\uart_polling.c                      0x00000000   Number         0  uart_polling.o ABSOLUTE
    src\hot_key_procs.c                      0x00000000   Number         0  hot_key_procs.o ABSOLUTE
    src\k_command_map.c                      0x00000000   Number         0  k_command_map.o ABSOLUTE
    src\k_mailbox.c                          0x00000000   Number         0  k_mailbox.o ABSOLUTE
    src\k_memory.c                           0x00000000   Number         0  k_memory.o ABSOLUTE
    src\k_memory_queue.c                     0x00000000   Number         0  k_memory_queue.o ABSOLUTE
    src\k_message.c                          0x00000000   Number         0  k_message.o ABSOLUTE
    src\k_process.c                          0x00000000   Number         0  k_process.o ABSOLUTE
    src\k_process_priority_queue.c           0x00000000   Number         0  k_process_priority_queue.o ABSOLUTE
    src\k_procs.c                            0x00000000   Number         0  k_procs.o ABSOLUTE
    src\k_rtx_init.c                         0x00000000   Number         0  k_rtx_init.o ABSOLUTE
    src\k_timeout_queue.c                    0x00000000   Number         0  k_timeout_queue.o ABSOLUTE
    src\main_svc.c                           0x00000000   Number         0  main_svc.o ABSOLUTE
    src\printf.c                             0x00000000   Number         0  printf.o ABSOLUTE
    src\startup_LPC17xx.s                    0x00000000   Number         0  startup_lpc17xx.o ABSOLUTE
    src\system_LPC17xx.c                     0x00000000   Number         0  system_lpc17xx.o ABSOLUTE
    src\timer.c                              0x00000000   Number         0  timer.o ABSOLUTE
    src\uart_irq.c                           0x00000000   Number         0  uart_irq.o ABSOLUTE
    src\uart_polling.c                       0x00000000   Number         0  uart_polling.o ABSOLUTE
    src\usr_proc.c                           0x00000000   Number         0  usr_proc.o ABSOLUTE
    src\wall_proc.c                          0x00000000   Number         0  wall_proc.o ABSOLUTE
    !!!main                                  0x000000cc   Section        8  __main.o(!!!main)
    !!!scatter                               0x000000d4   Section       52  __scatter.o(!!!scatter)
    !!handler_copy                           0x00000108   Section       26  __scatter_copy.o(!!handler_copy)
    .ARM.Collect$$libinit$$00000000          0x00000122   Section        2  libinit.o(.ARM.Collect$$libinit$$00000000)
    .ARM.Collect$$libinit$$00000002          0x00000124   Section        0  libinit2.o(.ARM.Collect$$libinit$$00000002)
    .ARM.Collect$$libinit$$00000008          0x00000124   Section        0  libinit2.o(.ARM.Collect$$libinit$$00000008)
    .ARM.Collect$$libinit$$0000000A          0x00000124   Section        0  libinit2.o(.ARM.Collect$$libinit$$0000000A)
    .ARM.Collect$$libinit$$0000000C          0x00000124   Section        0  libinit2.o(.ARM.Collect$$libinit$$0000000C)
    .ARM.Collect$$libinit$$0000000F          0x00000124   Section        0  libinit2.o(.ARM.Collect$$libinit$$0000000F)
    .ARM.Collect$$libinit$$00000011          0x00000124   Section        0  libinit2.o(.ARM.Collect$$libinit$$00000011)
    .ARM.Collect$$libinit$$00000013          0x00000124   Section        0  libinit2.o(.ARM.Collect$$libinit$$00000013)
    .ARM.Collect$$libinit$$00000015          0x00000124   Section        0  libinit2.o(.ARM.Collect$$libinit$$00000015)
    .ARM.Collect$$libinit$$00000017          0x00000124   Section        0  libinit2.o(.ARM.Collect$$libinit$$00000017)
    .ARM.Collect$$libinit$$00000019          0x00000124   Section        0  libinit2.o(.ARM.Collect$$libinit$$00000019)
    .ARM.Collect$$libinit$$0000001B          0x00000124   Section        0  libinit2.o(.ARM.Collect$$libinit$$0000001B)
    .ARM.Collect$$libinit$$0000001D          0x00000124   Section        0  libinit2.o(.ARM.Collect$$libinit$$0000001D)
    .ARM.Collect$$libinit$$0000001F          0x00000124   Section        0  libinit2.o(.ARM.Collect$$libinit$$0000001F)
    .ARM.Collect$$libinit$$00000021          0x00000124   Section        0  libinit2.o(.ARM.Collect$$libinit$$00000021)
    .ARM.Collect$$libinit$$00000023          0x00000124   Section        0  libinit2.o(.ARM.Collect$$libinit$$00000023)
    .ARM.Collect$$libinit$$0000002A          0x00000124   Section        0  libinit2.o(.ARM.Collect$$libinit$$0000002A)
    .ARM.Collect$$libinit$$0000002C          0x00000124   Section        0  libinit2.o(.ARM.Collect$$libinit$$0000002C)
    .ARM.Collect$$libinit$$0000002E          0x00000124   Section        0  libinit2.o(.ARM.Collect$$libinit$$0000002E)
    .ARM.Collect$$libinit$$00000030          0x00000124   Section        0  libinit2.o(.ARM.Collect$$libinit$$00000030)
    .ARM.Collect$$libinit$$00000031          0x00000124   Section        2  libinit2.o(.ARM.Collect$$libinit$$00000031)
    .ARM.Collect$$libshutdown$$00000000      0x00000126   Section        2  libshutdown.o(.ARM.Collect$$libshutdown$$00000000)
    .ARM.Collect$$libshutdown$$00000003      0x00000128   Section        0  libshutdown2.o(.ARM.Collect$$libshutdown$$00000003)
    .ARM.Collect$$libshutdown$$00000006      0x00000128   Section        0  libshutdown2.o(.ARM.Collect$$libshutdown$$00000006)
    .ARM.Collect$$libshutdown$$00000009      0x00000128   Section        0  libshutdown2.o(.ARM.Collect$$libshutdown$$00000009)
    .ARM.Collect$$libshutdown$$0000000B      0x00000128   Section        0  libshutdown2.o(.ARM.Collect$$libshutdown$$0000000B)
    .ARM.Collect$$libshutdown$$0000000E      0x00000128   Section        0  libshutdown2.o(.ARM.Collect$$libshutdown$$0000000E)
    .ARM.Collect$$libshutdown$$0000000F      0x00000128   Section        2  libshutdown2.o(.ARM.Collect$$libshutdown$$0000000F)
    .ARM.Collect$$rtentry$$00000000          0x0000012a   Section        0  rtentry.o(.ARM.Collect$$rtentry$$00000000)
    .ARM.Collect$$rtentry$$00000002          0x0000012a   Section        0  rtentry2.o(.ARM.Collect$$rtentry$$00000002)
    .ARM.Collect$$rtentry$$00000004          0x0000012a   Section        6  rtentry4.o(.ARM.Collect$$rtentry$$00000004)
    .ARM.Collect$$rtentry$$00000009          0x00000130   Section        0  rtentry2.o(.ARM.Collect$$rtentry$$00000009)
    .ARM.Collect$$rtentry$$0000000A          0x00000130   Section        4  rtentry2.o(.ARM.Collect$$rtentry$$0000000A)
    .ARM.Collect$$rtentry$$0000000C          0x00000134   Section        0  rtentry2.o(.ARM.Collect$$rtentry$$0000000C)
    .ARM.Collect$$rtentry$$0000000D          0x00000134   Section        8  rtentry2.o(.ARM.Collect$$rtentry$$0000000D)
    .ARM.Collect$$rtexit$$00000000           0x0000013c   Section        2  rtexit.o(.ARM.Collect$$rtexit$$00000000)
    .ARM.Collect$$rtexit$$00000002           0x0000013e   Section        0  rtexit2.o(.ARM.Collect$$rtexit$$00000002)
    .ARM.Collect$$rtexit$$00000003           0x0000013e   Section        4  rtexit2.o(.ARM.Collect$$rtexit$$00000003)
    .ARM.Collect$$rtexit$$00000004           0x00000142   Section        6  rtexit2.o(.ARM.Collect$$rtexit$$00000004)
    .emb_text                                0x00000148   Section       50  hal.o(.emb_text)
    .emb_text                                0x0000017c   Section       12  uart_irq.o(.emb_text)
    .emb_text                                0x00000188   Section       12  timer.o(.emb_text)
    .text                                    0x00000194   Section       52  startup_lpc17xx.o(.text)
    .text                                    0x000001c8   Section        0  uart_polling.o(.text)
    .text                                    0x000002ec   Section        0  heapauxi.o(.text)
    .text                                    0x000002f4   Section        8  libspace.o(.text)
    .ARM.__at_0x02FC                         0x000002fc   Section        4  startup_lpc17xx.o(.ARM.__at_0x02FC)
    .text                                    0x00000300   Section        0  system_lpc17xx.o(.text)
    .text                                    0x0000051c   Section        0  printf.o(.text)
    ui2a                                     0x0000051d   Thumb Code    86  printf.o(.text)
    i2a                                      0x00000573   Thumb Code    32  printf.o(.text)
    a2d                                      0x00000593   Thumb Code    50  printf.o(.text)
    a2i                                      0x000005c5   Thumb Code    58  printf.o(.text)
    putchw                                   0x000005ff   Thumb Code    82  printf.o(.text)
    putcp                                    0x000007a5   Thumb Code    10  printf.o(.text)
    .text                                    0x000007e0   Section        0  main_svc.o(.text)
    .text                                    0x00000804   Section        0  k_rtx_init.o(.text)
    .text                                    0x00000848   Section        0  k_memory.o(.text)
    .text                                    0x00000a80   Section        0  k_process.o(.text)
    .text                                    0x00000d94   Section        0  k_memory_queue.o(.text)
    .text                                    0x00000e04   Section        0  k_process_priority_queue.o(.text)
    .text                                    0x000010a4   Section        0  k_procs.o(.text)
    .text                                    0x00001274   Section        0  k_mailbox.o(.text)
    .text                                    0x000012c4   Section        0  k_message.o(.text)
    .text                                    0x00001410   Section        0  k_timeout_queue.o(.text)
    .text                                    0x000014d0   Section        0  uart_irq.o(.text)
    NVIC_EnableIRQ                           0x00001621   Thumb Code    24  uart_irq.o(.text)
    .text                                    0x000016f4   Section        0  k_command_map.o(.text)
    .text                                    0x00001774   Section        0  timer.o(.text)
    .text                                    0x000017e0   Section        0  usr_proc.o(.text)
    .text                                    0x00001d54   Section        0  wall_proc.o(.text)
    .text                                    0x00001ed8   Section       74  sys_stackheap_outer.o(.text)
    .text                                    0x00001f22   Section        0  exit.o(.text)
    .text                                    0x00001f30   Section        0  sys_exit.o(.text)
    .text                                    0x00001f3c   Section        2  use_no_semi.o(.text)
    .text                                    0x00001f3e   Section        0  indicate_semi.o(.text)
    .constdata                               0x00001f40   Section       66  usr_proc.o(.constdata)
    .conststring                             0x00001f82   Section        9  wall_proc.o(.conststring)
    .data                                    0x10000000   Section        4  system_lpc17xx.o(.data)
    .data                                    0x10000004   Section        8  printf.o(.data)
    stdout_putf                              0x10000004   Data           4  printf.o(.data)
    stdout_putp                              0x10000008   Data           4  printf.o(.data)
    .data                                    0x1000000c   Section       12  k_memory.o(.data)
    .data                                    0x10000018   Section       12  k_process.o(.data)
    .data                                    0x10000024   Section        8  k_procs.o(.data)
    .data                                    0x1000002c   Section        8  k_message.o(.data)
    .data                                    0x10000034   Section       23  uart_irq.o(.data)
    .data                                    0x1000004c   Section        4  timer.o(.data)
    .data                                    0x10000050   Section       12  usr_proc.o(.data)
    .data                                    0x1000005c   Section       20  wall_proc.o(.data)
    .bss                                     0x10000070   Section      224  k_process.o(.bss)
    .bss                                     0x10000150   Section       80  k_process_priority_queue.o(.bss)
    .bss                                     0x100001a0   Section       48  k_procs.o(.bss)
    .bss                                     0x100001d0   Section      128  k_message.o(.bss)
    .bss                                     0x10000250   Section      208  k_command_map.o(.bss)
    .bss                                     0x10000320   Section      122  usr_proc.o(.bss)
    .bss                                     0x1000039a   Section        9  wall_proc.o(.bss)
    .bss                                     0x100003a4   Section       96  libspace.o(.bss)
    HEAP                                     0x10000408   Section        0  startup_lpc17xx.o(HEAP)
    STACK                                    0x10000408   Section      512  startup_lpc17xx.o(STACK)
    Heap_Mem                                 0x10000408   Data           0  startup_lpc17xx.o(HEAP)
    Stack_Mem                                0x10000408   Data         512  startup_lpc17xx.o(STACK)
    __initial_sp                             0x10000608   Data           0  startup_lpc17xx.o(STACK)

    Global Symbols

    Symbol Name                              Value     Ov Type        Size  Object(Section)

    BuildAttributes$$THM_ISAv4$P$D$K$B$S$PE$A:L22UL41UL21$X:L11$S22US41US21$IEEE1$IW$USESV6$~STKCKD$USESV7$~SHL$OSPACE$ROPI$EBA8$UX$STANDARDLIB$REQ8$PRES8$EABIv2 0x00000000   Number         0  anon$$obj.o ABSOLUTE
    __ARM_use_no_argv                        0x00000000   Number         0  main_svc.o ABSOLUTE
    __Vectors                                0x00000000   Data           4  startup_lpc17xx.o(RESET)
    __ARM_exceptions_init                     - Undefined Weak Reference
    __alloca_initialize                       - Undefined Weak Reference
    __cpp_initialize__aeabi_                  - Undefined Weak Reference
    __cxa_finalize                            - Undefined Weak Reference
    __rt_locale                               - Undefined Weak Reference
    __sigvec_lookup                           - Undefined Weak Reference
    _atexit_init                              - Undefined Weak Reference
    _call_atexit_fns                          - Undefined Weak Reference
    _clock_init                               - Undefined Weak Reference
    _fp_trap_init                             - Undefined Weak Reference
    _fp_trap_shutdown                         - Undefined Weak Reference
    _get_lc_collate                           - Undefined Weak Reference
    _get_lc_ctype                             - Undefined Weak Reference
    _get_lc_monetary                          - Undefined Weak Reference
    _get_lc_numeric                           - Undefined Weak Reference
    _get_lc_time                              - Undefined Weak Reference
    _getenv_init                              - Undefined Weak Reference
    _handle_redirection                       - Undefined Weak Reference
    _init_alloc                               - Undefined Weak Reference
    _init_user_alloc                          - Undefined Weak Reference
    _initio                                   - Undefined Weak Reference
    _rand_init                                - Undefined Weak Reference
    _signal_finish                            - Undefined Weak Reference
    _signal_init                              - Undefined Weak Reference
    _terminate_alloc                          - Undefined Weak Reference
    _terminate_user_alloc                     - Undefined Weak Reference
    _terminateio                              - Undefined Weak Reference
    __main                                   0x000000cd   Thumb Code     8  __main.o(!!!main)
    __scatterload                            0x000000d5   Thumb Code     0  __scatter.o(!!!scatter)
    __scatterload_rt2                        0x000000d5   Thumb Code    44  __scatter.o(!!!scatter)
    __scatterload_rt2_thumb_only             0x000000d5   Thumb Code     0  __scatter.o(!!!scatter)
    __scatterload_null                       0x000000e3   Thumb Code     0  __scatter.o(!!!scatter)
    __scatterload_copy                       0x00000109   Thumb Code    26  __scatter_copy.o(!!handler_copy)
    __rt_lib_init                            0x00000123   Thumb Code     0  libinit.o(.ARM.Collect$$libinit$$00000000)
    __rt_lib_init_alloca_1                   0x00000125   Thumb Code     0  libinit2.o(.ARM.Collect$$libinit$$0000002C)
    __rt_lib_init_argv_1                     0x00000125   Thumb Code     0  libinit2.o(.ARM.Collect$$libinit$$0000002A)
    __rt_lib_init_atexit_1                   0x00000125   Thumb Code     0  libinit2.o(.ARM.Collect$$libinit$$00000019)
    __rt_lib_init_clock_1                    0x00000125   Thumb Code     0  libinit2.o(.ARM.Collect$$libinit$$0000001F)
    __rt_lib_init_cpp_1                      0x00000125   Thumb Code     0  libinit2.o(.ARM.Collect$$libinit$$00000030)
    __rt_lib_init_exceptions_1               0x00000125   Thumb Code     0  libinit2.o(.ARM.Collect$$libinit$$0000002E)
    __rt_lib_init_fp_1                       0x00000125   Thumb Code     0  libinit2.o(.ARM.Collect$$libinit$$00000002)
    __rt_lib_init_fp_trap_1                  0x00000125   Thumb Code     0  libinit2.o(.ARM.Collect$$libinit$$0000001D)
    __rt_lib_init_getenv_1                   0x00000125   Thumb Code     0  libinit2.o(.ARM.Collect$$libinit$$00000021)
    __rt_lib_init_heap_1                     0x00000125   Thumb Code     0  libinit2.o(.ARM.Collect$$libinit$$00000008)
    __rt_lib_init_lc_collate_1               0x00000125   Thumb Code     0  libinit2.o(.ARM.Collect$$libinit$$0000000F)
    __rt_lib_init_lc_ctype_1                 0x00000125   Thumb Code     0  libinit2.o(.ARM.Collect$$libinit$$00000011)
    __rt_lib_init_lc_monetary_1              0x00000125   Thumb Code     0  libinit2.o(.ARM.Collect$$libinit$$00000013)
    __rt_lib_init_lc_numeric_1               0x00000125   Thumb Code     0  libinit2.o(.ARM.Collect$$libinit$$00000015)
    __rt_lib_init_lc_time_1                  0x00000125   Thumb Code     0  libinit2.o(.ARM.Collect$$libinit$$00000017)
    __rt_lib_init_rand_1                     0x00000125   Thumb Code     0  libinit2.o(.ARM.Collect$$libinit$$0000000C)
    __rt_lib_init_return                     0x00000125   Thumb Code     0  libinit2.o(.ARM.Collect$$libinit$$00000031)
    __rt_lib_init_signal_1                   0x00000125   Thumb Code     0  libinit2.o(.ARM.Collect$$libinit$$0000001B)
    __rt_lib_init_stdio_1                    0x00000125   Thumb Code     0  libinit2.o(.ARM.Collect$$libinit$$00000023)
    __rt_lib_init_user_alloc_1               0x00000125   Thumb Code     0  libinit2.o(.ARM.Collect$$libinit$$0000000A)
    __rt_lib_shutdown                        0x00000127   Thumb Code     0  libshutdown.o(.ARM.Collect$$libshutdown$$00000000)
    __rt_lib_shutdown_fp_trap_1              0x00000129   Thumb Code     0  libshutdown2.o(.ARM.Collect$$libshutdown$$00000006)
    __rt_lib_shutdown_heap_1                 0x00000129   Thumb Code     0  libshutdown2.o(.ARM.Collect$$libshutdown$$0000000E)
    __rt_lib_shutdown_return                 0x00000129   Thumb Code     0  libshutdown2.o(.ARM.Collect$$libshutdown$$0000000F)
    __rt_lib_shutdown_signal_1               0x00000129   Thumb Code     0  libshutdown2.o(.ARM.Collect$$libshutdown$$00000009)
    __rt_lib_shutdown_stdio_1                0x00000129   Thumb Code     0  libshutdown2.o(.ARM.Collect$$libshutdown$$00000003)
    __rt_lib_shutdown_user_alloc_1           0x00000129   Thumb Code     0  libshutdown2.o(.ARM.Collect$$libshutdown$$0000000B)
    __rt_entry                               0x0000012b   Thumb Code     0  rtentry.o(.ARM.Collect$$rtentry$$00000000)
    __rt_entry_presh_1                       0x0000012b   Thumb Code     0  rtentry2.o(.ARM.Collect$$rtentry$$00000002)
    __rt_entry_sh                            0x0000012b   Thumb Code     0  rtentry4.o(.ARM.Collect$$rtentry$$00000004)
    __rt_entry_li                            0x00000131   Thumb Code     0  rtentry2.o(.ARM.Collect$$rtentry$$0000000A)
    __rt_entry_postsh_1                      0x00000131   Thumb Code     0  rtentry2.o(.ARM.Collect$$rtentry$$00000009)
    __rt_entry_main                          0x00000135   Thumb Code     0  rtentry2.o(.ARM.Collect$$rtentry$$0000000D)
    __rt_entry_postli_1                      0x00000135   Thumb Code     0  rtentry2.o(.ARM.Collect$$rtentry$$0000000C)
    __rt_exit                                0x0000013d   Thumb Code     0  rtexit.o(.ARM.Collect$$rtexit$$00000000)
    __rt_exit_ls                             0x0000013f   Thumb Code     0  rtexit2.o(.ARM.Collect$$rtexit$$00000003)
    __rt_exit_prels_1                        0x0000013f   Thumb Code     0  rtexit2.o(.ARM.Collect$$rtexit$$00000002)
    __rt_exit_exit                           0x00000143   Thumb Code     0  rtexit2.o(.ARM.Collect$$rtexit$$00000004)
    __rte                                    0x00000149   Thumb Code     6  hal.o(.emb_text)
    SVC_Handler                              0x0000014f   Thumb Code    44  hal.o(.emb_text)
    UART0_IRQHandler                         0x0000017d   Thumb Code    12  uart_irq.o(.emb_text)
    TIMER0_IRQHandler                        0x00000189   Thumb Code    12  timer.o(.emb_text)
    Reset_Handler                            0x00000195   Thumb Code     4  startup_lpc17xx.o(.text)
    NMI_Handler                              0x00000199   Thumb Code     2  startup_lpc17xx.o(.text)
    HardFault_Handler                        0x0000019b   Thumb Code     2  startup_lpc17xx.o(.text)
    MemManage_Handler                        0x0000019d   Thumb Code     2  startup_lpc17xx.o(.text)
    BusFault_Handler                         0x0000019f   Thumb Code     2  startup_lpc17xx.o(.text)
    UsageFault_Handler                       0x000001a1   Thumb Code     2  startup_lpc17xx.o(.text)
    DebugMon_Handler                         0x000001a5   Thumb Code     2  startup_lpc17xx.o(.text)
    PendSV_Handler                           0x000001a7   Thumb Code     2  startup_lpc17xx.o(.text)
    SysTick_Handler                          0x000001a9   Thumb Code     2  startup_lpc17xx.o(.text)
    ADC_IRQHandler                           0x000001ab   Thumb Code     0  startup_lpc17xx.o(.text)
    BOD_IRQHandler                           0x000001ab   Thumb Code     0  startup_lpc17xx.o(.text)
    CANActivity_IRQHandler                   0x000001ab   Thumb Code     0  startup_lpc17xx.o(.text)
    CAN_IRQHandler                           0x000001ab   Thumb Code     0  startup_lpc17xx.o(.text)
    DMA_IRQHandler                           0x000001ab   Thumb Code     0  startup_lpc17xx.o(.text)
    EINT0_IRQHandler                         0x000001ab   Thumb Code     0  startup_lpc17xx.o(.text)
    EINT1_IRQHandler                         0x000001ab   Thumb Code     0  startup_lpc17xx.o(.text)
    EINT2_IRQHandler                         0x000001ab   Thumb Code     0  startup_lpc17xx.o(.text)
    EINT3_IRQHandler                         0x000001ab   Thumb Code     0  startup_lpc17xx.o(.text)
    ENET_IRQHandler                          0x000001ab   Thumb Code     0  startup_lpc17xx.o(.text)
    I2C0_IRQHandler                          0x000001ab   Thumb Code     0  startup_lpc17xx.o(.text)
    I2C1_IRQHandler                          0x000001ab   Thumb Code     0  startup_lpc17xx.o(.text)
    I2C2_IRQHandler                          0x000001ab   Thumb Code     0  startup_lpc17xx.o(.text)
    I2S_IRQHandler                           0x000001ab   Thumb Code     0  startup_lpc17xx.o(.text)
    MCPWM_IRQHandler                         0x000001ab   Thumb Code     0  startup_lpc17xx.o(.text)
    PLL0_IRQHandler                          0x000001ab   Thumb Code     0  startup_lpc17xx.o(.text)
    PLL1_IRQHandler                          0x000001ab   Thumb Code     0  startup_lpc17xx.o(.text)
    PWM1_IRQHandler                          0x000001ab   Thumb Code     0  startup_lpc17xx.o(.text)
    QEI_IRQHandler                           0x000001ab   Thumb Code     0  startup_lpc17xx.o(.text)
    RIT_IRQHandler                           0x000001ab   Thumb Code     0  startup_lpc17xx.o(.text)
    RTC_IRQHandler                           0x000001ab   Thumb Code     0  startup_lpc17xx.o(.text)
    SPI_IRQHandler                           0x000001ab   Thumb Code     0  startup_lpc17xx.o(.text)
    SSP0_IRQHandler                          0x000001ab   Thumb Code     0  startup_lpc17xx.o(.text)
    SSP1_IRQHandler                          0x000001ab   Thumb Code     0  startup_lpc17xx.o(.text)
    TIMER1_IRQHandler                        0x000001ab   Thumb Code     0  startup_lpc17xx.o(.text)
    TIMER2_IRQHandler                        0x000001ab   Thumb Code     0  startup_lpc17xx.o(.text)
    TIMER3_IRQHandler                        0x000001ab   Thumb Code     0  startup_lpc17xx.o(.text)
    UART1_IRQHandler                         0x000001ab   Thumb Code     0  startup_lpc17xx.o(.text)
    UART2_IRQHandler                         0x000001ab   Thumb Code     0  startup_lpc17xx.o(.text)
    UART3_IRQHandler                         0x000001ab   Thumb Code     0  startup_lpc17xx.o(.text)
    USBActivity_IRQHandler                   0x000001ab   Thumb Code     0  startup_lpc17xx.o(.text)
    USB_IRQHandler                           0x000001ab   Thumb Code     0  startup_lpc17xx.o(.text)
    WDT_IRQHandler                           0x000001ab   Thumb Code     0  startup_lpc17xx.o(.text)
    __user_initial_stackheap                 0x000001ad   Thumb Code     0  startup_lpc17xx.o(.text)
    uart_init                                0x000001c9   Thumb Code    96  uart_polling.o(.text)
    uart_get_char                            0x00000229   Thumb Code    36  uart_polling.o(.text)
    uart_put_char                            0x0000024d   Thumb Code    40  uart_polling.o(.text)
    uart_put_string                          0x00000275   Thumb Code    38  uart_polling.o(.text)
    putc                                     0x0000029b   Thumb Code    28  uart_polling.o(.text)
    __use_two_region_memory                  0x000002ed   Thumb Code     2  heapauxi.o(.text)
    __rt_heap_escrow$2region                 0x000002ef   Thumb Code     2  heapauxi.o(.text)
    __rt_heap_expand$2region                 0x000002f1   Thumb Code     2  heapauxi.o(.text)
    __user_libspace                          0x000002f5   Thumb Code     8  libspace.o(.text)
    __user_perproc_libspace                  0x000002f5   Thumb Code     0  libspace.o(.text)
    __user_perthread_libspace                0x000002f5   Thumb Code     0  libspace.o(.text)
    SystemInit                               0x00000301   Thumb Code   476  system_lpc17xx.o(.text)
    tfp_format                               0x00000651   Thumb Code   296  printf.o(.text)
    init_printf                              0x00000779   Thumb Code    10  printf.o(.text)
    tfp_printf                               0x00000783   Thumb Code    34  printf.o(.text)
    tfp_sprintf                              0x000007af   Thumb Code    38  printf.o(.text)
    main                                     0x000007e1   Thumb Code    26  main_svc.o(.text)
    k_rtx_init                               0x00000805   Thumb Code    66  k_rtx_init.o(.text)
    memory_init                              0x00000849   Thumb Code   140  k_memory.o(.text)
    alloc_stack                              0x000008d5   Thumb Code    32  k_memory.o(.text)
    k_request_memory_block                   0x000008f5   Thumb Code    80  k_memory.o(.text)
    k_request_memory_block_non_blocking      0x00000945   Thumb Code    40  k_memory.o(.text)
    k_release_memory_block                   0x0000096d   Thumb Code    62  k_memory.o(.text)
    process_init                             0x00000a81   Thumb Code   320  k_process.o(.text)
    scheduler                                0x00000bc1   Thumb Code     8  k_process.o(.text)
    process_switch                           0x00000bc9   Thumb Code   112  k_process.o(.text)
    k_release_processor                      0x00000c39   Thumb Code    62  k_process.o(.text)
    k_release_blocked_processor              0x00000c77   Thumb Code    86  k_process.o(.text)
    k_set_process_priority                   0x00000ccd   Thumb Code   122  k_process.o(.text)
    k_get_process_priority                   0x00000d47   Thumb Code    54  k_process.o(.text)
    push_mq                                  0x00000d95   Thumb Code    32  k_memory_queue.o(.text)
    pop_mq                                   0x00000db5   Thumb Code    42  k_memory_queue.o(.text)
    top_mq                                   0x00000ddf   Thumb Code     6  k_memory_queue.o(.text)
    isEmpty                                  0x00000de5   Thumb Code    14  k_memory_queue.o(.text)
    init_mq                                  0x00000df3   Thumb Code    18  k_memory_queue.o(.text)
    init_pcb_queue                           0x00000e05   Thumb Code    20  k_process_priority_queue.o(.text)
    push_pcb_queue                           0x00000e19   Thumb Code   112  k_process_priority_queue.o(.text)
    pop_pcb_queue                            0x00000e89   Thumb Code    34  k_process_priority_queue.o(.text)
    updated_pcb_priority                     0x00000eab   Thumb Code    84  k_process_priority_queue.o(.text)
    init_pcb_waiting_memory_queue            0x00000eff   Thumb Code    20  k_process_priority_queue.o(.text)
    push_pcb_waiting_memory_queue            0x00000f13   Thumb Code   108  k_process_priority_queue.o(.text)
    pop_pcb_waiting_memory_queue             0x00000f7f   Thumb Code    34  k_process_priority_queue.o(.text)
    updated_pcb_waiting_memory_priority      0x00000fa1   Thumb Code    84  k_process_priority_queue.o(.text)
    pcb_waiting_memory_queue_is_empty        0x00000ff5   Thumb Code    14  k_process_priority_queue.o(.text)
    crt_proc                                 0x000010a5   Thumb Code    48  k_procs.o(.text)
    kcd_proc                                 0x000010d5   Thumb Code    82  k_procs.o(.text)
    null_proc                                0x00001127   Thumb Code     8  k_procs.o(.text)
    set_kernel_procs                         0x0000112f   Thumb Code    68  k_procs.o(.text)
    timer_i_proc                             0x00001173   Thumb Code   110  k_procs.o(.text)
    uart_i_proc                              0x000011e1   Thumb Code   108  k_procs.o(.text)
    push_msg                                 0x00001275   Thumb Code    22  k_mailbox.o(.text)
    pop_msg                                  0x0000128b   Thumb Code    30  k_mailbox.o(.text)
    init_mailbox                             0x000012a9   Thumb Code     8  k_mailbox.o(.text)
    is_empty                                 0x000012b1   Thumb Code    18  k_mailbox.o(.text)
    mailboxes_init                           0x000012c5   Thumb Code    24  k_message.o(.text)
    timeout_queue_init                       0x000012dd   Thumb Code    10  k_message.o(.text)
    k_send_message                           0x000012e7   Thumb Code    80  k_message.o(.text)
    i_send_message                           0x00001337   Thumb Code    76  k_message.o(.text)
    k_delayed_send                           0x00001383   Thumb Code    52  k_message.o(.text)
    k_receive_message_non_blocking           0x000013b7   Thumb Code    14  k_message.o(.text)
    k_receive_message                        0x000013c5   Thumb Code    58  k_message.o(.text)
    is_tq_empty                              0x00001411   Thumb Code    18  k_timeout_queue.o(.text)
    insert_tq_msg                            0x00001423   Thumb Code   128  k_timeout_queue.o(.text)
    top_tq                                   0x000014a3   Thumb Code     6  k_timeout_queue.o(.text)
    pop_tq_msg                               0x000014a9   Thumb Code    30  k_timeout_queue.o(.text)
    init_timeout_queue                       0x000014c7   Thumb Code     8  k_timeout_queue.o(.text)
    uart_irq_init                            0x000014d1   Thumb Code   132  uart_irq.o(.text)
    c_UART0_IRQHandler                       0x00001555   Thumb Code   204  uart_irq.o(.text)
    insert_cmd                               0x000016f5   Thumb Code    48  k_command_map.o(.text)
    get_pid_from_cmd                         0x00001725   Thumb Code    38  k_command_map.o(.text)
    command_map_init                         0x0000174b   Thumb Code    36  k_command_map.o(.text)
    timer_init                               0x00001775   Thumb Code    64  timer.o(.text)
    c_TIMER0_IRQHandler                      0x000017b5   Thumb Code    40  timer.o(.text)
    wall_proc                                0x000017e1   Thumb Code    30  usr_proc.o(.text)
    proc6                                    0x000017ff   Thumb Code    10  usr_proc.o(.text)
    proc5                                    0x00001809   Thumb Code    10  usr_proc.o(.text)
    proc4                                    0x00001813   Thumb Code    10  usr_proc.o(.text)
    proc3                                    0x0000181d   Thumb Code    10  usr_proc.o(.text)
    proc2Message                             0x00001827   Thumb Code    44  usr_proc.o(.text)
    proc1Message                             0x00001853   Thumb Code    48  usr_proc.o(.text)
    set_test_procs                           0x00001883   Thumb Code   106  usr_proc.o(.text)
    proc1                                    0x000018ed   Thumb Code   122  usr_proc.o(.text)
    proc2                                    0x00001967   Thumb Code   298  usr_proc.o(.text)
    reset_wall_time                          0x00001d55   Thumb Code    22  wall_proc.o(.text)
    update_wall_time                         0x00001d6b   Thumb Code   118  wall_proc.o(.text)
    increment_wall_time                      0x00001de1   Thumb Code   214  wall_proc.o(.text)
    __user_setup_stackheap                   0x00001ed9   Thumb Code    74  sys_stackheap_outer.o(.text)
    exit                                     0x00001f23   Thumb Code    12  exit.o(.text)
    _sys_exit                                0x00001f31   Thumb Code     8  sys_exit.o(.text)
    __I$use$semihosting                      0x00001f3d   Thumb Code     0  use_no_semi.o(.text)
    __use_no_semihosting_swi                 0x00001f3d   Thumb Code     2  use_no_semi.o(.text)
    __semihosting_library_function           0x00001f3f   Thumb Code     0  indicate_semi.o(.text)
    Region$$Table$$Base                      0x00001f8c   Number         0  anon$$obj.o(Region$$Table)
    Region$$Table$$Limit                     0x00001f9c   Number         0  anon$$obj.o(Region$$Table)
    SystemFrequency                          0x10000000   Data           4  system_lpc17xx.o(.data)
    gp_stack                                 0x1000000c   Data           4  k_memory.o(.data)
    gp_memory_queue                          0x10000010   Data           8  k_memory.o(.data)
    gp_current_process                       0x10000018   Data           4  k_process.o(.data)
    interrupt                                0x1000001c   Data           4  k_process.o(.data)
    gp_pcbs                                  0x10000020   Data           4  k_process.o(.data)
    kcd_buffer                               0x10000024   Data           4  k_procs.o(.data)
    kcd_buffer_index                         0x10000028   Data           4  k_procs.o(.data)
    timeout_queue                            0x1000002c   Data           8  k_message.o(.data)
    g_buffer                                 0x10000034   Data          16  uart_irq.o(.data)
    gp_buffer                                0x10000044   Data           4  uart_irq.o(.data)
    g_send_char                              0x10000048   Data           1  uart_irq.o(.data)
    g_char_in                                0x10000049   Data           1  uart_irq.o(.data)
    g_char_out                               0x1000004a   Data           1  uart_irq.o(.data)
    g_timer_count                            0x1000004c   Data           4  timer.o(.data)
    totalTests                               0x10000050   Data           4  usr_proc.o(.data)
    passedTests                              0x10000054   Data           4  usr_proc.o(.data)
    lastRunProc                              0x10000058   Data           4  usr_proc.o(.data)
    base_wall_time                           0x1000005c   Data           4  wall_proc.o(.data)
    wall_is_running                          0x10000060   Data           4  wall_proc.o(.data)
    hour                                     0x10000064   Data           4  wall_proc.o(.data)
    min                                      0x10000068   Data           4  wall_proc.o(.data)
    sec                                      0x1000006c   Data           4  wall_proc.o(.data)
    gp_pcb_message_waiting_queue             0x10000070   Data          64  k_process.o(.bss)
    g_proc_table                             0x100000b0   Data         160  k_process.o(.bss)
    gp_pcb_queue                             0x10000150   Data          40  k_process_priority_queue.o(.bss)
    gp_pcb_waiting_memory_queue              0x10000178   Data          40  k_process_priority_queue.o(.bss)
    g_kernel_procs                           0x100001a0   Data          48  k_procs.o(.bss)
    mailboxes                                0x100001d0   Data         128  k_message.o(.bss)
    registered_cmds                          0x10000250   Data         208  k_command_map.o(.bss)
    g_test_procs                             0x10000320   Data         112  usr_proc.o(.bss)
    str                                      0x10000390   Data          10  usr_proc.o(.bss)
    wall_time                                0x1000039a   Data           9  wall_proc.o(.bss)
    __libspace_start                         0x100003a4   Data          96  libspace.o(.bss)
    __temporary_stack_top$libspace           0x10000404   Data           0  libspace.o(.bss)
    Image$$RW_IRAM1$$ZI$$Limit               0x10000608   Number         0  startup_lpc17xx.o(STACK)



==============================================================================

Memory Map of the image

  Image Entry point : 0x000000cd

  Load Region LR_IROM1 (Base: 0x00000000, Size: 0x0000200c, Max: 0x00080000, ABSOLUTE)

    Execution Region ER_IROM1 (Base: 0x00000000, Size: 0x00001f9c, Max: 0x00080000, ABSOLUTE)

    Base Addr    Size         Type   Attr      Idx    E Section Name        Object

    0x00000000   0x000000cc   Data   RO            3    RESET               startup_lpc17xx.o
    0x000000cc   0x00000008   Code   RO          463  * !!!main             c_w.l(__main.o)
    0x000000d4   0x00000034   Code   RO          617    !!!scatter          c_w.l(__scatter.o)
    0x00000108   0x0000001a   Code   RO          619    !!handler_copy      c_w.l(__scatter_copy.o)
    0x00000122   0x00000002   Code   RO          490    .ARM.Collect$$libinit$$00000000  c_w.l(libinit.o)
    0x00000124   0x00000000   Code   RO          497    .ARM.Collect$$libinit$$00000002  c_w.l(libinit2.o)
    0x00000124   0x00000000   Code   RO          500    .ARM.Collect$$libinit$$00000008  c_w.l(libinit2.o)
    0x00000124   0x00000000   Code   RO          502    .ARM.Collect$$libinit$$0000000A  c_w.l(libinit2.o)
    0x00000124   0x00000000   Code   RO          504    .ARM.Collect$$libinit$$0000000C  c_w.l(libinit2.o)
    0x00000124   0x00000000   Code   RO          507    .ARM.Collect$$libinit$$0000000F  c_w.l(libinit2.o)
    0x00000124   0x00000000   Code   RO          509    .ARM.Collect$$libinit$$00000011  c_w.l(libinit2.o)
    0x00000124   0x00000000   Code   RO          511    .ARM.Collect$$libinit$$00000013  c_w.l(libinit2.o)
    0x00000124   0x00000000   Code   RO          513    .ARM.Collect$$libinit$$00000015  c_w.l(libinit2.o)
    0x00000124   0x00000000   Code   RO          515    .ARM.Collect$$libinit$$00000017  c_w.l(libinit2.o)
    0x00000124   0x00000000   Code   RO          517    .ARM.Collect$$libinit$$00000019  c_w.l(libinit2.o)
    0x00000124   0x00000000   Code   RO          519    .ARM.Collect$$libinit$$0000001B  c_w.l(libinit2.o)
    0x00000124   0x00000000   Code   RO          521    .ARM.Collect$$libinit$$0000001D  c_w.l(libinit2.o)
    0x00000124   0x00000000   Code   RO          523    .ARM.Collect$$libinit$$0000001F  c_w.l(libinit2.o)
    0x00000124   0x00000000   Code   RO          525    .ARM.Collect$$libinit$$00000021  c_w.l(libinit2.o)
    0x00000124   0x00000000   Code   RO          527    .ARM.Collect$$libinit$$00000023  c_w.l(libinit2.o)
    0x00000124   0x00000000   Code   RO          531    .ARM.Collect$$libinit$$0000002A  c_w.l(libinit2.o)
    0x00000124   0x00000000   Code   RO          533    .ARM.Collect$$libinit$$0000002C  c_w.l(libinit2.o)
    0x00000124   0x00000000   Code   RO          535    .ARM.Collect$$libinit$$0000002E  c_w.l(libinit2.o)
    0x00000124   0x00000000   Code   RO          537    .ARM.Collect$$libinit$$00000030  c_w.l(libinit2.o)
    0x00000124   0x00000002   Code   RO          538    .ARM.Collect$$libinit$$00000031  c_w.l(libinit2.o)
    0x00000126   0x00000002   Code   RO          558    .ARM.Collect$$libshutdown$$00000000  c_w.l(libshutdown.o)
    0x00000128   0x00000000   Code   RO          572    .ARM.Collect$$libshutdown$$00000003  c_w.l(libshutdown2.o)
    0x00000128   0x00000000   Code   RO          575    .ARM.Collect$$libshutdown$$00000006  c_w.l(libshutdown2.o)
    0x00000128   0x00000000   Code   RO          578    .ARM.Collect$$libshutdown$$00000009  c_w.l(libshutdown2.o)
    0x00000128   0x00000000   Code   RO          580    .ARM.Collect$$libshutdown$$0000000B  c_w.l(libshutdown2.o)
    0x00000128   0x00000000   Code   RO          583    .ARM.Collect$$libshutdown$$0000000E  c_w.l(libshutdown2.o)
    0x00000128   0x00000002   Code   RO          584    .ARM.Collect$$libshutdown$$0000000F  c_w.l(libshutdown2.o)
    0x0000012a   0x00000000   Code   RO          465    .ARM.Collect$$rtentry$$00000000  c_w.l(rtentry.o)
    0x0000012a   0x00000000   Code   RO          467    .ARM.Collect$$rtentry$$00000002  c_w.l(rtentry2.o)
    0x0000012a   0x00000006   Code   RO          479    .ARM.Collect$$rtentry$$00000004  c_w.l(rtentry4.o)
    0x00000130   0x00000000   Code   RO          469    .ARM.Collect$$rtentry$$00000009  c_w.l(rtentry2.o)
    0x00000130   0x00000004   Code   RO          470    .ARM.Collect$$rtentry$$0000000A  c_w.l(rtentry2.o)
    0x00000134   0x00000000   Code   RO          472    .ARM.Collect$$rtentry$$0000000C  c_w.l(rtentry2.o)
    0x00000134   0x00000008   Code   RO          473    .ARM.Collect$$rtentry$$0000000D  c_w.l(rtentry2.o)
    0x0000013c   0x00000002   Code   RO          494    .ARM.Collect$$rtexit$$00000000  c_w.l(rtexit.o)
    0x0000013e   0x00000000   Code   RO          540    .ARM.Collect$$rtexit$$00000002  c_w.l(rtexit2.o)
    0x0000013e   0x00000004   Code   RO          541    .ARM.Collect$$rtexit$$00000003  c_w.l(rtexit2.o)
    0x00000142   0x00000006   Code   RO          542    .ARM.Collect$$rtexit$$00000004  c_w.l(rtexit2.o)
    0x00000148   0x00000032   Code   RO          126    .emb_text           hal.o
    0x0000017a   0x00000002   PAD
    0x0000017c   0x0000000c   Code   RO          333    .emb_text           uart_irq.o
    0x00000188   0x0000000c   Code   RO          396    .emb_text           timer.o
    0x00000194   0x00000034   Code   RO            5    .text               startup_lpc17xx.o
    0x000001c8   0x00000124   Code   RO           59    .text               uart_polling.o
    0x000002ec   0x00000006   Code   RO          461    .text               c_w.l(heapauxi.o)
    0x000002f2   0x00000002   PAD
    0x000002f4   0x00000008   Code   RO          491    .text               c_w.l(libspace.o)
    0x000002fc   0x00000004   Code   RO            4    .ARM.__at_0x02FC    startup_lpc17xx.o
    0x00000300   0x0000021c   Code   RO           15    .text               system_lpc17xx.o
    0x0000051c   0x000002c4   Code   RO           80    .text               printf.o
    0x000007e0   0x00000024   Code   RO          102    .text               main_svc.o
    0x00000804   0x00000042   Code   RO          133    .text               k_rtx_init.o
    0x00000846   0x00000002   PAD
    0x00000848   0x00000238   Code   RO          176    .text               k_memory.o
    0x00000a80   0x00000314   Code   RO          200    .text               k_process.o
    0x00000d94   0x00000070   Code   RO          226    .text               k_memory_queue.o
    0x00000e04   0x000002a0   Code   RO          238    .text               k_process_priority_queue.o
    0x000010a4   0x000001d0   Code   RO          255    .text               k_procs.o
    0x00001274   0x0000004e   Code   RO          287    .text               k_mailbox.o
    0x000012c2   0x00000002   PAD
    0x000012c4   0x0000014c   Code   RO          302    .text               k_message.o
    0x00001410   0x000000be   Code   RO          319    .text               k_timeout_queue.o
    0x000014ce   0x00000002   PAD
    0x000014d0   0x00000224   Code   RO          334    .text               uart_irq.o
    0x000016f4   0x00000080   Code   RO          366    .text               k_command_map.o
    0x00001774   0x0000006c   Code   RO          397    .text               timer.o
    0x000017e0   0x00000574   Code   RO          422    .text               usr_proc.o
    0x00001d54   0x00000184   Code   RO          442    .text               wall_proc.o
    0x00001ed8   0x0000004a   Code   RO          481    .text               c_w.l(sys_stackheap_outer.o)
    0x00001f22   0x0000000c   Code   RO          483    .text               c_w.l(exit.o)
    0x00001f2e   0x00000002   PAD
    0x00001f30   0x0000000c   Code   RO          550    .text               c_w.l(sys_exit.o)
    0x00001f3c   0x00000002   Code   RO          561    .text               c_w.l(use_no_semi.o)
    0x00001f3e   0x00000000   Code   RO          563    .text               c_w.l(indicate_semi.o)
    0x00001f3e   0x00000002   PAD
    0x00001f40   0x00000042   Data   RO          424    .constdata          usr_proc.o
    0x00001f82   0x00000009   Data   RO          444    .conststring        wall_proc.o
    0x00001f8b   0x00000001   PAD
    0x00001f8c   0x00000010   Data   RO          615    Region$$Table       anon$$obj.o


    Execution Region RW_IRAM1 (Base: 0x10000000, Size: 0x00000608, Max: 0x00004000, ABSOLUTE, UNINIT)

    Base Addr    Size         Type   Attr      Idx    E Section Name        Object

    0x10000000   0x00000004   Data   RW           16    .data               system_lpc17xx.o
    0x10000004   0x00000008   Data   RW           81    .data               printf.o
    0x1000000c   0x0000000c   Data   RW          177    .data               k_memory.o
    0x10000018   0x0000000c   Data   RW          202    .data               k_process.o
    0x10000024   0x00000008   Data   RW          257    .data               k_procs.o
    0x1000002c   0x00000008   Data   RW          304    .data               k_message.o
    0x10000034   0x00000017   Data   RW          335    .data               uart_irq.o
    0x1000004b   0x00000001   PAD
    0x1000004c   0x00000004   Data   RW          398    .data               timer.o
    0x10000050   0x0000000c   Data   RW          425    .data               usr_proc.o
    0x1000005c   0x00000014   Data   RW          445    .data               wall_proc.o
    0x10000070   0x000000e0   Zero   RW          201    .bss                k_process.o
    0x10000150   0x00000050   Zero   RW          239    .bss                k_process_priority_queue.o
    0x100001a0   0x00000030   Zero   RW          256    .bss                k_procs.o
    0x100001d0   0x00000080   Zero   RW          303    .bss                k_message.o
    0x10000250   0x000000d0   Zero   RW          367    .bss                k_command_map.o
    0x10000320   0x0000007a   Zero   RW          423    .bss                usr_proc.o
    0x1000039a   0x00000009   Zero   RW          443    .bss                wall_proc.o
    0x100003a3   0x00000001   PAD
    0x100003a4   0x00000060   Zero   RW          492    .bss                c_w.l(libspace.o)
    0x10000404   0x00000004   PAD
    0x10000408   0x00000000   Zero   RW            2    HEAP                startup_lpc17xx.o
    0x10000408   0x00000200   Zero   RW            1    STACK               startup_lpc17xx.o


==============================================================================

Image component sizes


      Code (inc. data)   RO Data    RW Data    ZI Data      Debug   Object Name

        50          0          0          0          0        324   hal.o
       128          6          0          0        208       1401   k_command_map.o
        78          0          0          0          0       1601   k_mailbox.o
       568        214          0         12          0       2428   k_memory.o
       112          0          0          0          0       1520   k_memory_queue.o
       332         18          0          8        128       2904   k_message.o
       788         24          0         12        224       5034   k_process.o
       672        162          0          0         80       3253   k_process_priority_queue.o
       464         40          0          8         48       2699   k_procs.o
        66          0          0          0          0       1149   k_rtx_init.o
       190          0          0          0          0       1809   k_timeout_queue.o
        36         10          0          0          0       1439   main_svc.o
       708         12          0          8          0       4004   printf.o
        56         22        204          0        512        896   startup_lpc17xx.o
       540         64          0          4          0      21599   system_lpc17xx.o
       120          4          0          4          0       1673   timer.o
       560        188          0         23          0      25784   uart_irq.o
       292         54          0          0          0       1961   uart_polling.o
      1396        708         66         12        122       2639   usr_proc.o
       388         34          9         20          9       1807   wall_proc.o

    ----------------------------------------------------------------------
      7552       1560        296        112       1332      85924   Object Totals
         0          0         16          0          0          0   (incl. Generated)
         8          0          1          1          1          0   (incl. Padding)

    ----------------------------------------------------------------------

      Code (inc. data)   RO Data    RW Data    ZI Data      Debug   Library Member Name

         8          0          0          0          0         68   __main.o
        52          8          0          0          0          0   __scatter.o
        26          0          0          0          0          0   __scatter_copy.o
        12          0          0          0          0         72   exit.o
         6          0          0          0          0        152   heapauxi.o
         0          0          0          0          0          0   indicate_semi.o
         2          0          0          0          0          0   libinit.o
         2          0          0          0          0          0   libinit2.o
         2          0          0          0          0          0   libshutdown.o
         2          0          0          0          0          0   libshutdown2.o
         8          4          0          0         96         68   libspace.o
         0          0          0          0          0          0   rtentry.o
        12          0          0          0          0          0   rtentry2.o
         6          0          0          0          0          0   rtentry4.o
         2          0          0          0          0          0   rtexit.o
        10          0          0          0          0          0   rtexit2.o
        12          4          0          0          0         68   sys_exit.o
        74          0          0          0          0         80   sys_stackheap_outer.o
         2          0          0          0          0         68   use_no_semi.o

    ----------------------------------------------------------------------
       244         16          0          0        100        576   Library Totals
         6          0          0          0          4          0   (incl. Padding)

    ----------------------------------------------------------------------

      Code (inc. data)   RO Data    RW Data    ZI Data      Debug   Library Name

       238         16          0          0         96        576   c_w.l

    ----------------------------------------------------------------------
       244         16          0          0        100        576   Library Totals

    ----------------------------------------------------------------------

==============================================================================


      Code (inc. data)   RO Data    RW Data    ZI Data      Debug   

      7796       1576        296        112       1432      84680   Grand Totals
      7796       1576        296        112       1432      84680   ELF Image Totals
      7796       1576        296        112          0          0   ROM Totals

==============================================================================

    Total RO  Size (Code + RO Data)                 8092 (   7.90kB)
    Total RW  Size (RW Data + ZI Data)              1544 (   1.51kB)
    Total ROM Size (Code + RO Data + RW Data)       8204 (   8.01kB)

==============================================================================

