<html>
<body>
<pre>
<h1>µVision Build Log</h1>
<h2>Project:</h2>
C:\Users\TEMP.NEXUS.005\Documents\os\P1\Context_Switching\context_switching.uvproj
Project File Date:  03/28/2020

<h2>Output:</h2>
Build target 'Context Switching SIM'
compiling k_rtx_init.c...
src\uart_def.h(36): warning:  #47-D: incompatible redefinition of macro "BIT" (declared at line 30 of "src\uart_polling.h")
src\uart_def.h(57): warning:  #1-D: last line of file ends without a newline
src\uart.h(61): warning:  #1-D: last line of file ends without a newline
src\k_rtx_init.c(26): warning:  #223-D: function "command_map_init" declared implicitly
compiling k_procs.c...
src\uart_def.h(57): warning:  #1-D: last line of file ends without a newline
src\uart.h(61): warning:  #1-D: last line of file ends without a newline
src\k_procs.c(76): warning:  #223-D: function "k_request_memory_block_non_blocking" declared implicitly
compiling k_message.c...
src\k_message.c(93): warning:  #940-D: missing return statement at end of non-void function "k_receive_message_non_blocking"
compiling uart_polling.c...
linking...
context_switching.axf: Warning: L6304W: Duplicate input file uart_polling.o ignored.
Program Size: Code=7820 RO-data=296 RW-data=108 ZI-data=1420  
"context_switching.axf" - 0 Error(s), 9 Warning(s).
Build target 'Context Switching SIM'
compiling k_procs.c...
src\uart_def.h(57): warning:  #1-D: last line of file ends without a newline
src\uart.h(61): warning:  #1-D: last line of file ends without a newline
src\k_procs.c(76): warning:  #223-D: function "k_request_memory_block_non_blocking" declared implicitly
compiling uart_irq.c...
src\uart_def.h(57): warning:  #1-D: last line of file ends without a newline
src\uart.h(61): warning:  #1-D: last line of file ends without a newline
src\uart_polling.h(30): warning:  #47-D: incompatible redefinition of macro "BIT" (declared at line 36 of "src\uart_def.h")
src\uart_irq.c(203): warning:  #223-D: function "uart_i_proc" declared implicitly
linking...
context_switching.axf: Warning: L6304W: Duplicate input file uart_polling.o ignored.
Program Size: Code=7820 RO-data=296 RW-data=108 ZI-data=1420  
"context_switching.axf" - 0 Error(s), 8 Warning(s).
Build target 'Context Switching SIM'
linking...
context_switching.axf: Warning: L6304W: Duplicate input file uart_polling.o ignored.
Program Size: Code=7820 RO-data=296 RW-data=108 ZI-data=1420  
"context_switching.axf" - 0 Error(s), 1 Warning(s).
Build target 'Context Switching SIM'
compiling k_procs.c...
src\uart_def.h(57): warning:  #1-D: last line of file ends without a newline
src\uart.h(61): warning:  #1-D: last line of file ends without a newline
src\k_procs.c(76): warning:  #223-D: function "k_request_memory_block_non_blocking" declared implicitly
compiling wall_proc.c...
src\wall_proc.c(68): warning:  #223-D: function "i_send_message" declared implicitly
linking...
context_switching.axf: Warning: L6304W: Duplicate input file uart_polling.o ignored.
Program Size: Code=7816 RO-data=296 RW-data=108 ZI-data=1420  
"context_switching.axf" - 0 Error(s), 5 Warning(s).
Build target 'Context Switching SIM'
compiling k_procs.c...
src\uart_def.h(57): warning:  #1-D: last line of file ends without a newline
src\uart.h(61): warning:  #1-D: last line of file ends without a newline
src\k_procs.c(76): warning:  #223-D: function "k_request_memory_block_non_blocking" declared implicitly
compiling timer.c...
linking...
context_switching.axf: Warning: L6304W: Duplicate input file uart_polling.o ignored.
Program Size: Code=7816 RO-data=296 RW-data=108 ZI-data=1420  
"context_switching.axf" - 0 Error(s), 4 Warning(s).
Build target 'Context Switching SIM'
compiling uart_irq.c...
src\uart_def.h(57): warning:  #1-D: last line of file ends without a newline
src\uart.h(61): warning:  #1-D: last line of file ends without a newline
src\uart_polling.h(30): warning:  #47-D: incompatible redefinition of macro "BIT" (declared at line 36 of "src\uart_def.h")
src\uart_irq.c(203): warning:  #223-D: function "uart_i_proc" declared implicitly
compiling timer.c...
linking...
context_switching.axf: Warning: L6304W: Duplicate input file uart_polling.o ignored.
Program Size: Code=7816 RO-data=296 RW-data=108 ZI-data=1420  
"context_switching.axf" - 0 Error(s), 5 Warning(s).
Build target 'Context Switching SIM'
compiling timer.c...
linking...
context_switching.axf: Warning: L6304W: Duplicate input file uart_polling.o ignored.
Program Size: Code=7816 RO-data=296 RW-data=108 ZI-data=1420  
"context_switching.axf" - 0 Error(s), 1 Warning(s).
Build target 'Context Switching SIM'
compiling uart_irq.c...
src\uart_def.h(57): warning:  #1-D: last line of file ends without a newline
src\uart.h(61): warning:  #1-D: last line of file ends without a newline
src\uart_polling.h(30): warning:  #47-D: incompatible redefinition of macro "BIT" (declared at line 36 of "src\uart_def.h")
src\uart_irq.c(203): warning:  #223-D: function "uart_i_proc" declared implicitly
linking...
context_switching.axf: Warning: L6304W: Duplicate input file uart_polling.o ignored.
Program Size: Code=7816 RO-data=296 RW-data=108 ZI-data=1420  
"context_switching.axf" - 0 Error(s), 5 Warning(s).
Build target 'Context Switching SIM'
compiling system_LPC17xx.c...
compiling uart_polling.c...
compiling printf.c...
compiling main_svc.c...
compiling HAL.c...
compiling k_rtx_init.c...
src\uart_def.h(36): warning:  #47-D: incompatible redefinition of macro "BIT" (declared at line 30 of "src\uart_polling.h")
src\uart_def.h(57): warning:  #1-D: last line of file ends without a newline
src\uart.h(61): warning:  #1-D: last line of file ends without a newline
src\k_rtx_init.c(26): warning:  #223-D: function "command_map_init" declared implicitly
compiling k_memory.c...
compiling k_process.c...
src\k_process.c(181): warning:  #188-D: enumerated type mixed with another type
compiling k_memory_queue.c...
compiling k_process_priority_queue.c...
compiling k_procs.c...
src\uart_def.h(57): warning:  #1-D: last line of file ends without a newline
src\uart.h(61): warning:  #1-D: last line of file ends without a newline
src\k_procs.c(76): warning:  #223-D: function "k_request_memory_block_non_blocking" declared implicitly
compiling k_mailbox.c...
compiling k_message.c...
src\k_message.c(93): warning:  #940-D: missing return statement at end of non-void function "k_receive_message_non_blocking"
compiling k_timeout_queue.c...
compiling uart_irq.c...
src\uart_def.h(57): warning:  #1-D: last line of file ends without a newline
src\uart.h(61): warning:  #1-D: last line of file ends without a newline
src\uart_polling.h(30): warning:  #47-D: incompatible redefinition of macro "BIT" (declared at line 36 of "src\uart_def.h")
src\uart_irq.c(203): warning:  #223-D: function "uart_i_proc" declared implicitly
compiling k_command_map.c...
compiling hot_key_procs.c...
compiling uart_polling.c...
compiling timer.c...
compiling usr_proc.c...
src\usr_proc.c(197): warning:  #111-D: statement is unreachable
src\usr_proc.c(259): warning:  #167-D: argument of type "char *" is incompatible with parameter of type "unsigned char *"
src\usr_proc.c(262): warning:  #167-D: argument of type "char *" is incompatible with parameter of type "unsigned char *"
src\usr_proc.c(267): warning:  #167-D: argument of type "char *" is incompatible with parameter of type "unsigned char *"
src\usr_proc.c(270): warning:  #167-D: argument of type "char *" is incompatible with parameter of type "unsigned char *"
src\usr_proc.c(190): warning:  #550-D: variable "mem_addr1" was set but never used
src\usr_proc.c(191): warning:  #550-D: variable "mem_addr2" was set but never used
src\usr_proc.c(292): warning:  #111-D: statement is unreachable
src\usr_proc.c(332): warning:  #111-D: statement is unreachable
src\usr_proc.c(355): warning:  #111-D: statement is unreachable
compiling wall_proc.c...
src\wall_proc.c(68): warning:  #223-D: function "i_send_message" declared implicitly
linking...
context_switching.axf: Warning: L6304W: Duplicate input file uart_polling.o ignored.
Program Size: Code=7968 RO-data=296 RW-data=108 ZI-data=1420  
"context_switching.axf" - 0 Error(s), 25 Warning(s).
Build target 'Context Switching SIM'
compiling k_procs.c...
src\uart_def.h(57): warning:  #1-D: last line of file ends without a newline
src\uart.h(61): warning:  #1-D: last line of file ends without a newline
src\k_procs.c(76): warning:  #223-D: function "k_request_memory_block_non_blocking" declared implicitly
compiling uart_irq.c...
src\uart_def.h(57): warning:  #1-D: last line of file ends without a newline
src\uart.h(61): warning:  #1-D: last line of file ends without a newline
src\uart_polling.h(30): warning:  #47-D: incompatible redefinition of macro "BIT" (declared at line 36 of "src\uart_def.h")
src\uart_irq.c(203): warning:  #223-D: function "uart_i_proc" declared implicitly
linking...
context_switching.axf: Warning: L6304W: Duplicate input file uart_polling.o ignored.
Program Size: Code=7968 RO-data=296 RW-data=108 ZI-data=1420  
"context_switching.axf" - 0 Error(s), 8 Warning(s).
