<html>
<body>
<pre>
<h1>µVision Build Log</h1>
<h2>Project:</h2>
N:\se350\temp\os\P1\Context_Switching\context_switching.uvproj
Project File Date:  02/01/2020

<h2>Output:</h2>
Build target 'Context Switching SIM'
compiling system_LPC17xx.c...
compiling uart_polling.c...
compiling printf.c...
compiling main_svc.c...
compiling HAL.c...
compiling k_rtx_init.c...
compiling k_memory.c...
compiling k_process.c...
src\k_process.c(182): warning:  #188-D: enumerated type mixed with another type
compiling k_memory_queue.c...
compiling k_process_priority_queue.c...
src\k_process_priority_queue.c(102): warning:  #175-D: subscript out of range
src\k_process_priority_queue.c(108): warning:  #175-D: subscript out of range
src\k_process_priority_queue.c(127): warning:  #175-D: subscript out of range
src\k_process_priority_queue.c(153): warning:  #175-D: subscript out of range
compiling k_procs.c...
src\k_procs.c(33): warning:  #223-D: function "top" declared implicitly
src\k_procs.c(33): error:  #44: expression must have pointer type
src\k_procs.c(35): warning:  #223-D: function "top" declared implicitly
src\k_procs.c(35): error:  #44: expression must have pointer type
src\k_procs.c(37): error:  #136: struct "msgbuf" has no field "m_recv_pid"
src\k_procs.c(40): warning:  #1-D: last line of file ends without a newline
compiling k_mailbox.c...
src\k_mailbox.c(7): error:  #136: struct "msgbuf" has no field "mp_next"
src\k_mailbox.c(10): error:  #136: struct "msgbuf" has no field "mp_next"
src\k_mailbox.c(23): error:  #136: struct "msgbuf" has no field "mp_next"
compiling k_message.c...
src\k_timeout_queue.h(14): error:  #147-D: declaration is incompatible with "MSG_BUF *pop_msg(MAILBOX *)" (declared at line 13 of "src\k_mailbox.h")
src\k_timeout_queue.h(17): error:  #147-D: declaration is incompatible with "int is_empty(MAILBOX *)" (declared at line 15 of "src\k_mailbox.h")
src\k_message.c(28): error:  #136: struct "msgbuf" has no field "m_send_pid"
src\k_message.c(29): error:  #136: struct "msgbuf" has no field "m_recv_pid"
src\k_message.c(30): error:  #136: struct "msgbuf" has no field "mp_next"
src\k_message.c(47): error:  #20: identifier "MSG_BUG" is undefined
src\k_message.c(47): error:  #20: identifier "incoming_message_envelope" is undefined
src\k_message.c(62): error:  #167: argument of type "MAILBOX *" is incompatible with parameter of type "TIMEOUT_QUEUE *"
src\k_message.c(64): error:  #167: argument of type "MAILBOX *" is incompatible with parameter of type "TIMEOUT_QUEUE *"
src\k_message.c(69): error:  #167: argument of type "MAILBOX *" is incompatible with parameter of type "TIMEOUT_QUEUE *"
compiling k_timeout_queue.c...
src\k_timeout_queue.c(16): error:  #136: struct "msgbuf" has no field "m_time"
src\k_timeout_queue.c(18): error:  #136: struct "msgbuf" has no field "mp_next"
src\k_timeout_queue.c(28): error:  #136: struct "msgbuf" has no field "m_time"
src\k_timeout_queue.c(29): error:  #136: struct "msgbuf" has no field "m_time"
src\k_timeout_queue.c(30): error:  #136: struct "msgbuf" has no field "mp_next"
src\k_timeout_queue.c(36): error:  #136: struct "msgbuf" has no field "m_time"
src\k_timeout_queue.c(37): error:  #136: struct "msgbuf" has no field "m_time"
src\k_timeout_queue.c(38): error:  #136: struct "msgbuf" has no field "m_time"
src\k_timeout_queue.c(39): error:  #136: struct "msgbuf" has no field "mp_next"
src\k_timeout_queue.c(49): error:  #136: struct "msgbuf" has no field "m_time"
src\k_timeout_queue.c(50): error:  #136: struct "msgbuf" has no field "mp_next"
src\k_timeout_queue.c(51): error:  #136: struct "msgbuf" has no field "mp_next"
src\k_timeout_queue.c(52): error:  #136: struct "msgbuf" has no field "mp_next"
src\k_timeout_queue.c(53): error:  #136: struct "msgbuf" has no field "mp_next"
src\k_timeout_queue.c(57): error:  #136: struct "msgbuf" has no field "mp_next"
src\k_timeout_queue.c(57): error:  #136: struct "msgbuf" has no field "mp_next"
src\k_timeout_queue.c(58): error:  #136: struct "msgbuf" has no field "mp_next"
src\k_timeout_queue.c(59): error:  #136: struct "msgbuf" has no field "mp_next"
src\k_timeout_queue.c(74): error:  #136: struct "msgbuf" has no field "mp_next"
compiling usr_proc.c...
src\usr_proc.c(248): warning:  #167-D: argument of type "char *" is incompatible with parameter of type "unsigned char *"
src\usr_proc.c(251): warning:  #167-D: argument of type "char *" is incompatible with parameter of type "unsigned char *"
src\usr_proc.c(256): warning:  #167-D: argument of type "char *" is incompatible with parameter of type "unsigned char *"
src\usr_proc.c(259): warning:  #167-D: argument of type "char *" is incompatible with parameter of type "unsigned char *"
src\usr_proc.c(183): warning:  #550-D: variable "mem_addr1" was set but never used
src\usr_proc.c(184): warning:  #550-D: variable "mem_addr2" was set but never used
src\usr_proc.c(350): warning:  #550-D: variable "mem_addr1" was set but never used
Target not created
Build target 'Context Switching SIM'
compiling k_procs.c...
src\k_procs.c(33): warning:  #223-D: function "top" declared implicitly
src\k_procs.c(33): error:  #44: expression must have pointer type
src\k_procs.c(35): warning:  #223-D: function "top" declared implicitly
src\k_procs.c(35): error:  #44: expression must have pointer type
src\k_procs.c(37): error:  #136: struct "msgbuf" has no field "m_recv_pid"
src\k_procs.c(40): warning:  #1-D: last line of file ends without a newline
compiling k_mailbox.c...
src\k_mailbox.c(7): error:  #136: struct "msgbuf" has no field "mp_next"
src\k_mailbox.c(10): error:  #136: struct "msgbuf" has no field "mp_next"
src\k_mailbox.c(23): error:  #136: struct "msgbuf" has no field "mp_next"
compiling k_message.c...
src\k_timeout_queue.h(14): error:  #147-D: declaration is incompatible with "MSG_BUF *pop_msg(MAILBOX *)" (declared at line 13 of "src\k_mailbox.h")
src\k_timeout_queue.h(17): error:  #147-D: declaration is incompatible with "int is_empty(MAILBOX *)" (declared at line 15 of "src\k_mailbox.h")
src\k_message.c(28): error:  #136: struct "msgbuf" has no field "m_send_pid"
src\k_message.c(29): error:  #136: struct "msgbuf" has no field "m_recv_pid"
src\k_message.c(30): error:  #136: struct "msgbuf" has no field "mp_next"
src\k_message.c(47): error:  #20: identifier "MSG_BUG" is undefined
src\k_message.c(47): error:  #20: identifier "incoming_message_envelope" is undefined
src\k_message.c(62): error:  #167: argument of type "MAILBOX *" is incompatible with parameter of type "TIMEOUT_QUEUE *"
src\k_message.c(64): error:  #167: argument of type "MAILBOX *" is incompatible with parameter of type "TIMEOUT_QUEUE *"
src\k_message.c(69): error:  #167: argument of type "MAILBOX *" is incompatible with parameter of type "TIMEOUT_QUEUE *"
compiling k_timeout_queue.c...
src\k_timeout_queue.c(16): error:  #136: struct "msgbuf" has no field "m_time"
src\k_timeout_queue.c(18): error:  #136: struct "msgbuf" has no field "mp_next"
src\k_timeout_queue.c(28): error:  #136: struct "msgbuf" has no field "m_time"
src\k_timeout_queue.c(29): error:  #136: struct "msgbuf" has no field "m_time"
src\k_timeout_queue.c(30): error:  #136: struct "msgbuf" has no field "mp_next"
src\k_timeout_queue.c(36): error:  #136: struct "msgbuf" has no field "m_time"
src\k_timeout_queue.c(37): error:  #136: struct "msgbuf" has no field "m_time"
src\k_timeout_queue.c(38): error:  #136: struct "msgbuf" has no field "m_time"
src\k_timeout_queue.c(39): error:  #136: struct "msgbuf" has no field "mp_next"
src\k_timeout_queue.c(49): error:  #136: struct "msgbuf" has no field "m_time"
src\k_timeout_queue.c(50): error:  #136: struct "msgbuf" has no field "mp_next"
src\k_timeout_queue.c(51): error:  #136: struct "msgbuf" has no field "mp_next"
src\k_timeout_queue.c(52): error:  #136: struct "msgbuf" has no field "mp_next"
src\k_timeout_queue.c(53): error:  #136: struct "msgbuf" has no field "mp_next"
src\k_timeout_queue.c(57): error:  #136: struct "msgbuf" has no field "mp_next"
src\k_timeout_queue.c(57): error:  #136: struct "msgbuf" has no field "mp_next"
src\k_timeout_queue.c(58): error:  #136: struct "msgbuf" has no field "mp_next"
src\k_timeout_queue.c(59): error:  #136: struct "msgbuf" has no field "mp_next"
src\k_timeout_queue.c(74): error:  #136: struct "msgbuf" has no field "mp_next"
compiling usr_proc.c...
src\usr_proc.c(248): warning:  #167-D: argument of type "char *" is incompatible with parameter of type "unsigned char *"
src\usr_proc.c(251): warning:  #167-D: argument of type "char *" is incompatible with parameter of type "unsigned char *"
src\usr_proc.c(256): warning:  #167-D: argument of type "char *" is incompatible with parameter of type "unsigned char *"
src\usr_proc.c(259): warning:  #167-D: argument of type "char *" is incompatible with parameter of type "unsigned char *"
src\usr_proc.c(183): warning:  #550-D: variable "mem_addr1" was set but never used
src\usr_proc.c(184): warning:  #550-D: variable "mem_addr2" was set but never used
src\usr_proc.c(350): warning:  #550-D: variable "mem_addr1" was set but never used
Target not created
Build target 'Context Switching SIM'
compiling k_procs.c...
src\k_procs.c(33): warning:  #223-D: function "top" declared implicitly
src\k_procs.c(33): error:  #44: expression must have pointer type
src\k_procs.c(35): warning:  #223-D: function "top" declared implicitly
src\k_procs.c(35): error:  #44: expression must have pointer type
src\k_procs.c(40): warning:  #1-D: last line of file ends without a newline
compiling k_mailbox.c...
compiling k_message.c...
src\k_timeout_queue.h(14): error:  #147-D: declaration is incompatible with "MSG_BUF *pop_msg(MAILBOX *)" (declared at line 13 of "src\k_mailbox.h")
src\k_timeout_queue.h(17): error:  #147-D: declaration is incompatible with "int is_empty(MAILBOX *)" (declared at line 15 of "src\k_mailbox.h")
src\k_message.c(47): error:  #20: identifier "MSG_BUG" is undefined
src\k_message.c(47): error:  #20: identifier "incoming_message_envelope" is undefined
src\k_message.c(62): error:  #167: argument of type "MAILBOX *" is incompatible with parameter of type "TIMEOUT_QUEUE *"
src\k_message.c(64): error:  #167: argument of type "MAILBOX *" is incompatible with parameter of type "TIMEOUT_QUEUE *"
src\k_message.c(69): error:  #167: argument of type "MAILBOX *" is incompatible with parameter of type "TIMEOUT_QUEUE *"
compiling k_timeout_queue.c...
compiling usr_proc.c...
src\usr_proc.c(248): warning:  #167-D: argument of type "char *" is incompatible with parameter of type "unsigned char *"
src\usr_proc.c(251): warning:  #167-D: argument of type "char *" is incompatible with parameter of type "unsigned char *"
src\usr_proc.c(256): warning:  #167-D: argument of type "char *" is incompatible with parameter of type "unsigned char *"
src\usr_proc.c(259): warning:  #167-D: argument of type "char *" is incompatible with parameter of type "unsigned char *"
src\usr_proc.c(183): warning:  #550-D: variable "mem_addr1" was set but never used
src\usr_proc.c(184): warning:  #550-D: variable "mem_addr2" was set but never used
src\usr_proc.c(350): warning:  #550-D: variable "mem_addr1" was set but never used
Target not created
Build target 'Context Switching SIM'
compiling system_LPC17xx.c...
compiling uart_polling.c...
compiling printf.c...
compiling main_svc.c...
compiling HAL.c...
compiling k_rtx_init.c...
compiling k_memory.c...
compiling k_process.c...
src\k_process.c(182): warning:  #188-D: enumerated type mixed with another type
compiling k_memory_queue.c...
compiling k_process_priority_queue.c...
src\k_process_priority_queue.c(102): warning:  #175-D: subscript out of range
src\k_process_priority_queue.c(108): warning:  #175-D: subscript out of range
src\k_process_priority_queue.c(127): warning:  #175-D: subscript out of range
src\k_process_priority_queue.c(153): warning:  #175-D: subscript out of range
compiling k_procs.c...
src\k_procs.c(33): warning:  #223-D: function "top" declared implicitly
src\k_procs.c(33): error:  #44: expression must have pointer type
src\k_procs.c(35): warning:  #223-D: function "top" declared implicitly
src\k_procs.c(35): error:  #44: expression must have pointer type
src\k_procs.c(40): warning:  #1-D: last line of file ends without a newline
compiling k_mailbox.c...
compiling k_message.c...
src\k_timeout_queue.h(14): error:  #147-D: declaration is incompatible with "MSG_BUF *pop_msg(MAILBOX *)" (declared at line 13 of "src\k_mailbox.h")
src\k_timeout_queue.h(17): error:  #147-D: declaration is incompatible with "int is_empty(MAILBOX *)" (declared at line 15 of "src\k_mailbox.h")
src\k_message.c(47): error:  #20: identifier "MSG_BUG" is undefined
src\k_message.c(47): error:  #20: identifier "incoming_message_envelope" is undefined
src\k_message.c(62): error:  #167: argument of type "MAILBOX *" is incompatible with parameter of type "TIMEOUT_QUEUE *"
src\k_message.c(64): error:  #167: argument of type "MAILBOX *" is incompatible with parameter of type "TIMEOUT_QUEUE *"
src\k_message.c(69): error:  #167: argument of type "MAILBOX *" is incompatible with parameter of type "TIMEOUT_QUEUE *"
compiling k_timeout_queue.c...
compiling usr_proc.c...
src\usr_proc.c(56): warning:  #550-D: variable "priority" was set but never used
src\usr_proc.c(247): warning:  #223-D: function "sprintf" declared implicitly
src\usr_proc.c(248): warning:  #167-D: argument of type "char *" is incompatible with parameter of type "unsigned char *"
src\usr_proc.c(251): warning:  #167-D: argument of type "char *" is incompatible with parameter of type "unsigned char *"
src\usr_proc.c(256): warning:  #167-D: argument of type "char *" is incompatible with parameter of type "unsigned char *"
src\usr_proc.c(259): warning:  #167-D: argument of type "char *" is incompatible with parameter of type "unsigned char *"
src\usr_proc.c(183): warning:  #550-D: variable "mem_addr1" was set but never used
src\usr_proc.c(184): warning:  #550-D: variable "mem_addr2" was set but never used
src\usr_proc.c(350): warning:  #550-D: variable "mem_addr1" was set but never used
src\usr_proc.c(372): warning:  #223-D: function "printf" declared implicitly
Target not created
Build target 'Context Switching SIM'
compiling k_procs.c...
src\k_procs.c(33): warning:  #223-D: function "top" declared implicitly
src\k_procs.c(33): error:  #44: expression must have pointer type
src\k_procs.c(35): warning:  #223-D: function "top" declared implicitly
src\k_procs.c(35): error:  #44: expression must have pointer type
src\k_procs.c(40): warning:  #1-D: last line of file ends without a newline
compiling k_message.c...
src\k_timeout_queue.h(14): error:  #147-D: declaration is incompatible with "MSG_BUF *pop_msg(MAILBOX *)" (declared at line 13 of "src\k_mailbox.h")
src\k_timeout_queue.h(17): error:  #147-D: declaration is incompatible with "int is_empty(MAILBOX *)" (declared at line 15 of "src\k_mailbox.h")
src\k_message.c(62): error:  #167: argument of type "MAILBOX *" is incompatible with parameter of type "TIMEOUT_QUEUE *"
src\k_message.c(64): error:  #167: argument of type "MAILBOX *" is incompatible with parameter of type "TIMEOUT_QUEUE *"
src\k_message.c(69): error:  #167: argument of type "MAILBOX *" is incompatible with parameter of type "TIMEOUT_QUEUE *"
Target not created
Build target 'Context Switching SIM'
compiling k_procs.c...
src\k_procs.c(28): warning:  #223-D: function "insert_tq_msg" declared implicitly
src\k_procs.c(32): warning:  #223-D: function "is_tq_empty" declared implicitly
src\k_procs.c(33): warning:  #223-D: function "top_tq" declared implicitly
src\k_procs.c(33): error:  #44: expression must have pointer type
src\k_procs.c(35): warning:  #223-D: function "top_tq" declared implicitly
src\k_procs.c(35): error:  #44: expression must have pointer type
src\k_procs.c(36): warning:  #223-D: function "pop_tq_msg" declared implicitly
src\k_procs.c(36): error:  #513: a value of type "int" cannot be assigned to an entity of type "MSG_BUF *"
src\k_procs.c(40): warning:  #1-D: last line of file ends without a newline
compiling k_mailbox.c...
compiling k_message.c...
src\k_timeout_queue.h(14): error:  #147-D: declaration is incompatible with "MSG_BUF *pop_msg(MAILBOX *)" (declared at line 13 of "src\k_mailbox.h")
src\k_timeout_queue.h(17): error:  #147-D: declaration is incompatible with "int is_empty(MAILBOX *)" (declared at line 15 of "src\k_mailbox.h")
src\k_message.c(62): error:  #167: argument of type "MAILBOX *" is incompatible with parameter of type "TIMEOUT_QUEUE *"
src\k_message.c(64): error:  #167: argument of type "MAILBOX *" is incompatible with parameter of type "TIMEOUT_QUEUE *"
src\k_message.c(69): error:  #167: argument of type "MAILBOX *" is incompatible with parameter of type "TIMEOUT_QUEUE *"
compiling k_timeout_queue.c...
Target not created
Build target 'Context Switching SIM'
compiling k_procs.c...
src\k_procs.c(40): warning:  #1-D: last line of file ends without a newline
compiling k_message.c...
compiling k_timeout_queue.c...
src\k_timeout_queue.c(21): warning:  #223-D: function "is_empty" declared implicitly
linking...
Program Size: Code=8270 RO-data=250 RW-data=56 ZI-data=1232  
"context_switching.axf" - 0 Error(s), 2 Warning(s).
Build target 'Context Switching SIM'
compiling k_timeout_queue.c...
linking...
Program Size: Code=8262 RO-data=250 RW-data=56 ZI-data=1232  
"context_switching.axf" - 0 Error(s), 0 Warning(s).
