<html>
<body>
<pre>
<h1>µVision Build Log</h1>
<h2>Project:</h2>
N:\se350\HelloWorld\HelloWorld.uvproj
Project File Date:  01/22/2020

<h2>Output:</h2>
Build target 'Target 1'
assembling startup_LPC17xx.s...
compiling system_LPC17xx.c...
compiling uart_polling.c...
compiling main.c...
main.c(8): warning:  #1-D: last line of file ends without a newline
linking...
Program Size: Code=1140 RO-data=236 RW-data=4 ZI-data=612  
"HelloWorld.axf" - 0 Error(s), 1 Warning(s).
Load "N:\\se350\\HelloWorld\\HelloWorld.AXF" 
Erase Done.
Programming Done.
Verify OK.
Build target 'Target 1'
linking...
Program Size: Code=1140 RO-data=236 RW-data=4 ZI-data=612  
"HelloWorld.axf" - 0 Error(s), 0 Warning(s).
Load "N:\\se350\\HelloWorld\\HelloWorld.AXF" 
Erase Done.
Programming Done.
Verify OK.
Load "N:\\se350\\HelloWorld\\HelloWorld.AXF" 
Erase Done.
Programming Done.
Verify OK.
Rebuild target 'Target 1'
assembling startup_LPC17xx.s...
compiling system_LPC17xx.c...
compiling uart_polling.c...
compiling main.c...
linking...
Program Size: Code=1140 RO-data=236 RW-data=4 ZI-data=612  
"HelloWorld.axf" - 0 Error(s), 0 Warning(s).
Load "N:\\se350\\HelloWorld\\HelloWorld.AXF" 
Erase Done.
Programming Done.
Verify OK.
Load "N:\\se350\\HelloWorld\\HelloWorld.AXF" 
Erase Done.
Programming Done.
Verify OK.
